D/BoundBrokerSvc( 7127): onBind: Intent { act=com.google.android.gms.common.BIND_SHARED_PREFS pkg=com.google.android.gms }
D/BoundBrokerSvc( 7127): Loading bound service for intent: Intent { act=com.google.android.gms.common.BIND_SHARED_PREFS pkg=com.google.android.gms }
D/BoundBrokerSvc( 7127): onUnbind: Intent { act=com.google.android.gms.common.BIND_SHARED_PREFS pkg=com.google.android.gms }
W/dalvikvm( 7443): VFY: unable to find class referenced in signature (Landroid/net/Network;)
I/dalvikvm( 7127): Jit: resizing JitTable from 8192 to 16384
E/dalvikvm( 7443): Could not find class 'android.net.Network', referenced from method rni.c
W/dalvikvm( 7443): VFY: unable to resolve check-cast 4286 (Landroid/net/Network;) in Lrni;
D/dalvikvm( 7443): VFY: replacing opcode 0x1f at 0x007a
D/BoundBrokerSvc( 7127): onBind: Intent { act=com.google.android.gms.common.BIND_SHARED_PREFS pkg=com.google.android.gms }
D/BoundBrokerSvc( 7127): Loading bound service for intent: Intent { act=com.google.android.gms.common.BIND_SHARED_PREFS pkg=com.google.android.gms }
D/BoundBrokerSvc( 7127): onUnbind: Intent { act=com.google.android.gms.common.BIND_SHARED_PREFS pkg=com.google.android.gms }
D/BoundBrokerSvc( 7127): onBind: Intent { act=com.google.android.gms.common.BIND_SHARED_PREFS pkg=com.google.android.gms }
D/BoundBrokerSvc( 7127): Loading bound service for intent: Intent { act=com.google.android.gms.common.BIND_SHARED_PREFS pkg=com.google.android.gms }
I/dalvikvm( 7443): Could not find method android.app.admin.DevicePolicyManager.getAccountTypesWithManagementDisabled, referenced from method ofa.C
W/dalvikvm( 7443): VFY: unable to resolve virtual method 1959: Landroid/app/admin/DevicePolicyManager;.getAccountTypesWithManagementDisabled ()[Ljava/lang/String;
D/dalvikvm( 7443): VFY: replacing opcode 0x6e at 0x002b
I/dalvikvm( 7443): Could not find method android.os.UserManager.isManagedProfile, referenced from method ofa.y
W/dalvikvm( 7443): VFY: unable to resolve virtual method 3614: Landroid/os/UserManager;.isManagedProfile ()Z
D/dalvikvm( 7443): VFY: replacing opcode 0x6e at 0x0012
I/dalvikvm( 7443): Could not find method android.accounts.AccountManager.removeAccount, referenced from method zlp.s
W/dalvikvm( 7443): VFY: unable to resolve virtual method 13951: Landroid/accounts/AccountManager;.removeAccount (Landroid/accounts/Account;Landroid/app/Activity;Landroid/accounts/AccountManagerCallback;Landroid/os/Handler;)Landroid/accounts/AccountManagerFuture;
D/dalvikvm( 7443): VFY: replacing opcode 0x6e at 0x0009
I/dalvikvm( 7443): Could not find method android.accounts.AccountManager.removeAccountExplicitly, referenced from method zlp.t
W/dalvikvm( 7443): VFY: unable to resolve virtual method 13952: Landroid/accounts/AccountManager;.removeAccountExplicitly (Landroid/accounts/Account;)Z
D/dalvikvm( 7443): VFY: replacing opcode 0x6e at 0x0008
I/NearbyMessages( 7148): OfflineCache: old scanner cache is not enabled [CONTEXT service_id=62 ]
W/dalvikvm( 7443): VFY: unable to find class referenced in signature (Landroid/net/Network;)
W/dalvikvm( 7443): VFY: unable to find class referenced in signature (Landroid/net/Network;)
I/dalvikvm( 7443): Could not find method android.os.PowerManager.isInteractive, referenced from method ogx.d
W/dalvikvm( 7443): VFY: unable to resolve virtual method 3564: Landroid/os/PowerManager;.isInteractive ()Z
D/dalvikvm( 7443): VFY: replacing opcode 0x6e at 0x0006
D/BoundBrokerSvc( 7127): onUnbind: Intent { act=com.google.android.gms.common.BIND_SHARED_PREFS pkg=com.google.android.gms }
D/BoundBrokerSvc( 7127): onBind: Intent { act=com.google.android.gms.common.BIND_SHARED_PREFS pkg=com.google.android.gms }
D/BoundBrokerSvc( 7127): Loading bound service for intent: Intent { act=com.google.android.gms.common.BIND_SHARED_PREFS pkg=com.google.android.gms }
I/constellation( 7127): [periodic_consent_checker] periodic consent checker is disabled.
D/BoundBrokerSvc( 7127): onUnbind: Intent { act=com.google.android.gms.common.BIND_SHARED_PREFS pkg=com.google.android.gms }
I/ainh    ( 7127): Cancel all previously scheduled polling [CONTEXT service_id=51 ]
W/NearbyMessages( 7148): Runnable[unsubscribe] was delayed for 00:02.940 [CONTEXT service_id=62 ]
I/ChromeSync( 7127): [Sync,SyncAdapter] Successfully synced in 171 milliseconds with request: mlb{account=<hide PII>, eventType=100, waitForInitialization=false, notificationHint=null, zipitVersionInfo=null}.
I/ainh    ( 7127): Scheduling Phenotype for first execution 5532 seconds from now (1611515896787) [CONTEXT service_id=51 ]
E/dalvikvm( 7148): Could not find class 'android.app.usage.UsageStatsManager', referenced from method cuj.f
W/dalvikvm( 7148): VFY: unable to resolve check-cast 566 (Landroid/app/usage/UsageStatsManager;) in Lcuj;
D/dalvikvm( 7148): VFY: replacing opcode 0x1f at 0x0020
D/dalvikvm( 7148): DexOpt: unable to opt direct call 0x0839 at 0x30 in Lcuj;.f
I/dalvikvm( 7148): Could not find method android.os.PowerManager.isInteractive, referenced from method cul.c
W/dalvikvm( 7148): VFY: unable to resolve virtual method 3564: Landroid/os/PowerManager;.isInteractive ()Z
D/dalvikvm( 7148): VFY: replacing opcode 0x6e at 0x0010
I/dalvikvm( 7148): Could not find method android.os.PowerManager.isInteractive, referenced from method ctz.f
W/dalvikvm( 7148): VFY: unable to resolve virtual method 3564: Landroid/os/PowerManager;.isInteractive ()Z
D/dalvikvm( 7148): VFY: replacing opcode 0x6e at 0x0010
I/dalvikvm( 7148): Could not find method android.os.PowerManager.isInteractive, referenced from method csw.c
W/dalvikvm( 7148): VFY: unable to resolve virtual method 3564: Landroid/os/PowerManager;.isInteractive ()Z
D/dalvikvm( 7148): VFY: replacing opcode 0x6e at 0x007e
I/dalvikvm( 7148): Could not find method android.app.AlarmManager.getNextAlarmClock, referenced from method csw.x
W/dalvikvm( 7148): VFY: unable to resolve virtual method 1760: Landroid/app/AlarmManager;.getNextAlarmClock ()Landroid/app/AlarmManager$AlarmClockInfo;
D/dalvikvm( 7148): VFY: replacing opcode 0x6e at 0x0004
W/ProviderHelper( 7127): Unknown dynamite feature providerinstaller.dynamite
I/DynamiteModule( 7127): Considering local module com.google.android.gms.providerinstaller.dynamite:1 and remote module com.google.android.gms.providerinstaller.dynamite:0
I/DynamiteModule( 7127): Selected local version of com.google.android.gms.providerinstaller.dynamite
D/dalvikvm( 7443): Trying to load lib /data/data/com.google.android.gms/app_dg_cache/4BD813AD0BBD246A6159EDCCCE744BC51D144072/libd4A0E294A0018.so 0x426972b0
I/NearbySharing( 7127): Runtime state initialization complete. Sharing is disabled for reason FLAG_DISABLED. [CONTEXT service_id=194 ]
D/dalvikvm( 7443): Added shared lib /data/data/com.google.android.gms/app_dg_cache/4BD813AD0BBD246A6159EDCCCE744BC51D144072/libd4A0E294A0018.so 0x426972b0
I/Auth    ( 7127): [AuthManaged, AuthManagedModuleInitIntentOperation] enabling com.google.android.gms.auth.managed.ui.EmmActivity
I/Auth    ( 7127): [AuthManaged, AuthManagedModuleInitIntentOperation] enabling com.google.android.gms.auth.managed.ui.PhoneskyDpcInstallActivity
I/Auth    ( 7127): [AuthManaged, AuthManagedModuleInitIntentOperation] disabling com.google.android.gms.auth.managed.ui.SettingsSecurityDeviceOwnerActivity
I/dalvikvm( 7127): Could not find method android.app.admin.DevicePolicyManager.getProfileOwner, referenced from method com.google.android.gms.auth.managed.intentoperations.SetupWorkProfileSettingsIntentOperation.c
W/dalvikvm( 7127): VFY: unable to resolve virtual method 1964: Landroid/app/admin/DevicePolicyManager;.getProfileOwner ()Landroid/content/ComponentName;
D/dalvikvm( 7127): VFY: replacing opcode 0x6e at 0x0028
I/Auth    ( 7127): [AuthManaged, PasswordComplexityHelperImpl] Updating password complexity components state.
I/Auth    ( 7127): [AuthManaged, PasswordComplexityHelperImpl] Enabling com.google.android.gms.auth.managed.ui.SetNewPasswordActivity
D/StatusBar.NetworkController( 2415): updateConnectivity: intent=Intent { act=android.net.conn.INET_CONDITION_ACTION flg=0x4000010 (has extras) }
D/StatusBar.NetworkController( 2415): updateConnectivity: networkInfo=NetworkInfo: type: WIFI[], state: CONNECTED/CONNECTED, reason: (unspecified), extra: "TPLink-5G", roaming: false, failover: false, isAvailable: true, isConnectedToProvisioningNetwork: false
D/StatusBar.NetworkController( 2415): updateConnectivity: connectionStatus=100
I/dalvikvm( 7127): Could not find method android.system.Os.stat, referenced from method byk.a
W/dalvikvm( 7127): VFY: unable to resolve static method 4575: Landroid/system/Os;.stat (Ljava/lang/String;)Landroid/system/StructStat;
D/dalvikvm( 7127): VFY: replacing opcode 0x71 at 0x00c5
E/dalvikvm( 7148): Could not find class 'android.telephony.SubscriptionManager', referenced from method ansu.b
W/dalvikvm( 7148): VFY: unable to resolve check-cast 5217 (Landroid/telephony/SubscriptionManager;) in Lansu;
D/dalvikvm( 7148): VFY: replacing opcode 0x1f at 0x0016
I/dalvikvm( 7127): DexOpt: unable to optimize instance field ref 0x0800 at 0xc9 in Lbyk;.a
I/dalvikvm( 7127): DexOpt: unable to optimize static field ref 0x07fe at 0xcb in Lbyk;.a
I/Thunderbird( 7148): starting outgoing sms listener [CONTEXT service_id=226 ]
I/Icing   ( 7127): updateResources: need to parse xwn{com.google.android.gms}
E/ctxmgr  ( 7148): [FencePendingIntentCache]Expected to find a PendingIntent for pendingIntentKey=3a6e77c4-06fc-4d67-8aa3-e48d8ea9493b [CONTEXT service_id=47 ]
E/ctxmgr  ( 7148): [FencePendingIntentCache]Expected to find a PendingIntent for pendingIntentKey=3a6e77c4-06fc-4d67-8aa3-e48d8ea9493b [CONTEXT service_id=47 ]
E/ctxmgr  ( 7148): [FencePendingIntentCache]Expected to find a PendingIntent for pendingIntentKey=3a6e77c4-06fc-4d67-8aa3-e48d8ea9493b [CONTEXT service_id=47 ]
E/ctxmgr  ( 7148): [FencePendingIntentCache]Expected to find a PendingIntent for pendingIntentKey=3a6e77c4-06fc-4d67-8aa3-e48d8ea9493b [CONTEXT service_id=47 ]
E/ctxmgr  ( 7148): [FencePendingIntentCache]Expected to find a PendingIntent for pendingIntentKey=3a6e77c4-06fc-4d67-8aa3-e48d8ea9493b [CONTEXT service_id=47 ]
W/ctxmgr  ( 7148): [FencePendingIntentCache]Sending CONTEXT_MANAGER_RESTARTED broadcast to com.google.android.apps.wellbeing [CONTEXT service_id=47 ]
D/BoundBrokerSvc( 7148): onBind: Intent { act=com.google.android.gms.udc.service.START cmp=com.google.android.gms/.chimera.PersistentApiService }
D/BoundBrokerSvc( 7148): Loading bound service for intent: Intent { act=com.google.android.gms.udc.service.START cmp=com.google.android.gms/.chimera.PersistentApiService }
D/libEGL  ( 7443): loaded /system/lib/egl/libEGL_mali.so
D/libEGL  ( 7443): loaded /system/lib/egl/libGLESv1_CM_mali.so
D/libEGL  ( 7443): loaded /system/lib/egl/libGLESv2_mali.so
E/        ( 7443): Device driver API match
E/        ( 7443): Device driver API version: 23
E/        ( 7443): User space API version: 23 
E/        ( 7443): mali: REVISION=Linux-r3p2-01rel3 BUILD_DATE=Fri Mar 21 13:52:50 KST 2014 
E/        ( 7443): Device driver API match
E/        ( 7443): Device driver API version: 23
E/        ( 7443): User space API version: 23 
E/        ( 7443): mali: REVISION=Linux-r3p2-01rel3 BUILD_DATE=Fri Mar 21 13:52:50 KST 2014 
I/SmsRetrieverModuleInitI( 7127): enable sms code browser feature components
E/        ( 7443): Device driver API match
E/        ( 7443): Device driver API version: 23
E/        ( 7443): User space API version: 23 
E/        ( 7443): mali: REVISION=Linux-r3p2-01rel3 BUILD_DATE=Fri Mar 21 13:52:50 KST 2014 
W/ProviderHelper( 7127): Unknown dynamite feature providerinstaller.dynamite
I/DynamiteModule( 7127): Considering local module com.google.android.gms.providerinstaller.dynamite:1 and remote module com.google.android.gms.providerinstaller.dynamite:0
I/DynamiteModule( 7127): Selected local version of com.google.android.gms.providerinstaller.dynamite
D/BoundBrokerSvc( 7127): onBind: Intent { act=com.google.android.gms.common.BIND_SHARED_PREFS pkg=com.google.android.gms }
D/BoundBrokerSvc( 7127): Loading bound service for intent: Intent { act=com.google.android.gms.common.BIND_SHARED_PREFS pkg=com.google.android.gms }
I/dalvikvm( 7127): Could not find method android.os.UserManager.getUserProfiles, referenced from method aknr.m
W/dalvikvm( 7127): VFY: unable to resolve virtual method 18624: Landroid/os/UserManager;.getUserProfiles ()Ljava/util/List;
D/dalvikvm( 7127): VFY: replacing opcode 0x6e at 0x0040
D/BoundBrokerSvc( 7127): onUnbind: Intent { act=com.google.android.gms.common.BIND_SHARED_PREFS pkg=com.google.android.gms }
D/dalvikvm( 7127): DexOpt: --- BEGIN 'CronetDynamite.apk' (bootstrap=0) ---
I/Checkin ( 7127): [CheckinOperation] Starting Checkin: Default Task Reason : 1 Force : false UserId : 0 Start time : 849589
I/dalvikvm( 7148): Could not find method android.os.UserHandle.isOwner, referenced from method ania.a
W/dalvikvm( 7148): VFY: unable to resolve virtual method 18618: Landroid/os/UserHandle;.isOwner ()Z
D/dalvikvm( 7148): VFY: replacing opcode 0x6e at 0x000a
I/dalvikvm( 7148): Could not find method android.os.UserManager.getUserProfiles, referenced from method anfl.i
W/dalvikvm( 7148): VFY: unable to resolve virtual method 18624: Landroid/os/UserManager;.getUserProfiles ()Ljava/util/List;
D/dalvikvm( 7148): VFY: replacing opcode 0x6e at 0x0063
E/ModuleIdSetter( 7148): exception when setting module id
E/ModuleIdSetter( 7148): java.lang.IllegalStateException: Unable to get current module info in ModuleManager created with non-module Context
E/ModuleIdSetter( 7148): 	at com.google.android.chimera.config.ModuleManager.getCurrentModule(:com.google.android.gms@204714003@20.47.14 (000306-349456378):2)
E/ModuleIdSetter( 7148): 	at aabi.a(:com.google.android.gms@204714003@20.47.14 (000306-349456378):4)
E/ModuleIdSetter( 7148): 	at aabl.Y(:com.google.android.gms@204714003@20.47.14 (000306-349456378):1)
E/ModuleIdSetter( 7148): 	at zxy.a(Unknown Source)
E/ModuleIdSetter( 7148): 	at ndo.a(:com.google.android.gms@204714003@20.47.14 (000306-349456378):0)
E/ModuleIdSetter( 7148): 	at mzs.f(:com.google.android.gms@204714003@20.47.14 (000306-349456378):1)
E/ModuleIdSetter( 7148): 	at mzq.e(:com.google.android.gms@204714003@20.47.14 (000306-349456378):1)
E/ModuleIdSetter( 7148): 	at nck.p(:com.google.android.gms@204714003@20.47.14 (000306-349456378):2)
E/ModuleIdSetter( 7148): 	at nck.v(:com.google.android.gms@204714003@20.47.14 (000306-349456378):3)
E/ModuleIdSetter( 7148): 	at nck.e(:com.google.android.gms@204714003@20.47.14 (000306-349456378):2)
E/ModuleIdSetter( 7148): 	at nco.handleMessage(:com.google.android.gms@204714003@20.47.14 (000306-349456378):70)
E/ModuleIdSetter( 7148): 	at android.os.Handler.dispatchMessage(Handler.java:98)
E/ModuleIdSetter( 7148): 	at zqw.hZ(:com.google.android.gms@204714003@20.47.14 (000306-349456378):0)
E/ModuleIdSetter( 7148): 	at zqw.dispatchMessage(:com.google.android.gms@204714003@20.47.14 (000306-349456378):11)
E/ModuleIdSetter( 7148): 	at android.os.Looper.loop(Looper.java:136)
E/ModuleIdSetter( 7148): 	at android.os.HandlerThread.run(HandlerThread.java:61)
D/BoundBrokerSvc( 7127): onBind: Intent { act=com.google.android.gms.common.BIND_SHARED_PREFS pkg=com.google.android.gms }
D/BoundBrokerSvc( 7127): Loading bound service for intent: Intent { act=com.google.android.gms.common.BIND_SHARED_PREFS pkg=com.google.android.gms }
W/MS_MessagingService( 7127): userID not defined in intent
D/BoundBrokerSvc( 7127): onUnbind: Intent { act=com.google.android.gms.common.BIND_SHARED_PREFS pkg=com.google.android.gms }
W/GCoreFlp( 7148): No location to return for getLastLocation()
W/GCoreFlp( 7148): No location to return for getLastLocation()
D/BoundBrokerSvc( 7127): onBind: Intent { act=com.google.android.gms.common.BIND_SHARED_PREFS pkg=com.google.android.gms }
D/BoundBrokerSvc( 7127): Loading bound service for intent: Intent { act=com.google.android.gms.common.BIND_SHARED_PREFS pkg=com.google.android.gms }
I/CheckinUtil( 7127): Classify the device as Phone. [CONTEXT service_id=130 ]
D/BoundBrokerSvc( 7127): onUnbind: Intent { act=com.google.android.gms.common.BIND_SHARED_PREFS pkg=com.google.android.gms }
D/BoundBrokerSvc( 7127): onBind: Intent { act=com.google.android.gms.common.BIND_SHARED_PREFS pkg=com.google.android.gms }
D/BoundBrokerSvc( 7127): Loading bound service for intent: Intent { act=com.google.android.gms.common.BIND_SHARED_PREFS pkg=com.google.android.gms }
I/ChromeSync( 7127): [Sync,SyncIntentOperation] Handling the intent: Intent { act=com.google.android.chimera.IntentOperation.NEW_MODULE (has extras) }.
D/BoundBrokerSvc( 7127): onUnbind: Intent { act=com.google.android.gms.common.BIND_SHARED_PREFS pkg=com.google.android.gms }
D/BoundBrokerSvc( 7127): onBind: Intent { act=com.google.android.gms.common.BIND_SHARED_PREFS pkg=com.google.android.gms }
D/BoundBrokerSvc( 7127): Loading bound service for intent: Intent { act=com.google.android.gms.common.BIND_SHARED_PREFS pkg=com.google.android.gms }
D/BoundBrokerSvc( 7127): onUnbind: Intent { act=com.google.android.gms.common.BIND_SHARED_PREFS pkg=com.google.android.gms }
D/BoundBrokerSvc( 7127): onBind: Intent { act=com.google.android.gms.common.BIND_SHARED_PREFS pkg=com.google.android.gms }
D/BoundBrokerSvc( 7127): Loading bound service for intent: Intent { act=com.google.android.gms.common.BIND_SHARED_PREFS pkg=com.google.android.gms }
D/BoundBrokerSvc( 7127): onUnbind: Intent { act=com.google.android.gms.common.BIND_SHARED_PREFS pkg=com.google.android.gms }
D/BoundBrokerSvc( 7127): onBind: Intent { act=com.google.android.gms.common.BIND_SHARED_PREFS pkg=com.google.android.gms }
D/BoundBrokerSvc( 7127): Loading bound service for intent: Intent { act=com.google.android.gms.common.BIND_SHARED_PREFS pkg=com.google.android.gms }
D/dalvikvm( 7521): DexOpt: couldn't find static field Landroid/os/Build;.SUPPORTED_ABIS
D/BoundBrokerSvc( 7127): onUnbind: Intent { act=com.google.android.gms.common.BIND_SHARED_PREFS pkg=com.google.android.gms }
I/AutofillModuleInitInten( 7127): AutofillModuleInitIntentOperation onInitRuntimeState(12) [CONTEXT service_id=177 ]
D/dalvikvm( 7521): DexOpt: load 52ms, verify+opt 390ms, 478964 bytes
D/dalvikvm( 7127): DexOpt: --- END 'CronetDynamite.apk' (success) ---
D/dalvikvm( 7127): DEX prep '/data/data/com.google.android.gms/app_chimera/m/00000127/CronetDynamite.apk': unzip in 34ms, rewrite 951ms
W/ProviderHelper( 7127): Unknown dynamite feature providerinstaller.dynamite
I/DynamiteModule( 7127): Considering local module com.google.android.gms.providerinstaller.dynamite:1 and remote module com.google.android.gms.providerinstaller.dynamite:0
I/DynamiteModule( 7127): Selected local version of com.google.android.gms.providerinstaller.dynamite
E/PhenotypeRegOp( 7127): Attempting to overwrite config package for com.google.android.gms.games [CONTEXT service_id=231 ]
E/PhenotypeRegOp( 7127): Attempting to overwrite config package for com.google.android.gms.cast [CONTEXT service_id=231 ]
E/PhenotypeRegOp( 7127): Attempting to overwrite config package for com.google.android.gms.mobile_data_plan [CONTEXT service_id=231 ]
E/PhenotypeRegOp( 7127): Attempting to overwrite config package for com.google.android.gms.nearby [CONTEXT service_id=231 ]
E/PhenotypeRegOp( 7127): Attempting to overwrite config package for com.google.android.gms.signin [CONTEXT service_id=231 ]
E/PhenotypeRegOp( 7127): Attempting to overwrite config package for com.google.android.gms.udc [CONTEXT service_id=231 ]
E/dalvikvm( 7127): Could not find class 'android.telephony.SubscriptionManager', referenced from method lwq.k
W/dalvikvm( 7127): VFY: unable to resolve check-cast 1078 (Landroid/telephony/SubscriptionManager;) in Llwq;
D/dalvikvm( 7127): VFY: replacing opcode 0x1f at 0x001f
I/Checkin ( 7127): [AndroidCheckinProtoModule] Checkin reason type: 1 attempt count: 1.
I/dalvikvm( 7127): Failed resolving Locu; interface 806 'Landroid/net/ConnectivityManager$OnNetworkActiveListener;'
W/dalvikvm( 7127): Link of class 'Locu;' failed
I/dalvikvm( 7127): Could not find method ocu.a, referenced from method com.google.android.gms.common.stats.GmsCoreStatsChimeraService.onCreate
W/dalvikvm( 7127): VFY: unable to resolve static method 54734: Locu;.a ()Locu;
D/dalvikvm( 7127): VFY: replacing opcode 0x71 at 0x0009
I/dalvikvm( 7165): Could not find method android.accounts.AccountManager.renameAccount, referenced from method ffg.b
W/dalvikvm( 7165): VFY: unable to resolve virtual method 1405: Landroid/accounts/AccountManager;.renameAccount (Landroid/accounts/Account;Ljava/lang/String;Landroid/accounts/AccountManagerCallback;Landroid/os/Handler;)Landroid/accounts/AccountManagerFuture;
D/dalvikvm( 7165): VFY: replacing opcode 0x6e at 0x004c
I/dalvikvm( 7127): Failed resolving Locu; interface 806 'Landroid/net/ConnectivityManager$OnNetworkActiveListener;'
W/dalvikvm( 7127): Link of class 'Locu;' failed
I/dalvikvm( 7127): Could not find method ocu.a, referenced from method com.google.android.gms.common.stats.GmsCoreStatsChimeraService.onDestroy
W/dalvikvm( 7127): VFY: unable to resolve static method 54734: Locu;.a ()Locu;
D/dalvikvm( 7127): VFY: replacing opcode 0x71 at 0x0009
D/dalvikvm( 7127): DexOpt: --- BEGIN 'DynamiteLoader.apk' (bootstrap=0) ---
D/BoundBrokerSvc( 7127): onBind: Intent { act=com.google.android.gms.common.BIND_SHARED_PREFS pkg=com.google.android.gms }
D/BoundBrokerSvc( 7127): Loading bound service for intent: Intent { act=com.google.android.gms.common.BIND_SHARED_PREFS pkg=com.google.android.gms }
D/BoundBrokerSvc( 7127): onUnbind: Intent { act=com.google.android.gms.common.BIND_SHARED_PREFS pkg=com.google.android.gms }
D/dalvikvm( 7538): DexOpt: couldn't find static field Landroid/os/Build;.SUPPORTED_64_BIT_ABIS
D/dalvikvm( 7538): DexOpt: couldn't find static field Landroid/os/Build;.SUPPORTED_64_BIT_ABIS
I/dalvikvm( 7148): Failed resolving Locu; interface 806 'Landroid/net/ConnectivityManager$OnNetworkActiveListener;'
W/dalvikvm( 7148): Link of class 'Locu;' failed
I/dalvikvm( 7148): Could not find method ocu.a, referenced from method com.google.android.gms.common.stats.GmsCoreStatsChimeraService.onCreate
W/dalvikvm( 7148): VFY: unable to resolve static method 54734: Locu;.a ()Locu;
D/dalvikvm( 7148): VFY: replacing opcode 0x71 at 0x0009
I/dalvikvm( 7148): Failed resolving Locu; interface 806 'Landroid/net/ConnectivityManager$OnNetworkActiveListener;'
W/dalvikvm( 7148): Link of class 'Locu;' failed
I/dalvikvm( 7148): Could not find method ocu.a, referenced from method com.google.android.gms.common.stats.GmsCoreStatsChimeraService.onDestroy
W/dalvikvm( 7148): VFY: unable to resolve static method 54734: Locu;.a ()Locu;
D/dalvikvm( 7148): VFY: replacing opcode 0x71 at 0x0009
I/LT_StubFactory( 7127): tachyonHostName = instantmessaging-pa.googleapis.com and tachyonPortNumber = 443
I/dalvikvm( 7165): Could not find method android.app.admin.DevicePolicyManager.getProfileOwner, referenced from method fgx.f
W/dalvikvm( 7165): VFY: unable to resolve virtual method 1964: Landroid/app/admin/DevicePolicyManager;.getProfileOwner ()Landroid/content/ComponentName;
D/dalvikvm( 7165): VFY: replacing opcode 0x6e at 0x00a0
E/AuthPII ( 7165): [GoogleAccountDataServiceImpl] getToken() -> BAD_AUTHENTICATION. Account: Account {name=@@ContextManagerNullAccount@@, type=com.google}, App: com.google.android.gms, Service: ^^_account_id_^^
E/AuthPII ( 7165): ngm: Long live credential not available.
E/AuthPII ( 7165): 	at fia.a(:com.google.android.gms@204714003@20.47.14 (000306-349456378):12)
E/AuthPII ( 7165): 	at fid.d(:com.google.android.gms@204714003@20.47.14 (000306-349456378):1)
E/AuthPII ( 7165): 	at fgp.k(:com.google.android.gms@204714003@20.47.14 (000306-349456378):39)
E/AuthPII ( 7165): 	at bvz.j(:com.google.android.gms@204714003@20.47.14 (000306-349456378):34)
E/AuthPII ( 7165): 	at bvz.l(:com.google.android.gms@204714003@20.47.14 (000306-349456378):4)
E/AuthPII ( 7165): 	at bvz.g(:com.google.android.gms@204714003@20.47.14 (000306-349456378):64)
E/AuthPII ( 7165): 	at bvz.en(:com.google.android.gms@204714003@20.47.14 (000306-349456378):7)
E/AuthPII ( 7165): 	at bue.onTransact(:com.google.android.gms@204714003@20.47.14 (000306-349456378):5)
E/AuthPII ( 7165): 	at android.os.Binder.transact(Binder.java:361)
E/AuthPII ( 7165): 	at bxx.onTransact(:com.google.android.gms@204714003@20.47.14 (000306-349456378):2)
E/AuthPII ( 7165): 	at android.os.Binder.transact(Binder.java:361)
E/AuthPII ( 7165): 	at vtj.onTransact(:com.google.android.gms@204714003@20.47.14 (000306-349456378):17)
E/AuthPII ( 7165): 	at android.os.Binder.execTransact(Binder.java:404)
E/AuthPII ( 7165): 	at dalvik.system.NativeStart.run(Native Method)
E/AuthPII ( 7165): Message is Long live credential not available.
E/AuthPII ( 7165): ngm: Long live credential not available.
E/AuthPII ( 7165): 	at fia.a(:com.google.android.gms@204714003@20.47.14 (000306-349456378):12)
E/AuthPII ( 7165): 	at fid.d(:com.google.android.gms@204714003@20.47.14 (000306-349456378):1)
E/AuthPII ( 7165): 	at fgp.k(:com.google.android.gms@204714003@20.47.14 (000306-349456378):39)
E/AuthPII ( 7165): 	at bvz.j(:com.google.android.gms@204714003@20.47.14 (000306-349456378):34)
E/AuthPII ( 7165): 	at bvz.l(:com.google.android.gms@204714003@20.47.14 (000306-349456378):4)
E/AuthPII ( 7165): 	at bvz.g(:com.google.android.gms@204714003@20.47.14 (000306-349456378):64)
E/AuthPII ( 7165): 	at bvz.en(:com.google.android.gms@204714003@20.47.14 (000306-349456378):7)
E/AuthPII ( 7165): 	at bue.onTransact(:com.google.android.gms@204714003@20.47.14 (000306-349456378):5)
E/AuthPII ( 7165): 	at android.os.Binder.transact(Binder.java:361)
E/AuthPII ( 7165): 	at bxx.onTransact(:com.google.android.gms@204714003@20.47.14 (000306-349456378):2)
E/AuthPII ( 7165): 	at android.os.Binder.transact(Binder.java:361)
E/AuthPII ( 7165): 	at vtj.onTransact(:com.google.android.gms@204714003@20.47.14 (000306-349456378):17)
E/AuthPII ( 7165): 	at android.os.Binder.execTransact(Binder.java:404)
E/AuthPII ( 7165): 	at dalvik.system.NativeStart.run(Native Method)
I/ChromeSync( 7127): [Sync,SyncAdapter] Successfully synced in 125 milliseconds with request: mlb{account=<hide PII>, eventType=100, waitForInitialization=false, notificationHint=null, zipitVersionInfo=null}.
I/Fido    ( 7127): [FidoInitIntentOperation] Initializing Fido module, InitRuntimeState=12
W/GetToken( 7165): [GetToken]Failed to get account ID
D/dalvikvm( 7538): DexOpt: load 13ms, verify+opt 187ms, 411036 bytes
W/Auth    ( 7148): [GoogleAuthUtil] GoogleAuthUtil
E/aobl    ( 7148): Exception occurred while getting SettingsStore instance.
E/aobl    ( 7148): java.util.concurrent.ExecutionException: com.google.android.gms.auth.UserRecoverableAuthException: BadAuthentication
E/aobl    ( 7148): 	at java.util.concurrent.FutureTask.report(FutureTask.java:93)
E/aobl    ( 7148): 	at java.util.concurrent.FutureTask.get(FutureTask.java:177)
E/aobl    ( 7148): 	at aobl.c(:com.google.android.gms@204714003@20.47.14 (000306-349456378):3)
E/aobl    ( 7148): 	at aobl.a(:com.google.android.gms@204714003@20.47.14 (000306-349456378):1)
E/aobl    ( 7148): 	at anwv.a(:com.google.android.gms@204714003@20.47.14 (000306-349456378):5)
E/aobl    ( 7148): 	at anwv.fE(:com.google.android.gms@204714003@20.47.14 (000306-349456378):12)
E/aobl    ( 7148): 	at vqg.run(:com.google.android.gms@204714003@20.47.14 (000306-349456378):9)
E/aobl    ( 7148): 	at bemo.run(:com.google.android.gms@204714003@20.47.14 (000306-349456378):2)
E/aobl    ( 7148): 	at oed.c(:com.google.android.gms@204714003@20.47.14 (000306-349456378):6)
E/aobl    ( 7148): 	at oed.run(:com.google.android.gms@204714003@20.47.14 (000306-349456378):7)
E/aobl    ( 7148): 	at java.util.concurrent.ThreadPoolExecutor.runWorker(ThreadPoolExecutor.java:1112)
E/aobl    ( 7148): 	at java.util.concurrent.ThreadPoolExecutor$Worker.run(ThreadPoolExecutor.java:587)
E/aobl    ( 7148): 	at ojr.run(:com.google.android.gms@204714003@20.47.14 (000306-349456378):0)
E/aobl    ( 7148): 	at java.lang.Thread.run(Thread.java:841)
E/aobl    ( 7148): Caused by: com.google.android.gms.auth.UserRecoverableAuthException: BadAuthentication
E/aobl    ( 7148): 	at fdf.s(:com.google.android.gms@204714003@20.47.14 (000306-349456378):3)
E/aobl    ( 7148): 	at fda.a(:com.google.android.gms@204714003@20.47.14 (000306-349456378):0)
E/aobl    ( 7148): 	at fdf.y(:com.google.android.gms@204714003@20.47.14 (000306-349456378):4)
E/aobl    ( 7148): 	at fdf.q(:com.google.android.gms@204714003@20.47.14 (000306-349456378):15)
E/aobl    ( 7148): 	at fdf.p(:com.google.android.gms@204714003@20.47.14 (000306-349456378):0)
E/aobl    ( 7148): 	at fdf.n(:com.google.android.gms@204714003@20.47.14 (000306-349456378):0)
E/aobl    ( 7148): 	at fdf.x(:com.google.android.gms@204714003@20.47.14 (000306-349456378):0)
E/aobl    ( 7148): 	at aoby.call(Unknown Source)
E/aobl    ( 7148): 	at java.util.concurrent.FutureTask.run(FutureTask.java:237)
E/aobl    ( 7148): 	... 6 more
D/LT_OkHttpChannelBuilder( 7127): Using Spatula header keyless authentication.
D/BoundBrokerSvc( 7127): onBind: Intent { act=com.google.android.gms.auth.service.START pkg=com.google.android.gms }
D/BoundBrokerSvc( 7127): Loading bound service for intent: Intent { act=com.google.android.gms.auth.service.START pkg=com.google.android.gms }
E/dalvikvm( 7127): Could not find class 'android.security.keystore.KeyGenParameterSpec$Builder', referenced from method sof.a
W/dalvikvm( 7127): VFY: unable to resolve new-instance 4404 (Landroid/security/keystore/KeyGenParameterSpec$Builder;) in Lsof;
D/dalvikvm( 7127): VFY: replacing opcode 0x22 at 0x0034
D/dalvikvm( 7127): DexOpt: unable to opt direct call 0x3c43 at 0x37 in Lsof;.a
E/dalvikvm( 7127): Could not find class 'android.security.keystore.KeyGenParameterSpec$Builder', referenced from method sra.a
W/dalvikvm( 7127): VFY: unable to resolve new-instance 4404 (Landroid/security/keystore/KeyGenParameterSpec$Builder;) in Lsra;
D/dalvikvm( 7127): VFY: replacing opcode 0x22 at 0x0008
D/dalvikvm( 7127): DexOpt: unable to opt direct call 0x3c43 at 0x0f in Lsra;.a
I/FA-SVC  ( 7127): App measurement initialized, version: 204714
D/dalvikvm( 7127): DexOpt: --- END 'DynamiteLoader.apk' (success) ---
D/dalvikvm( 7127): DEX prep '/data/data/com.google.android.gms/app_chimera/m/00000128/DynamiteLoader.apk': unzip in 5ms, rewrite 567ms
I/GCoreUlr( 7148): WorldUpdater received intent Intent { act=com.google.android.location.reporting.ACTION_UPDATE_WORLD cmp=com.google.android.gms/com.google.android.location.reporting.service.DispatchingService (has extras) } with receiverAction init
W/ProviderHelper( 7127): Unknown dynamite feature providerinstaller.dynamite
I/DynamiteModule( 7127): Considering local module com.google.android.gms.providerinstaller.dynamite:1 and remote module com.google.android.gms.providerinstaller.dynamite:0
I/DynamiteModule( 7127): Selected local version of com.google.android.gms.providerinstaller.dynamite
D/LT_LitBstrpCntrl( 7127): Initializing BootstrapController Instance
E/GmsClient( 7127): unable to connect to service: com.google.android.gms.auth.key.retrieval.service.START on com.google.android.gms
I/GCM     ( 7127): Message from null
E/GCM     ( 7127): Dropping message to GMS from null as no component is set
D/BoundBrokerSvc( 7127): onBind: Intent { act=com.google.android.gms.auth.cryptauth.cryptauthservice.START cmp=com.google.android.gms/.chimera.GmsBoundBrokerService }
D/BoundBrokerSvc( 7127): Loading bound service for intent: Intent { act=com.google.android.gms.auth.cryptauth.cryptauthservice.START cmp=com.google.android.gms/.chimera.GmsBoundBrokerService }
D/LT_ClntIntrcptrFctryV12( 7127): Spatula header: CjYKFmNvbS5nb29nbGUuYW5kcm9pZC5nbXMaHE9KR0tSVDBIR1pOVStMR2E4RjdHVml6dFY0Zz0SIIRZm4L9gqE3HcB2uw1tCMWuFe9c4TI0AIF8Ee2lJNBdGNPL1MnT+ZLRMyDBmuKP/vGSsogBKgA=
D/dalvikvm( 7127): DexOpt: --- BEGIN 'DynamiteModulesA.apk' (bootstrap=0) ---
I/GCoreUlr( 7148): WorldUpdater:init: Ensuring that reporting is active for [account#-15#]
I/GCoreUlr( 7148): Registered for wifi state change updates
D/BoundBrokerSvc( 7148): onBind: Intent { act=com.google.android.gms.pseudonymous.service.START cmp=com.google.android.gms/.chimera.PersistentApiService }
D/BoundBrokerSvc( 7148): Loading bound service for intent: Intent { act=com.google.android.gms.pseudonymous.service.START cmp=com.google.android.gms/.chimera.PersistentApiService }
I/GCoreUlr( 7148): GMS FLP location updates requested: # bobq@81fdc6de
I/LT_PhenotypeApiImplV12( 7127): Retrieve experiment configurations for: lucianotrindadepereira@gmail.com
W/GCoreFlp( 7148): No location to return for getLastLocation()
W/GCoreFlp( 7148): No location to return for getLastLocation()
I/GCoreUlr( 7148): GMS AR updates requested: UlrSampleSpec{mSamplePeriodMs=2160000, mSampleMinMillis=15000, mActivitySampleMillis=240000, mMaxWaitTimeMillis=2160000, mSourcePackage=10016:com.google.android.gms}
D/LT_DatabaseUriMonitor( 7127): delivering: content://com.google.android.libraries.messaging.lighter.internal.data/notifications/REGISTRATION/1/NOTIFICATION_PATH
I/Icing   ( 7127): Internal init done: storage state 0
W/ProviderHelper( 7127): Unknown dynamite feature providerinstaller.dynamite
I/DynamiteModule( 7127): Considering local module com.google.android.gms.providerinstaller.dynamite:1 and remote module com.google.android.gms.providerinstaller.dynamite:0
I/DynamiteModule( 7127): Selected local version of com.google.android.gms.providerinstaller.dynamite
D/LT_DatabaseUriMonitor( 7127): delivering: content://com.google.android.libraries.messaging.lighter.internal.data/conversations/REGISTRATION/1/CONVERSATION_LIST_PATH
W/Conscrypt( 7127): Could not set socket write timeout: java.net.SocketException: Socket closed
W/Conscrypt( 7127): 	at com.google.android.gms.org.conscrypt.Platform.setSocketWriteTimeout(:com.google.android.gms@204714003@20.47.14 (000306-349456378):2)
W/Conscrypt( 7127): 	at com.google.android.gms.org.conscrypt.ConscryptFileDescriptorSocket.setSoWriteTimeout(:com.google.android.gms@204714003@20.47.14 (000306-349456378):0)
I/Icing   ( 7127): IndexChimeraService.getServiceInterface callingPackage=com.google.android.gms componentName=null serviceId=30
D/dalvikvm( 7547): DexOpt: load 77ms, verify+opt 480ms, 833516 bytes
I/GCoreUlr( 7148): Not uploading first location since start (in case we're in restart loop)
D/dalvikvm( 7127): DexOpt: --- END 'DynamiteModulesA.apk' (success) ---
D/dalvikvm( 7127): DEX prep '/data/data/com.google.android.gms/app_chimera/m/00000129/DynamiteModulesA.apk': unzip in 62ms, rewrite 798ms
W/Conscrypt( 7127): Could not set socket write timeout: java.net.SocketException: Socket closed
W/Conscrypt( 7127): 	at com.google.android.gms.org.conscrypt.Platform.setSocketWriteTimeout(:com.google.android.gms@204714003@20.47.14 (000306-349456378):2)
W/Conscrypt( 7127): 	at com.google.android.gms.org.conscrypt.ConscryptFileDescriptorSocket.setSoWriteTimeout(:com.google.android.gms@204714003@20.47.14 (000306-349456378):0)
I/Icing   ( 7127): Post-init done
W/ProviderHelper( 7127): Unknown dynamite feature providerinstaller.dynamite
I/DynamiteModule( 7127): Considering local module com.google.android.gms.providerinstaller.dynamite:1 and remote module com.google.android.gms.providerinstaller.dynamite:0
I/DynamiteModule( 7127): Selected local version of com.google.android.gms.providerinstaller.dynamite
E/FA-SVC  ( 7127): Error writing to channel. Bytes written: 8
I/Checkin ( 7127): [CheckinRequestProcessor] updateCheckinIdTokenFileFromResponse, Reading existing AID
I/Checkin ( 7127): [CheckinRequestProcessor] Default Task : Checkin Succeeded: https://android.googleapis.com/checkin (fragment #1).
W/PhenotypeFlagCommitter( 7148): Committing snapshot for com.google.android.gms.lockbox failed, retrying
W/PhenotypeFlagCommitter( 7148): java.util.concurrent.TimeoutException: Timed out waiting for Task
W/PhenotypeFlagCommitter( 7148): 	at annr.f(:com.google.android.gms@204714003@20.47.14 (000306-349456378):7)
W/PhenotypeFlagCommitter( 7148): 	at aijj.h(:com.google.android.gms@204714003@20.47.14 (000306-349456378):5)
W/PhenotypeFlagCommitter( 7148): 	at aijj.d(:com.google.android.gms@204714003@20.47.14 (000306-349456378):0)
W/PhenotypeFlagCommitter( 7148): 	at com.google.android.gms.lockbox.LockboxChimeraService.a(:com.google.android.gms@204714003@20.47.14 (000306-349456378):6)
W/PhenotypeFlagCommitter( 7148): 	at com.google.android.gms.framework.tracing.wrapper.TracingIntentService.onHandleIntent(:com.google.android.gms@204714003@20.47.14 (000306-349456378):1)
W/PhenotypeFlagCommitter( 7148): 	at bwp.handleMessage(:com.google.android.gms@204714003@20.47.14 (000306-349456378):0)
W/PhenotypeFlagCommitter( 7148): 	at android.os.Handler.dispatchMessage(Handler.java:102)
W/PhenotypeFlagCommitter( 7148): 	at android.os.Looper.loop(Looper.java:136)
W/PhenotypeFlagCommitter( 7148): 	at android.os.HandlerThread.run(HandlerThread.java:61)
D/BoundBrokerSvc( 7127): onUnbind: Intent { act=com.google.android.gms.safetynet.service.START pkg=com.google.android.gms }
I/dalvikvm( 7127): Could not find method android.os.PowerManager.isPowerSaveMode, referenced from method yts.a
W/dalvikvm( 7127): VFY: unable to resolve virtual method 15348: Landroid/os/PowerManager;.isPowerSaveMode ()Z
D/dalvikvm( 7127): VFY: replacing opcode 0x6e at 0x00d8
D/dalvikvm( 7127): DexOpt: --- BEGIN 'DynamiteModulesC.apk' (bootstrap=0) ---
I/Checkin ( 7127): [CheckinOperation] Checkin Operation finished with result: 0 finish time: 854249.
I/ainh    ( 7148): Scheduling Phenotype for a PhenotypeSyncImmediately(8, com.google.android.gms) one off with window [1, 2] in seconds [CONTEXT service_id=51 ]
I/GmsCoreXrpcWrapper( 7127): Returning a channel provider with trafficStatsTag=12803
I/ainh    ( 7148): Scheduling Phenotype for a PhenotypeSyncImmediately(7, com.google.lighter.android#com.google.android.gms) one off with window [1, 2] in seconds [CONTEXT service_id=51 ]
I/LT_PhenotypeApiImplV12( 7127): Phenotype registration succeeded
E/PhenotypeFlagCommitter( 7127): Retrieving snapshot for com.google.lighter.android#com.google.android.gms failed
E/PhenotypeFlagCommitter( 7127): java.util.concurrent.TimeoutException: Timed out waiting for Task
E/PhenotypeFlagCommitter( 7127): 	at annr.f(:com.google.android.gms@204714003@20.47.14 (000306-349456378):7)
E/PhenotypeFlagCommitter( 7127): 	at aijj.e(:com.google.android.gms@204714003@20.47.14 (000306-349456378):2)
E/PhenotypeFlagCommitter( 7127): 	at aijj.h(:com.google.android.gms@204714003@20.47.14 (000306-349456378):2)
E/PhenotypeFlagCommitter( 7127): 	at aijj.d(:com.google.android.gms@204714003@20.47.14 (000306-349456378):0)
E/PhenotypeFlagCommitter( 7127): 	at aumm.apply(Unknown Source)
E/PhenotypeFlagCommitter( 7127): 	at biym.e(:com.google.android.gms@204714003@20.47.14 (000306-349456378):0)
E/PhenotypeFlagCommitter( 7127): 	at biyn.run(:com.google.android.gms@204714003@20.47.14 (000306-349456378):9)
E/PhenotypeFlagCommitter( 7127): 	at bizs.execute(:com.google.android.gms@204714003@20.47.14 (000306-349456378):0)
E/PhenotypeFlagCommitter( 7127): 	at biyj.r(:com.google.android.gms@204714003@20.47.14 (000306-349456378):1)
E/PhenotypeFlagCommitter( 7127): 	at biyj.m(:com.google.android.gms@204714003@20.47.14 (000306-349456378):8)
E/PhenotypeFlagCommitter( 7127): 	at biyj.j(:com.google.android.gms@204714003@20.47.14 (000306-349456378):0)
E/PhenotypeFlagCommitter( 7127): 	at bjbw.f(:com.google.android.gms@204714003@20.47.14 (000306-349456378):1)
E/PhenotypeFlagCommitter( 7127): 	at bjax.run(:com.google.android.gms@204714003@20.47.14 (000306-349456378):11)
E/PhenotypeFlagCommitter( 7127): 	at bjbx.run(:com.google.android.gms@204714003@20.47.14 (000306-349456378):0)
E/PhenotypeFlagCommitter( 7127): 	at aump.run(Unknown Source)
E/PhenotypeFlagCommitter( 7127): 	at java.util.concurrent.ThreadPoolExecutor.runWorker(ThreadPoolExecutor.java:1112)
E/PhenotypeFlagCommitter( 7127): 	at java.util.concurrent.ThreadPoolExecutor$Worker.run(ThreadPoolExecutor.java:587)
E/PhenotypeFlagCommitter( 7127): 	at aunh.run(Unknown Source)
E/PhenotypeFlagCommitter( 7127): 	at java.lang.Thread.run(Thread.java:841)
I/Icing   ( 7127): Usage reports ok 0, Failed Usage reports 0, indexed 0, rejected 0
I/GmsCoreXrpcWrapper( 7127): Returning a channel provider with trafficStatsTag=12803
E/GmsClient( 7127): unable to connect to service: com.google.android.gms.auth.key.retrieval.service.START on com.google.android.gms
I/Icing   ( 7127): Usage reports ok 0, Failed Usage reports 0, indexed 0, rejected 0
I/GmsCoreXrpcWrapper( 7127): Returning a channel provider with trafficStatsTag=12803
W/MDM     ( 7127): [312] abqg.d: Device admin action is a no-op. Action: true
I/Icing   ( 7127): Usage reports ok 0, Failed Usage reports 0, indexed 0, rejected 0
I/Icing   ( 7127): updateResources: need to parse xwn{com.google.android.gms}
I/NewModuleOp( 7127): Enable component: com.google.android.gms.languageprofile.GcmReceiverService [CONTEXT service_id=167 ]
I/NewModuleOp( 7127): Enable component: com.google.android.gms.languageprofile.GcmTaskService [CONTEXT service_id=167 ]
I/NewModuleOp( 7127): Schedule LanguageProfileGcmTaskChimeraService tasks. [CONTEXT service_id=167 ]
I/LPGcmTaskChimeraService( 7127): Unscheduling sync tasks. [CONTEXT service_id=167 ]
I/dalvikvm( 7148): Jit: resizing JitTable from 8192 to 16384
D/Documents( 6972): Used cached roots for com.android.externalstorage.documents
D/Documents( 6972): Used cached roots for com.android.providers.downloads.documents
D/Documents( 6972): Used cached roots for com.android.providers.media.documents
D/Documents( 6972): Update found 6 roots in 6ms
I/InputReader( 2279): Reconfiguring input devices.  changes=0x00000010
W/Launcher( 2637): setApplicationContext called twice! old=com.android.launcher3.LauncherApplication@41fae4d0 new=com.android.launcher3.LauncherApplication@41fae4d0
I/PackageManager( 2279):   Action: "android.intent.action.SENDTO"
I/PackageManager( 2279):   Category: "android.intent.category.DEFAULT"
I/PackageManager( 2279):   Scheme: "sms"
I/PackageManager( 2279):   Action: "android.intent.action.SENDTO"
I/PackageManager( 2279):   Category: "android.intent.category.DEFAULT"
I/PackageManager( 2279):   Scheme: "smsto"
I/PackageManager( 2279):   Action: "android.intent.action.SENDTO"
I/PackageManager( 2279):   Category: "android.intent.category.DEFAULT"
I/PackageManager( 2279):   Scheme: "mms"
I/PackageManager( 2279):   Action: "android.intent.action.SENDTO"
I/PackageManager( 2279):   Category: "android.intent.category.DEFAULT"
I/PackageManager( 2279):   Scheme: "mmsto"
I/PackageManager( 2279):   Action: "android.intent.action.SENDTO"
I/PackageManager( 2279):   Category: "android.intent.category.DEFAULT"
I/PackageManager( 2279):   Scheme: "sms"
I/TelephonySpamInit( 7127): onModuleUpdated TelephonySpam module initialized [CONTEXT service_id=150 ]
I/PackageManager( 2279):   Action: "android.intent.action.SENDTO"
I/PackageManager( 2279):   Category: "android.intent.category.DEFAULT"
I/PackageManager( 2279):   Scheme: "smsto"
I/SpamListSync( 7127): scheduleSyncTasks [CONTEXT service_id=150 ]
I/SpamListSync( 7127): schedulePeriodicTask [CONTEXT service_id=150 ]
I/PackageManager( 2279):   Action: "android.intent.action.SENDTO"
I/PackageManager( 2279):   Category: "android.intent.category.DEFAULT"
I/PackageManager( 2279):   Scheme: "mms"
I/PackageManager( 2279):   Action: "android.intent.action.SENDTO"
I/PackageManager( 2279):   Category: "android.intent.category.DEFAULT"
I/PackageManager( 2279):   Scheme: "mmsto"
D/dalvikvm( 7567): DexOpt: load 139ms, verify+opt 1133ms, 1693684 bytes
D/dalvikvm( 7127): DexOpt: --- END 'DynamiteModulesC.apk' (success) ---
D/dalvikvm( 7127): DEX prep '/data/data/com.google.android.gms/app_chimera/m/0000012a/DynamiteModulesC.apk': unzip in 120ms, rewrite 1534ms
I/SpamListSync( 7127): scheduleOneTimeTask [CONTEXT service_id=150 ]
W/GalProviderController( 7127): Enable GmsCore GAL when Proxy is enabled.
W/PeopleGalProvider( 7127): Not public to outside of GmsCore.
I/PeopleGalProvider( 7127): Method 0 completed.
I/ContactDirectoryManager( 6735): Directory provider com.google.android.gms(com.google.android.gms.people.gal.provider) returned a NULL cursor.
I/GmsCoreXrpcWrapper( 7127): Returning a channel provider with trafficStatsTag=12803
W/ProviderHelper( 7127): Unknown dynamite feature providerinstaller.dynamite
I/DynamiteModule( 7127): Considering local module com.google.android.gms.providerinstaller.dynamite:1 and remote module com.google.android.gms.providerinstaller.dynamite:0
I/DynamiteModule( 7127): Selected local version of com.google.android.gms.providerinstaller.dynamite
I/dalvikvm( 7148): Could not find method android.net.ConnectivityManager.isDefaultNetworkActive, referenced from method com.google.android.gms.clearcut.uploader.QosUploaderChimeraService.e
W/dalvikvm( 7148): VFY: unable to resolve virtual method 3214: Landroid/net/ConnectivityManager;.isDefaultNetworkActive ()Z
D/dalvikvm( 7148): VFY: replacing opcode 0x6e at 0x0058
I/Icing   ( 7127): Usage reports ok 0, Failed Usage reports 0, indexed 0, rejected 0
I/GAv4-SVC( 7127): Google Analytics 204.7.14 is starting up.
D/ActivityThread( 7582): handleBindApplication:com.google.android.gms.feedback
D/ActivityThread( 7582): setTargetHeapUtilization:0.75
D/ActivityThread( 7582): setTargetHeapMinFree:2097152
I/Finsky  ( 6870): [1] aaer.h(1): PackageMonitorReceiverImpl - Received: android.intent.action.PACKAGE_CHANGED, [5RgnIEJQaOQbqneqo2SF47BEgT9fG5svDK6hS_daqhI]
I/Finsky  ( 6870): [1] aafs.g(-1): Invalidating cached PackageState for com.google.android.gms
I/LockboxService( 7148): Completed task: true [CONTEXT service_id=26 ]
E/dalvikvm( 7148): Could not find class 'android.app.usage.UsageStatsManager', referenced from method aaor.e
W/dalvikvm( 7148): VFY: unable to resolve check-cast 4095 (Landroid/app/usage/UsageStatsManager;) in Laaor;
D/dalvikvm( 7148): VFY: replacing opcode 0x1f at 0x000e
I/dalvikvm( 7148): Could not find method android.view.Display.getState, referenced from method aapr.a
W/dalvikvm( 7148): VFY: unable to resolve virtual method 15803: Landroid/view/Display;.getState ()I
D/dalvikvm( 7148): VFY: replacing opcode 0x6e at 0x003a
I/dalvikvm( 7148): Could not find method android.os.PowerManager.isInteractive, referenced from method aapr.a
W/dalvikvm( 7148): VFY: unable to resolve virtual method 15347: Landroid/os/PowerManager;.isInteractive ()Z
D/dalvikvm( 7148): VFY: replacing opcode 0x6e at 0x0065
W/dalvikvm( 7582): VFY: unable to resolve static field 2040 (PR_SET_DUMPABLE) in Landroid/system/OsConstants;
D/dalvikvm( 7582): VFY: replacing opcode 0x60 at 0x0017
W/dalvikvm( 7582): VFY: unable to find class referenced in signature (Lzss;)
W/dalvikvm( 7582): VFY: unable to find class referenced in signature (Lztj;)
I/Icing   ( 7127): Indexing com.google.android.gms-internal.3p:MobileApplication from com.google.android.gms using seqno 11965
I/GmsModuleFndr( 7127): Beginning GMS chimera module scan
D/dalvikvm( 7148): DexOpt: couldn't find static field Landroid/os/Build;.SUPPORTED_ABIS
W/dalvikvm( 7148): VFY: unable to resolve static field 1741 (SUPPORTED_ABIS) in Landroid/os/Build;
D/dalvikvm( 7148): VFY: replacing opcode 0x62 at 0x00bb
D/dalvikvm( 7148): DexOpt: couldn't find static field Landroid/os/Build;.SUPPORTED_ABIS
W/dalvikvm( 7148): VFY: unable to resolve static field 1741 (SUPPORTED_ABIS) in Landroid/os/Build;
D/dalvikvm( 7148): VFY: replacing opcode 0x62 at 0x02fa
D/dalvikvm( 7127): DexOpt: --- BEGIN 'GoogleCertificates.apk' (bootstrap=0) ---
I/dalvikvm( 7582): Could not find method android.system.Os.readlink, referenced from method njr.a
W/dalvikvm( 7582): VFY: unable to resolve static method 4574: Landroid/system/Os;.readlink (Ljava/lang/String;)Ljava/lang/String;
D/dalvikvm( 7582): VFY: replacing opcode 0x71 at 0x00ac
I/dalvikvm( 7582): Could not find method android.os.PowerManager.isInteractive, referenced from method nuj.a
W/dalvikvm( 7582): VFY: unable to resolve virtual method 3877: Landroid/os/PowerManager;.isInteractive ()Z
D/dalvikvm( 7582): VFY: replacing opcode 0x6e at 0x0013
I/Finsky  ( 6870): [345] pso.run(-1): Wrote row to frosting DB: 2935
I/MultiDex( 7582): VM with version 1.6.0 does not have multidex support
I/MultiDex( 7582): Installing application
I/MultiDex( 7582): MultiDexExtractor(204714003, /data/app/com.google.android.gms-1.apk, /data/data/com.google.android.gms/code_cache/secondary-dexes)
I/MultiDex( 7582): Blocking on lock /data/data/com.google.android.gms/code_cache/secondary-dexes/MultiDex.lock
I/LockboxService( 7148): Completed task: true [CONTEXT service_id=26 ]
I/MultiDex( 7582): /data/data/com.google.android.gms/code_cache/secondary-dexes/MultiDex.lock locked
I/MultiDex( 7582): MultiDexExtractor.load(204714003, /data/app/com.google.android.gms-1.apk, false, )
I/MultiDex( 7582): loading existing secondary dex files
I/GmsModuleFndr( 7148): Beginning GMS chimera module scan
I/MultiDex( 7582): load found 5 secondary dex files
