W/dalvikvm( 7023): VFY: unable to resolve static field 28783 (SUPPORTED_ABIS) in Landroid/os/Build;
D/dalvikvm( 7023): VFY: replacing opcode 0x62 at 0x0006
D/dalvikvm( 7023): DexOpt: couldn't find static field Landroid/util/DisplayMetrics;.DENSITY_DEVICE_STABLE
W/dalvikvm( 7023): VFY: unable to resolve static field 29347 (DENSITY_DEVICE_STABLE) in Landroid/util/DisplayMetrics;
D/dalvikvm( 7023): VFY: replacing opcode 0x60 at 0x002b
I/dalvikvm( 7023): Could not find method android.hardware.display.DisplayManager.getStableDisplaySize, referenced from method moc.k
W/dalvikvm( 7023): VFY: unable to resolve virtual method 31692: Landroid/hardware/display/DisplayManager;.getStableDisplaySize ()Landroid/graphics/Point;
D/dalvikvm( 7023): VFY: replacing opcode 0x6e at 0x0040
I/Finsky:download_service( 7023): [1] abah.a(18): Finished reading experiment flags from file [0tGUNCGIkbk4o6-fQ335kUYSKwVj4lusnHT-A5Dsy08].
I/Finsky  ( 6870): [1] aefz.c(5): SCH: Jobs in database: 1-1337 3-694 3-695 10-11 10-26 10-78 12-1 24-77777777 26-1414141414 29-29 34-365 34-368 34-369 
I/Finsky  ( 6870): [269] kef.a(-1): [ContentSync] finished, scheduled=true
I/Finsky:download_service( 7023): [1] abah.a(18): Finished reading experiment flags from file [HeTkaAQ7o3Z39Dw04n8Q9ZAd3pqF_0GZ0tnwpWU_Ecs].
I/Finsky:download_service( 7023): [1] ufa.onCreate(2): IPC-SERVER: Starting gRPC host service...
I/dalvikvm( 6870): Could not find method android.app.PendingIntent.getForegroundService, referenced from method amzk.a
W/dalvikvm( 6870): VFY: unable to resolve static method 30917: Landroid/app/PendingIntent;.getForegroundService (Landroid/content/Context;ILandroid/content/Intent;I)Landroid/app/PendingIntent;
D/dalvikvm( 6870): VFY: replacing opcode 0x71 at 0x0006
I/Finsky  ( 6870): [1] aeax.d(7): SCH: Scheduling wakeup in 57955 millis (absolute: 759808)
I/dalvikvm( 7023): Could not find method android.content.Context.startForegroundService, referenced from method njp.h
W/dalvikvm( 7023): VFY: unable to resolve virtual method 2149: Landroid/content/Context;.startForegroundService (Landroid/content/Intent;)Landroid/content/ComponentName;
D/dalvikvm( 7023): VFY: replacing opcode 0x6e at 0x000a
I/Finsky  ( 6870): [1] aefz.c(5): SCH: Jobs in database: 1-1337 3-694 3-695 10-11 10-26 10-78 12-1 24-77777777 26-1414141414 29-29 34-365 34-368 34-369 
I/dalvikvm( 7023): Could not find method android.app.NotificationManager.deleteNotificationChannel, referenced from method njz.a
W/dalvikvm( 7023): VFY: unable to resolve virtual method 1981: Landroid/app/NotificationManager;.deleteNotificationChannel (Ljava/lang/String;)V
D/dalvikvm( 7023): VFY: replacing opcode 0x6e at 0x0018
E/dalvikvm( 7023): Could not find class 'android.app.NotificationChannel', referenced from method njz.a
W/dalvikvm( 7023): VFY: unable to resolve new-instance 1314 (Landroid/app/NotificationChannel;) in Lnjz;
D/dalvikvm( 7023): VFY: replacing opcode 0x22 at 0x0029
I/dalvikvm( 7023): Could not find method android.app.Notification.getChannelId, referenced from method njz.e
W/dalvikvm( 7023): VFY: unable to resolve virtual method 1969: Landroid/app/Notification;.getChannelId ()Ljava/lang/String;
D/dalvikvm( 7023): VFY: replacing opcode 0x6e at 0x0177
D/dalvikvm( 7023): DexOpt: unable to opt direct call 0x07b2 at 0x35 in Lnjz;.a
W/dalvikvm( 7023): Unable to resolve superclass of Lnkk; (1568)
W/dalvikvm( 7023): Link of class 'Lnkk;' failed
E/dalvikvm( 7023): Could not find class 'nkk', referenced from method nkl.a
W/dalvikvm( 7023): VFY: unable to resolve new-instance 13960 (Lnkk;) in Lnkl;
D/dalvikvm( 7023): VFY: replacing opcode 0x22 at 0x0009
W/dalvikvm( 7023): Unable to resolve superclass of Lnkk; (1568)
W/dalvikvm( 7023): Link of class 'Lnkk;' failed
D/dalvikvm( 7023): DexOpt: unable to opt direct call 0xb46e at 0x0b in Lnkl;.a
I/dalvikvm( 7023): Could not find method android.app.NotificationManager.getNotificationChannel, referenced from method ndb.a
W/dalvikvm( 7023): VFY: unable to resolve virtual method 1982: Landroid/app/NotificationManager;.getNotificationChannel (Ljava/lang/String;)Landroid/app/NotificationChannel;
D/dalvikvm( 7023): VFY: replacing opcode 0x6e at 0x00b2
E/dalvikvm( 7023): Could not find class 'com.google.common.flogger.backend.google.GooglePlatform', referenced from method bafn.a
W/dalvikvm( 7023): VFY: unable to resolve const-class 7108 (Lcom/google/common/flogger/backend/google/GooglePlatform;) in Lbafn;
D/dalvikvm( 7023): VFY: replacing opcode 0x1c at 0x0012
E/dalvikvm( 7023): Could not find class 'com.google.common.flogger.backend.system.DefaultPlatform', referenced from method bafn.a
W/dalvikvm( 7023): VFY: unable to resolve const-class 7109 (Lcom/google/common/flogger/backend/system/DefaultPlatform;) in Lbafn;
D/dalvikvm( 7023): VFY: replacing opcode 0x1c at 0x0023
I/Finsky  ( 6870): [1] aeax.d(7): SCH: Scheduling wakeup in 57899 millis (absolute: 759807)
I/dalvikvm( 7023): Could not find method android.os.Handler.createAsync, referenced from method adi.a
W/dalvikvm( 7023): VFY: unable to resolve static method 31865: Landroid/os/Handler;.createAsync (Landroid/os/Looper;)Landroid/os/Handler;
D/dalvikvm( 7023): VFY: replacing opcode 0x71 at 0x003e
I/Finsky:download_service( 7023): [276] ndy.c(1): getDownloads()
I/Finsky:download_service( 7023): [277] ngc.b(4): All invisible downloads are finished.
F/Finsky:download_service( 7023): [277] njp.f(3): Service object is not present when stopServiceSafely was called.
F/Finsky:download_service( 7023): com.google.android.flib.log.WhatATerribleException
F/Finsky:download_service( 7023): 	at aqdi.h(PG:2)
F/Finsky:download_service( 7023): 	at com.google.android.finsky.utils.FinskyLog.g(PG:3)
F/Finsky:download_service( 7023): 	at njp.f(PG:3)
F/Finsky:download_service( 7023): 	at njp.g(PG:1)
F/Finsky:download_service( 7023): 	at njp.c(PG:2)
F/Finsky:download_service( 7023): 	at nla.h(PG)
F/Finsky:download_service( 7023): 	at nky.a(Unknown Source)
F/Finsky:download_service( 7023): 	at nla.j(PG:1)
F/Finsky:download_service( 7023): 	at nla.d(PG)
F/Finsky:download_service( 7023): 	at ngc.b(PG:4)
F/Finsky:download_service( 7023): 	at nfo.f(PG:4)
F/Finsky:download_service( 7023): 	at nfg.apply(Unknown Source)
F/Finsky:download_service( 7023): 	at j$.util.stream.ReferencePipeline$3$1.accept(ReferencePipeline.java:193)
F/Finsky:download_service( 7023): 	at j$.util.Iterator$$CC.forEachRemaining$$dflt$$(Unknown Source)
F/Finsky:download_service( 7023): 	at j$.util.Iterator$$Dispatch.forEachRemaining(Unknown Source)
F/Finsky:download_service( 7023): 	at j$.util.Spliterators$IteratorSpliterator.forEachRemaining(Spliterators.java:1801)
F/Finsky:download_service( 7023): 	at j$.util.stream.AbstractPipeline.copyInto(AbstractPipeline.java:481)
F/Finsky:download_service( 7023): 	at j$.util.stream.AbstractPipeline.wrapAndCopyInto(AbstractPipeline.java:471)
F/Finsky:download_service( 7023): 	at j$.util.stream.ReduceOps$ReduceOp.evaluateSequential(ReduceOps.java:708)
F/Finsky:download_service( 7023): 	at j$.util.stream.AbstractPipeline.evaluate(AbstractPipeline.java:234)
F/Finsky:download_service( 7023): 	at j$.util.stream.ReferencePipeline.collect(ReferencePipeline.java:499)
F/Finsky:download_service( 7023): 	at nei.a(Unknown Source)
F/Finsky:download_service( 7023): 	at bapl.f(PG)
F/Finsky:download_service( 7023): 	at bapn.run(PG:9)
F/Finsky:download_service( 7023): 	at java.util.concurrent.ThreadPoolExecutor.runWorker(ThreadPoolExecutor.java:1112)
F/Finsky:download_service( 7023): 	at java.util.concurrent.ThreadPoolExecutor$Worker.run(ThreadPoolExecutor.java:587)
F/Finsky:download_service( 7023): 	at ojl.run(Unknown Source)
F/Finsky:download_service( 7023): 	at java.lang.Thread.run(Thread.java:841)
I/Finsky  ( 6870): [1] rjl.a(3): Installer: Attempt recovering 1 running downloads
I/Finsky  ( 6870): [1] rjy.a(8): Installer: Attempt recovery of file:///data/data/com.android.vending/files/phonesky-download-service/46/521f2c8c-a348-4441-a679-03bad7b45183 3
I/Finsky  ( 6870): [1] rjy.a(11): Installer: Recovering download for running com.google.android.gms
I/Finsky  ( 6870): [1] anfp.a(1): Warm data store was already initialized.
I/Finsky  ( 6870): [1] anfn.a(1): Warm data store was already initialized.
E/dalvikvm( 6870): Could not find class 'android.security.FileIntegrityManager', referenced from method rrg.aF
W/dalvikvm( 6870): VFY: unable to resolve const-class 1654 (Landroid/security/FileIntegrityManager;) in Lrrg;
D/dalvikvm( 6870): VFY: replacing opcode 0x1c at 0x0023
I/dalvikvm( 6870): Could not find method android.content.pm.PackageManager.setApplicationCategoryHint, referenced from method aaef.e
W/dalvikvm( 6870): VFY: unable to resolve virtual method 31348: Landroid/content/pm/PackageManager;.setApplicationCategoryHint (Ljava/lang/String;I)V
D/dalvikvm( 6870): VFY: replacing opcode 0x6e at 0x0029
I/Finsky  ( 6870): [1] rrr.<init>(13): Installer: Setting Parallelism[DEFAULT]
I/Finsky  ( 6870): [1] rrg.b(1): Installer::IT: Attempting to recover the task: package=com.google.android.gms
I/Finsky  ( 6870): [1] rrg.d(5): Installer::IT: Install fields populated for com.google.android.gms
I/Finsky  ( 6870): [1] rrg.p(84): Installer::IT: Required downloads: [com.google.android.gms]
I/Finsky  ( 6870): [1] rrg.ax(7): Installer::IT: Recovery of com.google.android.gms (adid: com.google.android.gms , isid: 1KrjxeS0StamwbV3asgpgw) into postprocess state
I/Finsky  ( 6870): [1] rrg.o(5): Installer::IT: com.google.android.gms to state 50
I/Finsky  ( 6870): [1] rrg.o(78): Installer::IT: Start postprocessing download for com.google.android.gms
I/Finsky  ( 6870): [1] rrg.o(90): Installer::IT: Prepare to patch com.google.android.gms (adid: com.google.android.gms , isid: 1KrjxeS0StamwbV3asgpgw) from file:///data/data/com.android.vending/files/phonesky-download-service/46/521f2c8c-a348-4441-a679-03bad7b45183 format 7
I/Finsky  ( 6870): [1] rog.J(3): Installer: Recovered download: file:///data/data/com.android.vending/files/phonesky-download-service/46/521f2c8c-a348-4441-a679-03bad7b45183, 3
I/Finsky  ( 6870): [311] rmu.run(2): Installer: Installer starting
I/Finsky  ( 6870): [311] rmu.run(4): Installer: Installer started
I/Finsky  ( 6870): [1] rog.O(7): Installer: found apps to install. isMultiUserMode=false, apps=[]
I/Finsky  ( 6870): [273] fxn.a(-1): APK integrity will be verified using [SHA-256] method
I/Finsky  ( 6870): [1] aefg.a(3): SCH: Canceling job 3-694
I/Finsky  ( 6870): [1] aefz.c(5): SCH: Jobs in database: 1-1337 3-695 10-11 10-26 10-78 12-1 24-77777777 26-1414141414 29-29 34-365 34-368 34-369 
I/Finsky  ( 6870): [1] aeax.d(7): SCH: Scheduling wakeup in 57354 millis (absolute: 759805)
I/Finsky  ( 6870): [1] aefg.a(3): SCH: Canceling job 3-695
I/Finsky  ( 6870): [1] aefz.c(5): SCH: Jobs in database: 1-1337 10-11 10-26 10-78 12-1 24-77777777 26-1414141414 29-29 34-365 34-368 34-369 
I/Finsky  ( 6870): [318] sfq.z(3): IQ: Creating job 697, for (REQ_CHARGING, REQ_GEARHEAD_PROJECTION_OFF, NETWORK=UNMETERED, PROVISIONING_STATE=PROVISIONED)
I/Finsky  ( 6870): [1] aeax.d(7): SCH: Scheduling wakeup in 57298 millis (absolute: 759806)
I/Finsky  ( 6870): [318] sfq.z(3): IQ: Creating job 698, for (REQ_GEARHEAD_PROJECTION_OFF, NETWORK=ANY, PROVISIONING_STATE=PROVISIONED)
I/Finsky  ( 6870): [1] aefz.c(5): SCH: Jobs in database: 1-1337 3-697 10-11 10-26 10-78 12-1 24-77777777 26-1414141414 29-29 34-365 34-368 34-369 
I/Finsky  ( 6870): [1] aeax.d(7): SCH: Scheduling wakeup in 57086 millis (absolute: 759819)
I/Finsky  ( 6870): [1] aeax.c(-1): SCH: Scheduling immediate wakeup
I/Finsky  ( 6870): [1] aeax.d(7): SCH: Scheduling wakeup in 100 millis (absolute: 702978)
I/Finsky  ( 6870): [1] aeio.onStartCommand(1): AlarmManagerEngine onStart
I/Finsky  ( 6870): [1] aefz.f(2): SCH: onAlarmManagerWakeup
I/Finsky  ( 6870): [1] aedq.e(-1): SCH: Will halt after 600000
I/dalvikvm( 6870): Could not find method android.content.pm.PackageManager.getPackageInstaller, referenced from method ssp.<init>
W/dalvikvm( 6870): VFY: unable to resolve virtual method 2882: Landroid/content/pm/PackageManager;.getPackageInstaller ()Landroid/content/pm/PackageInstaller;
D/dalvikvm( 6870): VFY: replacing opcode 0x6e at 0x000f
I/dalvikvm( 6870): Could not find method android.content.pm.PackageInstaller$Session.close, referenced from method ssp.a
W/dalvikvm( 6870): VFY: unable to resolve virtual method 2839: Landroid/content/pm/PackageInstaller$Session;.close ()V
D/dalvikvm( 6870): VFY: replacing opcode 0x6e at 0x0000
I/dalvikvm( 6870): Could not find method android.content.pm.PackageInstaller$Session.abandon, referenced from method ssp.a
W/dalvikvm( 6870): VFY: unable to resolve virtual method 2838: Landroid/content/pm/PackageInstaller$Session;.abandon ()V
D/dalvikvm( 6870): VFY: replacing opcode 0x6e at 0x0014
E/dalvikvm( 6870): Could not find class 'android.content.pm.PackageInstaller$SessionParams', referenced from method ssp.b
W/dalvikvm( 6870): VFY: unable to resolve new-instance 2436 (Landroid/content/pm/PackageInstaller$SessionParams;) in Lssp;
D/dalvikvm( 6870): VFY: replacing opcode 0x22 at 0x0000
I/dalvikvm( 6870): Could not find method android.content.pm.PackageInstaller$SessionInfo.getSessionId, referenced from method ssp.f
W/dalvikvm( 6870): VFY: unable to resolve virtual method 2849: Landroid/content/pm/PackageInstaller$SessionInfo;.getSessionId ()I
D/dalvikvm( 6870): VFY: replacing opcode 0x6e at 0x0016
D/dalvikvm( 6870): DexOpt: unable to opt direct call 0x0b24 at 0x02 in Lssp;.b
I/Finsky  ( 6870): [1] agke.a(1): Connecting InstallListener to SplitInstallService broadcaster...
I/Finsky  ( 6870): [1] aedp.handleMessage(4): SCH: DeviceState: DeviceState{currentTime=1611515752047, isCharging=false, isIdle=false, netAny=true, netNotRoaming=true, netUnmetered=true, batteryPercent=91.0}
I/Finsky  ( 6870): [269] aefz.c(5): SCH: Jobs in database: 1-1337 3-697 3-698 10-11 10-26 10-78 12-1 24-77777777 26-1414141414 29-29 34-365 34-368 34-369 
I/Finsky  ( 6870): [1] aedq.m(9): SCH: Running job: 3-698
I/Finsky  ( 6870): [1] kjc.b(1): XPF:Binding for 1121654840
I/Finsky  ( 6870): [1] kjc.b(1): XPF:Binding for 1121657368
I/Finsky  ( 6870): [1] aedp.handleMessage(29): SCH: RunningQueue size: 1, PendingQueue size: 0
I/Finsky  ( 6870): [1] aedp.handleMessage(32): SCH: Running queue: 3-698 
I/Finsky  ( 6870): [1] ProfileStateService.onCreate(-1): XPF:creating profileStateService
I/Finsky  ( 6870): [1] sgr.e(-1): IQ: Connection has changed false
I/Finsky  ( 6870): [1] kik.a(3): XPF:Registering listener 1121657296 for user UserHandle{0}.
I/Finsky  ( 6870): [1] kik.g(4): XPF:User UserHandle{0} finished enterprise setup, removing profile.
I/Finsky  ( 6870): [1] kik.a(3): XPF:Registering listener 1121654768 for user UserHandle{0}.
I/Finsky  ( 6870): [1] kik.g(4): XPF:User UserHandle{0} finished enterprise setup, removing profile.
I/Finsky  ( 6870): [1] kik.h(2): XPF:0 profiles are currently in enterprise setup
I/Finsky  ( 6870): [1] kik.d(2): XPF:0 profiles were paused for app updates
I/Finsky  ( 6870): [1] InstallQueuePhoneskyJob.g(5): IQ::IQPJ: Start job 698
I/Finsky  ( 6870): [1] aedq.b(3): SCH: Job 3-698 finished. Not rescheduling.
I/Finsky  ( 6870): [1] aedp.handleMessage(29): SCH: RunningQueue size: 0, PendingQueue size: 0
I/Finsky  ( 6870): [1] aedp.handleMessage(10): SCH: Executor finished
I/Finsky  ( 6870): [318] sfq.t(6): IQ: Pruning inactive install requests
I/Finsky  ( 6870): [318] sfq.t(49): IQ: Skipping as there are active installs running. Active installs=[com.google.android.gms]
W/System.err( 5515): 510422 [pool-14-thread-15] INFO org.apache.ftpserver.listener.nio.FtpLoggingFilter - RECEIVED: PWD
W/System.err( 5515): 510428 [pool-14-thread-15] INFO org.apache.ftpserver.listener.nio.FtpLoggingFilter - SENT: 257 "/Download" is current directory.
D/lights  ( 2279): set_light_buttons: 2
I/Finsky  ( 6870): [1] aefz.c(5): SCH: Jobs in database: 1-1337 3-697 10-11 10-26 10-78 12-1 24-77777777 26-1414141414 29-29 34-365 34-368 34-369 
I/Finsky  ( 6870): [1] aeax.d(7): SCH: Scheduling wakeup in 54250 millis (absolute: 759809)
D/dalvikvm( 2279): JIT code cache reset in 16 ms (1535980 bytes 1/0)
D/dalvikvm( 6870): DexOpt: couldn't find static field Landroid/os/Build$VERSION;.PREVIEW_SDK_INT
W/dalvikvm( 6870): VFY: unable to resolve static field 1960 (PREVIEW_SDK_INT) in Landroid/os/Build$VERSION;
D/dalvikvm( 6870): VFY: replacing opcode 0x60 at 0x0009
I/Finsky  ( 6870): [275] kyh.a(19): No selector loaded
I/Finsky  ( 6870): [274] abas.j(1): Triggered update for experiment package com.google.android.finsky.stable.
I/dalvikvm( 6870): Could not find method android.content.Context.createDeviceProtectedStorageContext, referenced from method asrj.g
W/dalvikvm( 6870): VFY: unable to resolve virtual method 2687: Landroid/content/Context;.createDeviceProtectedStorageContext ()Landroid/content/Context;
D/dalvikvm( 6870): VFY: replacing opcode 0x6e at 0x0006
I/dalvikvm( 6870): Could not find method android.content.Context.isDeviceProtectedStorage, referenced from method asrj.g
W/dalvikvm( 6870): VFY: unable to resolve virtual method 2715: Landroid/content/Context;.isDeviceProtectedStorage ()Z
D/dalvikvm( 6870): VFY: replacing opcode 0x6e at 0x0012
I/dalvikvm( 6870): Could not find method android.app.AppOpsManager.permissionToOp, referenced from method gu.a
W/dalvikvm( 6870): VFY: unable to resolve static method 1830: Landroid/app/AppOpsManager;.permissionToOp (Ljava/lang/String;)Ljava/lang/String;
D/dalvikvm( 6870): VFY: replacing opcode 0x71 at 0x001d
I/dalvikvm( 6870): Could not find method android.content.Context.getSystemService, referenced from method gu.a
W/dalvikvm( 6870): VFY: unable to resolve virtual method 2130: Landroid/content/Context;.getSystemService (Ljava/lang/Class;)Ljava/lang/Object;
D/dalvikvm( 6870): VFY: replacing opcode 0x6e at 0x003f
I/dalvikvm( 6870): Could not find method android.content.Context.isDeviceProtectedStorage, referenced from method awda.a
W/dalvikvm( 6870): VFY: unable to resolve virtual method 2715: Landroid/content/Context;.isDeviceProtectedStorage ()Z
D/dalvikvm( 6870): VFY: replacing opcode 0x6e at 0x0030
I/dalvikvm( 6870): Jit: resizing JitTable from 4096 to 8192
I/Finsky  ( 6870): [274] abas.j(7): Already at the latest configurations for experiment package com.google.android.finsky.stable.
I/ShortcutBadger( 6870): Checking if platform supports badge counters, attempt 1/3.
I/Finsky  ( 6870): [275] abas.j(1): Triggered update for experiment package com.google.android.finsky.regular.
I/ShortcutBadger( 6870): Checking if platform supports badge counters, attempt 2/3.
I/ShortcutBadger( 6870): Checking if platform supports badge counters, attempt 3/3.
W/ShortcutBadger( 6870): Badge counter seems not supported in this platform: unable to resolve intent: Intent { act=android.intent.action.BADGE_COUNT_UPDATE (has extras) }
I/Finsky  ( 6870): [274] anyo.h(2): Restoring notifications
I/Finsky  ( 6870): [274] anyo.h(11): Done restoring notifications
W/Finsky  ( 6870): [274] aevy.a(10): SUH: Self-update installed derived apk id unavailable.
I/Finsky  ( 6870): [274] gru.run(5): Component class com.google.android.finsky.wearsupport.WearSupportService disabled via PackageManager.
I/Finsky  ( 6870): [274] gru.run(5): Component class com.google.android.finsky.wearsupport.WearChangeListenerService disabled via PackageManager.
I/Finsky  ( 6870): [274] abaj.u(2): Retrieved DSE selection state is true (cache=abae@424a08a8)
I/Finsky  ( 6870): [274] abba.a(4): DSE selection state after sync is true (cache=abae@424a08a8)
I/Finsky:download_service( 7023): [1] ufa.onDestroy(-1): IPC-SERVER: Stopping gRPC host service...
I/Finsky  ( 6870): [275] abbj.c(1): Regular flags synced
I/Finsky  ( 6870): [275] abah.b(3): Writing flags config, size 1.
I/Finsky  ( 6870): [275] abah.b(3): Started writing experiment flags into file [D0vYnL2RuSqgNWFP3agyvup5PF0Z-BjBahMlOFo5Rr8].
I/Finsky  ( 6870): [275] abah.b(17): Finished writing experiment flags into file [D0vYnL2RuSqgNWFP3agyvup5PF0Z-BjBahMlOFo5Rr8].
I/Finsky  ( 6870): [275] abas.l(22): Successfully applied new configurations for package com.google.android.finsky.regular.
I/Finsky  ( 6870): [275] abaj.u(2): Retrieved DSE selection state is true (cache=abae@424a08a8)
I/Finsky  ( 6870): [264] abas.j(1): Triggered update for experiment package com.google.android.finsky.regular.
I/Finsky  ( 6870): [275] abba.a(4): DSE selection state after sync is true (cache=abae@424a08a8)
W/dalvikvm( 6870): Unable to resolve superclass of Lappx; (9480)
W/dalvikvm( 6870): Link of class 'Lappx;' failed
E/dalvikvm( 6870): Could not find class 'appx', referenced from method appy.b
W/dalvikvm( 6870): VFY: unable to resolve new-instance 11606 (Lappx;) in Lappy;
D/dalvikvm( 6870): VFY: replacing opcode 0x22 at 0x0000
I/dalvikvm( 6870): Could not find method android.net.ConnectivityManager.unregisterNetworkCallback, referenced from method appy.d
W/dalvikvm( 6870): VFY: unable to resolve virtual method 31729: Landroid/net/ConnectivityManager;.unregisterNetworkCallback (Landroid/net/ConnectivityManager$NetworkCallback;)V
D/dalvikvm( 6870): VFY: replacing opcode 0x6e at 0x0006
W/dalvikvm( 6870): Unable to resolve superclass of Lappx; (9480)
W/dalvikvm( 6870): Link of class 'Lappx;' failed
D/dalvikvm( 6870): DexOpt: unable to opt direct call 0x9e76 at 0x02 in Lappy;.b
D/dalvikvm( 6870): DexOpt: unable to opt direct call 0x7bf6 at 0x0b in Lappy;.b
E/dalvikvm( 6870): Could not find class 'android.content.om.OverlayManager', referenced from method afyw.s
W/dalvikvm( 6870): VFY: unable to resolve check-cast 9365 (Landroid/content/om/OverlayManager;) in Lafyw;
D/dalvikvm( 6870): VFY: replacing opcode 0x1f at 0x0064
E/dalvikvm( 6870): Could not find class 'android.app.usage.UsageStatsManager', referenced from method afnt.a
W/dalvikvm( 6870): VFY: unable to resolve check-cast 9324 (Landroid/app/usage/UsageStatsManager;) in Lafnt;
D/dalvikvm( 6870): VFY: replacing opcode 0x1f at 0x00ab
D/dalvikvm( 6870): DexOpt: unable to opt direct call 0x792c at 0xc3 in Lafnt;.a
I/dalvikvm( 6870): Could not find method android.content.Context.startForegroundService, referenced from method afrl.h
W/dalvikvm( 6870): VFY: unable to resolve virtual method 31142: Landroid/content/Context;.startForegroundService (Landroid/content/Intent;)Landroid/content/ComponentName;
D/dalvikvm( 6870): VFY: replacing opcode 0x6e at 0x0002
I/Finsky  ( 6870): [1] afri.run(8): Detected restoreservicev2://recovery not needed, will not run
I/LockboxService( 2563): Completed task: true [CONTEXT service_id=26 ]
I/Finsky  ( 6870): [306] axkv.b(2): registerListener
I/Finsky  ( 6870): [306] nlq.d(1): getDownloads()
I/Finsky:download_service( 7023): [1] ufa.onCreate(2): IPC-SERVER: Starting gRPC host service...
I/Finsky  ( 6870): [306] hfm.run(-1): Initialized AssetModuleDownloader.
I/Finsky:download_service( 7023): [276] ndy.c(1): getDownloads()
I/Finsky  ( 6870): [264] abbj.c(1): Regular flags synced
I/Finsky  ( 6870): [264] abah.b(3): Writing flags config, size 1.
I/Finsky  ( 6870): [264] abah.b(3): Started writing experiment flags into file [4dEVOh7DlClE42ly_19Hs7FqnnFOj9O0dm-zzWqGxeo].
I/Finsky  ( 6870): [264] abah.b(17): Finished writing experiment flags into file [4dEVOh7DlClE42ly_19Hs7FqnnFOj9O0dm-zzWqGxeo].
I/Finsky  ( 6870): [264] abas.l(22): Successfully applied new configurations for package com.google.android.finsky.regular.
I/Finsky  ( 6870): [264] abaj.u(2): Retrieved DSE selection state is true (cache=abae@424a08a8)
I/Finsky  ( 6870): [264] abba.a(4): DSE selection state after sync is true (cache=abae@424a08a8)
I/Finsky:download_service( 7023): [1] ufa.onDestroy(-1): IPC-SERVER: Stopping gRPC host service...
I/NetworkScheduler.Stats( 2563): Task com.google.android.gms/com.google.android.gms.icing.service.IcingGcmTaskService started execution. cause:4 exec_start_elapsed_seconds: 731 [CONTEXT service_id=218 ]
I/NetworkScheduler.Stats( 2563): Task com.google.android.gms/com.google.android.gms.icing.service.IcingGcmTaskService finished executing. cause:4 result: 1 elapsed_millis: 91 uptime_millis: 91 exec_start_elapsed_seconds: 731 [CONTEXT service_id=218 ]
W/System.err( 5515): 540420 [pool-14-thread-16] INFO org.apache.ftpserver.listener.nio.FtpLoggingFilter - RECEIVED: TYPE I
W/System.err( 5515): 540422 [pool-14-thread-15] INFO org.apache.ftpserver.listener.nio.FtpLoggingFilter - SENT: 200 Command TYPE okay.
I/Finsky  ( 6870): [257] oji.run(3): Stats for Executor: BlockingExecutor olo@420c9b10[Running, pool size = 2, active threads = 0, queued tasks = 0, completed tasks = 20]
I/Finsky  ( 6870): [257] oji.run(3): Stats for Executor: LightweightExecutor olo@420cad10[Running, pool size = 3, active threads = 0, queued tasks = 0, completed tasks = 70]
I/Finsky  ( 6870): [257] oji.run(3): Stats for Executor: bgExecutor olo@424a8e38[Running, pool size = 4, active threads = 1, queued tasks = 0, completed tasks = 75]
I/Finsky:download_service( 7023): [274] oji.run(3): Stats for Executor: bgExecutor olo@42305f78[Running, pool size = 0, active threads = 0, queued tasks = 0, completed tasks = 0]
D/lights  ( 2279): set_light_buttons: 1
W/System.err( 5515): 570425 [pool-14-thread-17] INFO org.apache.ftpserver.listener.nio.FtpLoggingFilter - RECEIVED: TYPE A
W/System.err( 5515): 570427 [pool-14-thread-17] INFO org.apache.ftpserver.listener.nio.FtpLoggingFilter - SENT: 200 Command TYPE okay.
D/AudioPolicyManagerBase( 1897): getOutput() device 2, stream 1, samplingRate 0, format 0, channelMask 3, flags 0
D/AudioPolicyManagerBase( 1897): getOutput() returns output 2
D/AudioPolicyManagerBase( 1897): getOutput() device 2, stream 1, samplingRate 0, format 0, channelMask 3, flags 0
D/AudioPolicyManagerBase( 1897): getOutput() returns output 2
D/AudioPolicyManagerBase( 1897): getOutput() device 2, stream 1, samplingRate 48000, format 1, channelMask 3, flags 4
D/AudioPolicyManagerBase( 1897): getOutput() returns output 2
W/AudioTrack( 2279): AUDIO_OUTPUT_FLAG_FAST denied by client due to mismatching sample rate (48000 vs 44100)
D/AudioFlinger( 1897): start(4098), calling pid 2279 session 50
D/AudioFlinger( 1897): ? => ACTIVE (4098) on thread 0x40e64208
D/AudioPolicyManagerBase( 1897): startOutput() output 2, stream 1, session 50
D/audio_hw_primary( 1897): select_output_device: AUDIO_DEVICE_OUT_SPEAKER
D/lights  ( 2279): set_light_buttons: 2
I/Finsky  ( 6870): [1] aeio.onStartCommand(1): AlarmManagerEngine onStart
I/Finsky  ( 6870): [1] aefz.f(2): SCH: onAlarmManagerWakeup
I/Finsky  ( 6870): [1] aedq.e(-1): SCH: Will halt after 600000
I/Finsky  ( 6870): [1] aedp.handleMessage(4): SCH: DeviceState: DeviceState{currentTime=1611515821617, isCharging=false, isIdle=false, netAny=true, netNotRoaming=true, netUnmetered=true, batteryPercent=90.0}
I/Finsky  ( 6870): [328] aefz.c(5): SCH: Jobs in database: 1-1337 3-697 10-11 10-26 10-78 12-1 24-77777777 26-1414141414 29-29 34-365 34-368 34-369 
D/iNemoSensor( 2279): setDelay(): handle(0), en(20000000)
I/iNemoSensor( 2279): iNemoSensor::skip update_delay wanted_gyro = 50000000 current delay = 50000000
I/iNemoSensor( 2279): update_delay wanted_accel = 20000000
D/iNemoSensor( 2279): setDelay(): handle(0), en(20000000)
I/iNemoSensor( 2279): iNemoSensor::skip update_delay wanted_gyro = 50000000 current delay = 50000000
I/iNemoSensor( 2279): skip update_delay wanted_accel = 20000000 current delay = 20000000
D/AkmSensor( 2279): MeasureSNGLoop: interval.interval = 20000000, doze_max = 19600, prms->enabled = 2
I/Finsky  ( 6870): [1] aedq.m(9): SCH: Running job: 12-1
I/Finsky  ( 6870): [1] ContentSyncJob.s(1): [ContentSync] job started
I/Finsky  ( 6870): [1] aedq.m(9): SCH: Running job: 29-29
I/Finsky  ( 6870): [1] aedp.handleMessage(29): SCH: RunningQueue size: 2, PendingQueue size: 0
I/Finsky  ( 6870): [1] aedp.handleMessage(32): SCH: Running queue: 12-1 29-29 
I/Finsky  ( 6870): [330] amzs.a(-1): ProcessRecoveryLogsUtil: No files in recovery directory
I/Finsky  ( 6870): [330] aeeq.n(4): SCH: jobFinished: 29-29. TimeElapsed: 30ms.
I/Finsky  ( 6870): [1] aedq.b(3): SCH: Job 29-29 finished. Not rescheduling.
I/Finsky  ( 6870): [1] aedp.handleMessage(29): SCH: RunningQueue size: 1, PendingQueue size: 0
I/Finsky  ( 6870): [1] aedp.handleMessage(32): SCH: Running queue: 12-1 
D/BluetoothAdapter( 2514): 1110975688: getState() :  mService = null. Returning STATE_OFF
I/LockboxService( 2563): Completed task: true [CONTEXT service_id=26 ]
I/dalvikvm( 6870): Could not find method android.content.pm.PackageManager.getSharedLibraries, referenced from method aafv.b
W/dalvikvm( 6870): VFY: unable to resolve virtual method 31335: Landroid/content/pm/PackageManager;.getSharedLibraries (I)Ljava/util/List;
D/dalvikvm( 6870): VFY: replacing opcode 0x6e at 0x0015
D/iNemoSensor( 2279): setDelay(): handle(0), en(25000000)
I/iNemoSensor( 2279): iNemoSensor::skip update_delay wanted_gyro = 50000000 current delay = 50000000
I/iNemoSensor( 2279): update_delay wanted_accel = 25000000
D/AkmSensor( 2279): MeasureSNGLoop: interval.interval = 25000000, doze_max = 24500, prms->enabled = 2
I/Finsky  ( 6870): [332] hbk.b(1): Completed 0 account content syncs with 0 successful.
I/Finsky  ( 6870): [1] ContentSyncJob.a(1): [ContentSync] Installation state replication succeeded.
I/Finsky  ( 6870): [1] aeeq.n(4): SCH: jobFinished: 12-1. TimeElapsed: 699ms.
I/Finsky  ( 6870): [1] aedq.b(3): SCH: Job 12-1 finished. Not rescheduling.
I/Finsky  ( 6870): [1] aedp.handleMessage(29): SCH: RunningQueue size: 0, PendingQueue size: 0
I/Finsky  ( 6870): [1] aedp.handleMessage(10): SCH: Executor finished
I/Finsky  ( 6870): [1] aefz.c(5): SCH: Jobs in database: 1-1337 3-697 10-11 10-26 10-78 24-77777777 26-1414141414 34-365 34-368 34-369 
I/Finsky  ( 6870): [1] aeax.d(7): SCH: Scheduling wakeup in 3599053 millis (absolute: 4372563)
W/System.err( 5515): 580150 [pool-14-thread-18] INFO org.apache.ftpserver.listener.nio.FtpLoggingFilter - RECEIVED: DELE /Download/NewUnityProject.apk
W/System.err( 5515): 580179 [pool-14-thread-18] INFO org.apache.ftpserver.command.impl.DELE - File delete : luciano - /Download/NewUnityProject.apk
W/System.err( 5515): 580191 [pool-14-thread-18] INFO org.apache.ftpserver.listener.nio.FtpLoggingFilter - SENT: 250 Requested file action okay, deleted /Download/NewUnityProject.apk.
W/System.err( 5515): 580202 [pool-14-thread-17] INFO org.apache.ftpserver.listener.nio.FtpLoggingFilter - RECEIVED: TYPE A
W/System.err( 5515): 580204 [pool-14-thread-18] INFO org.apache.ftpserver.listener.nio.FtpLoggingFilter - SENT: 200 Command TYPE okay.
W/System.err( 5515): 580229 [pool-14-thread-17] INFO org.apache.ftpserver.listener.nio.FtpLoggingFilter - RECEIVED: PASV
W/System.err( 5515): 580232 [pool-14-thread-18] INFO org.apache.ftpserver.listener.nio.FtpLoggingFilter - SENT: 227 Entering Passive Mode (192,168,15,18,9,33)
W/System.err( 5515): 580247 [pool-14-thread-17] INFO org.apache.ftpserver.listener.nio.FtpLoggingFilter - RECEIVED: MLSD
W/System.err( 5515): 580268 [pool-14-thread-17] INFO org.apache.ftpserver.listener.nio.FtpLoggingFilter - SENT: 150 File status okay; about to open data connection.
W/System.err( 5515): 580269 [pool-14-thread-17] INFO org.apache.ftpserver.listener.nio.FtpLoggingFilter - SENT: 226 Closing data connection.
W/System.err( 5515): 610565 [pool-14-thread-19] INFO org.apache.ftpserver.listener.nio.FtpLoggingFilter - RECEIVED: TYPE A
W/System.err( 5515): 610567 [pool-14-thread-19] INFO org.apache.ftpserver.listener.nio.FtpLoggingFilter - SENT: 200 Command TYPE okay.
I/Finsky  ( 6870): [273] fxy.call(38): Patch apply task for com.google.android.gms (com.google.android.gms) (format 7) completed in 104648 ms
I/Finsky  ( 6870): [1] fxz.a(10): Successfully applied patch to update com.google.android.gms (com.google.android.gms)
W/Finsky  ( 6870): [333] nbr.run(5): Exception while deleting file:///data/data/com.android.vending/files/phonesky-download-service/46/521f2c8c-a348-4441-a679-03bad7b45183: java.lang.IllegalArgumentException: Unknown URL file:///data/data/com.android.vending/files/phonesky-download-service/46/521f2c8c-a348-4441-a679-03bad7b45183
I/Finsky  ( 6870): [1] nlq.d(1): getDownloads()
I/Finsky:download_service( 7023): [1] ufa.onCreate(2): IPC-SERVER: Starting gRPC host service...
I/Finsky  ( 6870): [1] rqk.run(-1): Installer::IT: Removed com.google.android.gms from ResourceManager for patching complete
I/Finsky  ( 6870): [1] rrg.o(5): Installer::IT: com.google.android.gms to state 40
I/Finsky  ( 6870): [275] rqd.accept(3): Installer::IT: starting next download: package=com.google.android.gms
I/Finsky  ( 6870): [275] rof.b(3): Installer: Handling streamingComplete for com.google.android.gms gid: 0
I/Finsky:download_service( 7023): [279] ndy.c(1): getDownloads()
I/Finsky  ( 6870): [1] nlq.f(1): remove(46)
I/Finsky  ( 6870): [275] rrg.J(51): Installer::IT: Begin install of com.google.android.gms (isid: 1KrjxeS0StamwbV3asgpgw)
I/Finsky:download_service( 7023): [279] ndy.e(1): remove(request_id=46)
I/Finsky  ( 6870): [275] rog.L(12): Installer: Notifying status update. package=com.google.android.gms, status=INSTALLING
I/Finsky  ( 6870): [336] sfq.C(2): IQ: Notifying installation update. package=com.google.android.gms, status=INSTALLING
I/Finsky  ( 6870): [1] anri.b(5): Verification requested, id = 3
I/dalvikvm( 6870): Could not find method android.app.NotificationManager.getActiveNotifications, referenced from method yaa.d
W/dalvikvm( 6870): VFY: unable to resolve virtual method 2581: Landroid/app/NotificationManager;.getActiveNotifications ()[Landroid/service/notification/StatusBarNotification;
D/dalvikvm( 6870): VFY: replacing opcode 0x6e at 0x0019
I/Finsky:download_service( 7023): [281] ndy.h(20): onRemove(request_id=46, files_to_download=1, group_id=com.google.android.gms, display_data[invisible=true, title=Atualizando bibliot. sup. Play], network_restrictions=4, status=succeeded, bytes_downloaded=7541489, retry[count=0, next_retry=n/a])
I/Finsky  ( 6870): [261] VerifyAppsInstallTask.mO(13): Skipping verification because own installation
I/Finsky  ( 6870): [261] VerifyAppsInstallTask.mO(23): Verify: Skipping anti malware verification due to pre-check failure. package=com.google.android.gms
I/Finsky  ( 6870): [261] VerifyPerSourceInstallationConsentInstallTask.mO(2): PSIC verification started with installer uid: 10017 package name: com.android.vending, originating uid: -1
I/dalvikvm( 6870): Could not find method android.app.BroadcastOptions.makeBasic, referenced from method anwb.u
W/dalvikvm( 6870): VFY: unable to resolve static method 30865: Landroid/app/BroadcastOptions;.makeBasic ()Landroid/app/BroadcastOptions;
D/dalvikvm( 6870): VFY: replacing opcode 0x71 at 0x0000
I/dalvikvm( 6870): Could not find method android.util.StatsEvent.newBuilder, referenced from method anwb.x
W/dalvikvm( 6870): VFY: unable to resolve static method 33530: Landroid/util/StatsEvent;.newBuilder ()Landroid/util/StatsEvent$Builder;
D/dalvikvm( 6870): VFY: replacing opcode 0x71 at 0x0000
I/Finsky  ( 6870): [1] rix.a(7): Installer::HLD: previousAllInstallsDone is Optional.empty, allInstallationsDone is Optional[false]
I/Finsky  ( 6870): [1] rix.a(10): Installer::HLD: Updating installations status true cross profiles
I/Finsky  ( 6870): [1] kjc.b(1): XPF:Binding for 1107627408
I/Finsky  ( 6870): [1] kik.a(3): XPF:Registering listener 1107621256 for user UserHandle{0}.
I/Finsky  ( 6870): [1] kik.g(4): XPF:User UserHandle{0} finished enterprise setup, removing profile.
I/Finsky  ( 6870): [1] kik.e(2): XPF:User UserHandle{0} is in installation, adding profile.
I/Finsky  ( 6870): [261] VerifyPerSourceInstallationConsentInstallTask.mO(8): Skipping logging for attempted installation. Pre-O device.
I/Finsky  ( 6870): [261] VerifyPerSourceInstallationConsentInstallTask.mO(33): Skipping validation for user's trust on the source. This is a Play Store installation.
I/Finsky  ( 6870): [1] VerifyInstallTask.g(3): Verifying id=3, result=1
I/Finsky  ( 6870): [1] VerifyInstallTask.mM(6): Verification complete: id=3, package_name=com.google.android.gms
W/ResourceType( 2279): Failure getting entry for 0x7f15036e (t=20 e=878) in package 0 (error -75)
W/ResourceType( 2279): Failure getting entry for 0x7f150275 (t=20 e=629) in package 0 (error -75)
W/ResourceType( 2279): Failure getting entry for 0x7f1503da (t=20 e=986) in package 0 (error -75)
W/ResourceType( 2279): Failure getting entry for 0x7f1503da (t=20 e=986) in package 0 (error -75)
W/ResourceType( 2279): Failure getting entry for 0x7f1503b2 (t=20 e=946) in package 0 (error -75)
W/ResourceType( 2279): Failure getting entry for 0x7f1503b2 (t=20 e=946) in package 0 (error -75)
W/ResourceType( 2279): Failure getting entry for 0x7f1503d0 (t=20 e=976) in package 0 (error -75)
W/ResourceType( 2279): Failure getting entry for 0x7f1503d0 (t=20 e=976) in package 0 (error -75)
W/ResourceType( 2279): Failure getting entry for 0x7f1503ac (t=20 e=940) in package 0 (error -75)
W/ResourceType( 2279): Failure getting entry for 0x7f1503ac (t=20 e=940) in package 0 (error -75)
I/PackageManager( 2279): Running dexopt on: com.google.android.gms
I/Finsky:download_service( 7023): [1] ufa.onDestroy(-1): IPC-SERVER: Stopping gRPC host service...
D/dalvikvm( 7119): DexOpt: couldn't find static field Landroid/os/Build;.SUPPORTED_64_BIT_ABIS
D/dalvikvm( 7119): DexOpt: couldn't find static field Landroid/os/Build;.SUPPORTED_64_BIT_ABIS
D/dalvikvm( 7119): DexOpt: couldn't find field Landroid/app/Notification;.headsUpContentView
D/dalvikvm( 7119): DexOpt: couldn't find static field Landroid/os/Build;.SUPPORTED_64_BIT_ABIS
D/dalvikvm( 7119): DexOpt: couldn't find field Landroid/content/pm/ApplicationInfo;.splitSourceDirs
D/dalvikvm( 7119): DexOpt: couldn't find static field Landroid/os/Build;.SUPPORTED_ABIS
D/dalvikvm( 7119): DexOpt: load 274ms, verify+opt 1179ms, 3858860 bytes
I/InputReader( 2279): Reconfiguring input devices.  changes=0x00000010
I/PackageManager( 2279):   Action: "android.intent.action.SENDTO"
I/PackageManager( 2279):   Category: "android.intent.category.DEFAULT"
I/PackageManager( 2279):   Scheme: "sms"
D/Documents( 6972): Used cached roots for com.android.externalstorage.documents
D/Documents( 6972): Used cached roots for com.android.providers.downloads.documents
D/Documents( 6972): Used cached roots for com.android.providers.media.documents
D/Documents( 6972): Update found 6 roots in 65ms
I/InputReader( 2279): Reconfiguring input devices.  changes=0x00000010
D/Documents( 6972): Used cached roots for com.android.externalstorage.documents
I/PackageManager( 2279):   Action: "android.intent.action.SENDTO"
I/PackageManager( 2279):   Category: "android.intent.category.DEFAULT"
I/PackageManager( 2279):   Scheme: "smsto"
D/Documents( 6972): Used cached roots for com.android.providers.downloads.documents
D/Documents( 6972): Used cached roots for com.android.providers.media.documents
D/Documents( 6972): Update found 6 roots in 67ms
I/PackageManager( 2279):   Action: "android.intent.action.SENDTO"
I/PackageManager( 2279):   Category: "android.intent.category.DEFAULT"
I/PackageManager( 2279):   Scheme: "mms"
I/PackageManager( 2279):   Action: "android.intent.action.SENDTO"
I/PackageManager( 2279):   Category: "android.intent.category.DEFAULT"
I/PackageManager( 2279):   Scheme: "mmsto"
I/Finsky  ( 6870): [1] aafs.g(-1): Invalidating cached PackageState for com.google.android.gms
I/PackageManager( 2279):   Action: "android.intent.action.SENDTO"
I/PackageManager( 2279):   Category: "android.intent.category.DEFAULT"
I/PackageManager( 2279):   Scheme: "sms"
I/PackageManager( 2279):   Action: "android.intent.action.SENDTO"
I/PackageManager( 2279):   Category: "android.intent.category.DEFAULT"
I/PackageManager( 2279):   Scheme: "smsto"
D/ActivityThread( 7127): handleBindApplication:com.google.android.gms
D/ActivityThread( 7127): setTargetHeapUtilization:0.75
D/ActivityThread( 7127): setTargetHeapMinFree:2097152
I/Finsky  ( 6870): [345] pso.run(-1): Wrote row to frosting DB: 2929
I/InputReader( 2279): Reconfiguring input devices.  changes=0x00000010
I/PackageManager( 2279):   Action: "android.intent.action.SENDTO"
I/PackageManager( 2279):   Category: "android.intent.category.DEFAULT"
I/PackageManager( 2279):   Scheme: "mms"
I/PackageManager( 2279):   Action: "android.intent.action.SENDTO"
I/PackageManager( 2279):   Category: "android.intent.category.DEFAULT"
I/PackageManager( 2279):   Scheme: "mmsto"
I/Finsky  ( 6870): [1] aadx.run(3): Package install status for com.google.android.gms is 1
D/ActivityThread( 7148): handleBindApplication:com.google.android.gms.persistent
D/ActivityThread( 7148): setTargetHeapUtilization:0.75
D/ActivityThread( 7148): setTargetHeapMinFree:2097152
I/PackageManager( 2279):   Action: "android.intent.action.SENDTO"
I/PackageManager( 2279):   Category: "android.intent.category.DEFAULT"
I/PackageManager( 2279):   Scheme: "sms"
I/PackageManager( 2279):   Action: "android.intent.action.SENDTO"
I/PackageManager( 2279):   Category: "android.intent.category.DEFAULT"
I/PackageManager( 2279):   Scheme: "smsto"
W/dalvikvm( 7127): VFY: unable to resolve static field 2040 (PR_SET_DUMPABLE) in Landroid/system/OsConstants;
D/dalvikvm( 7127): VFY: replacing opcode 0x60 at 0x0017
W/dalvikvm( 7127): VFY: unable to find class referenced in signature (Lzss;)
W/dalvikvm( 7127): VFY: unable to find class referenced in signature (Lztj;)
I/Finsky  ( 6870): [1] rra.c(4): Installer::IT: Successful install of com.google.android.gms (isid: 1KrjxeS0StamwbV3asgpgw)
I/PackageManager( 2279):   Action: "android.intent.action.SENDTO"
I/PackageManager( 2279):   Category: "android.intent.category.DEFAULT"
I/PackageManager( 2279):   Scheme: "mms"
I/PackageManager( 2279):   Action: "android.intent.action.SENDTO"
I/PackageManager( 2279):   Category: "android.intent.category.DEFAULT"
I/PackageManager( 2279):   Scheme: "mmsto"
W/dalvikvm( 7148): VFY: unable to resolve static field 2040 (PR_SET_DUMPABLE) in Landroid/system/OsConstants;
D/dalvikvm( 7148): VFY: replacing opcode 0x60 at 0x0017
I/PackageManager( 2279):   Action: "android.intent.action.SENDTO"
I/PackageManager( 2279):   Category: "android.intent.category.DEFAULT"
I/PackageManager( 2279):   Scheme: "sms"
W/dalvikvm( 7148): VFY: unable to find class referenced in signature (Lzss;)
W/dalvikvm( 7148): VFY: unable to find class referenced in signature (Lztj;)
D/ActivityThread( 7165): handleBindApplication:com.google.process.gapps
D/ActivityThread( 7165): setTargetHeapUtilization:0.75
D/ActivityThread( 7165): setTargetHeapMinFree:2097152
I/PackageManager( 2279):   Action: "android.intent.action.SENDTO"
I/PackageManager( 2279):   Category: "android.intent.category.DEFAULT"
I/PackageManager( 2279):   Scheme: "smsto"
I/Finsky  ( 6870): [1] rrg.o(5): Installer::IT: com.google.android.gms to state 70
I/Finsky  ( 6870): [1] aafs.g(-1): Invalidating cached PackageState for com.google.android.gms
I/PackageManager( 2279):   Action: "android.intent.action.SENDTO"
I/PackageManager( 2279):   Category: "android.intent.category.DEFAULT"
I/PackageManager( 2279):   Scheme: "mms"
I/Finsky  ( 6870): [345] pso.run(-1): Wrote row to frosting DB: 2930
I/PackageManager( 2279):   Action: "android.intent.action.SENDTO"
I/PackageManager( 2279):   Category: "android.intent.category.DEFAULT"
I/PackageManager( 2279):   Scheme: "mmsto"
I/Finsky  ( 6870): [1] rrg.M(1): Installer::IT: Cleaning up task: com.google.android.gms
I/PackageManager( 2279):   Action: "android.intent.action.SENDTO"
I/PackageManager( 2279):   Category: "android.intent.category.DEFAULT"
I/PackageManager( 2279):   Scheme: "sms"
I/PackageManager( 2279):   Action: "android.intent.action.SENDTO"
I/PackageManager( 2279):   Category: "android.intent.category.DEFAULT"
I/PackageManager( 2279):   Scheme: "smsto"
I/PackageManager( 2279):   Action: "android.intent.action.SENDTO"
I/PackageManager( 2279):   Category: "android.intent.category.DEFAULT"
I/PackageManager( 2279):   Scheme: "mms"
I/Finsky  ( 6870): [1] rog.L(12): Installer: Notifying status update. package=com.google.android.gms, status=INSTALLED
I/PackageManager( 2279):   Action: "android.intent.action.SENDTO"
I/PackageManager( 2279):   Category: "android.intent.category.DEFAULT"
I/PackageManager( 2279):   Scheme: "mmsto"
I/PackageManager( 2279):   Action: "android.intent.action.SENDTO"
I/PackageManager( 2279):   Category: "android.intent.category.DEFAULT"
I/PackageManager( 2279):   Scheme: "sms"
I/dalvikvm( 7165): Could not find method android.content.ContentProvider.query, referenced from method byh.superQuery
W/dalvikvm( 7165): VFY: unable to resolve virtual method 3029: Landroid/content/ContentProvider;.query (Landroid/net/Uri;[Ljava/lang/String;Landroid/os/Bundle;Landroid/os/CancellationSignal;)Landroid/database/Cursor;
D/dalvikvm( 7165): VFY: replacing opcode 0x6f at 0x0000
I/Finsky  ( 6870): [1] rrg.aR(12): Installer::IT: using autoupdate DAO and setting lastUpdateTimestamp
I/Finsky  ( 6870): [1] rrg.o(5): Installer::IT: com.google.android.gms to state 80
I/Finsky  ( 6870): [1] rog.V(1): Installer: stopping tracking of task: com.google.android.gms
I/PackageManager( 2279):   Action: "android.intent.action.SENDTO"
I/PackageManager( 2279):   Category: "android.intent.category.DEFAULT"
I/PackageManager( 2279):   Scheme: "smsto"
I/PackageManager( 2279):   Action: "android.intent.action.SENDTO"
I/PackageManager( 2279):   Category: "android.intent.category.DEFAULT"
I/PackageManager( 2279):   Scheme: "mms"
I/PackageManager( 2279):   Action: "android.intent.action.SENDTO"
I/PackageManager( 2279):   Category: "android.intent.category.DEFAULT"
I/PackageManager( 2279):   Scheme: "mmsto"
I/Finsky  ( 6870): [1] rog.O(7): Installer: found apps to install. isMultiUserMode=false, apps=[]
I/GservicesProvider( 7165): Gservices pushing to system: true; secure/global: true
I/Finsky  ( 6870): [336] sfq.C(2): IQ: Notifying installation update. package=com.google.android.gms, status=INSTALLED
W/Launcher( 2637): setApplicationContext called twice! old=com.android.launcher3.LauncherApplication@41fae4d0 new=com.android.launcher3.LauncherApplication@41fae4d0
I/Finsky  ( 6870): [336] sfq.t(6): IQ: Pruning inactive install requests
I/Finsky  ( 6870): [336] sfq.t(29): IQ: Finishing job 698
I/Finsky  ( 6870): [336] aeeq.n(4): SCH: jobFinished: 3-698. TimeElapsed: 119703ms.
I/Finsky  ( 6870): [336] kjc.d(1): XPF:unbinding for 1121654840
I/Finsky  ( 6870): [313] kik.b(3): XPF:Removing listener for user UserHandle{0} and listener 1121654768
I/Finsky  ( 6870): [336] kjc.d(1): XPF:unbinding for 1121657368
I/Finsky  ( 6870): [315] kik.b(3): XPF:Removing listener for user UserHandle{0} and listener 1121657296
I/Finsky  ( 6870): [336] sfq.t(35): IQ: No matching installs to run for jobs: [698]
I/Finsky  ( 6870): [1] rix.a(7): Installer::HLD: previousAllInstallsDone is Optional[false], allInstallationsDone is Optional[true]
I/Finsky  ( 6870): [1] rix.a(10): Installer::HLD: Updating installations status false cross profiles
I/Finsky  ( 6870): [1] kjc.b(1): XPF:Binding for 1107627408
I/Finsky  ( 6870): [1] kjc.b(2): Skipping binding because it's already bound.
I/Finsky  ( 6870): [1] kik.e(3): XPF:User UserHandle{0} is not in installation anymore, removing profile.
I/Finsky  ( 6870): [1] kik.e(5): XPF:Notifying user UserHandle{0} that all installs are finished
I/Finsky  ( 6870): [1] kjc.d(1): XPF:unbinding for 1107627408
I/Finsky  ( 6870): [310] kik.b(3): XPF:Removing listener for user UserHandle{0} and listener 1107621256
I/Finsky  ( 6870): [1] aaer.h(1): PackageMonitorReceiverImpl - Received: android.intent.action.PACKAGE_REMOVED, [5RgnIEJQaOQbqneqo2SF47BEgT9fG5svDK6hS_daqhI]
I/Finsky  ( 6870): [1] aafs.g(-1): Invalidating cached PackageState for com.google.android.gms
I/Finsky  ( 6870): [1] rni.s(2): Installer: package com.google.android.gms was removed. replacing: true
I/Finsky  ( 6870): [1] rog.L(12): Installer: Notifying status update. package=com.google.android.gms, status=UNINSTALLED
I/Finsky  ( 6870): [345] pso.run(-1): Wrote row to frosting DB: 2931
I/Finsky  ( 6870): [349] hlm.a(3): Cancelled 0 ongoing asset module downloads for package com.google.android.gms due to a concurrent app update.
I/dalvikvm( 7127): Could not find method android.system.Os.readlink, referenced from method njr.a
W/dalvikvm( 7127): VFY: unable to resolve static method 4574: Landroid/system/Os;.readlink (Ljava/lang/String;)Ljava/lang/String;
D/dalvikvm( 7127): VFY: replacing opcode 0x71 at 0x00ac
I/dalvikvm( 7127): Could not find method android.os.PowerManager.isInteractive, referenced from method nuj.a
W/dalvikvm( 7127): VFY: unable to resolve virtual method 3877: Landroid/os/PowerManager;.isInteractive ()Z
D/dalvikvm( 7127): VFY: replacing opcode 0x6e at 0x0013
I/MultiDex( 7127): VM with version 1.6.0 does not have multidex support
I/MultiDex( 7127): Installing application
I/MultiDex( 7127): MultiDexExtractor(204714003, /data/app/com.google.android.gms-1.apk, /data/data/com.google.android.gms/code_cache/secondary-dexes)
I/Finsky  ( 6870): [1] rog.O(7): Installer: found apps to install. isMultiUserMode=false, apps=[]
I/MultiDex( 7127): Blocking on lock /data/data/com.google.android.gms/code_cache/secondary-dexes/MultiDex.lock
I/MultiDex( 7127): /data/data/com.google.android.gms/code_cache/secondary-dexes/MultiDex.lock locked
I/MultiDex( 7127): MultiDexExtractor.load(204714003, /data/app/com.google.android.gms-1.apk, false, )
I/Finsky  ( 6870): [336] sfq.C(2): IQ: Notifying installation update. package=com.google.android.gms, status=UNINSTALLED
