--------- beginning of /dev/log/main
E/        ( 2637): Device driver API match
E/        ( 2637): Device driver API version: 23
E/        ( 2637): User space API version: 23 
E/        ( 2637): mali: REVISION=Linux-r3p2-01rel3 BUILD_DATE=Fri Mar 21 13:52:50 KST 2014 
E/        ( 2637): Device driver API match
E/        ( 2637): Device driver API version: 23
E/        ( 2637): User space API version: 23 
E/        ( 2637): mali: REVISION=Linux-r3p2-01rel3 BUILD_DATE=Fri Mar 21 13:52:50 KST 2014 
E/        ( 6126): Device driver API match
E/        ( 6126): Device driver API version: 23
E/        ( 6126): User space API version: 23 
E/        ( 6126): mali: REVISION=Linux-r3p2-01rel3 BUILD_DATE=Fri Mar 21 13:52:50 KST 2014 
E/rsC++   ( 2637): RS Message thread exiting.
E/        ( 2637): Device driver API match
E/        ( 2637): Device driver API version: 23
E/        ( 2637): User space API version: 23 
E/        ( 2637): mali: REVISION=Linux-r3p2-01rel3 BUILD_DATE=Fri Mar 21 13:52:50 KST 2014 
E/dalvikvm( 6870): Could not find class 'cux', referenced from method cug.a
E/dalvikvm( 6870): Could not find class 'com.google.android.finsky.scheduler.process.mainimpl.PhoneskyJobServiceMain', referenced from method aeiu.b
E/dalvikvm( 6870): Could not find class 'android.content.pm.PackageInstaller', referenced from method aacr.b
E/dalvikvm( 6870): Could not find class 'android.content.pm.PackageInstaller', referenced from method afds.b
E/dalvikvm( 6870): Could not find class 'android.content.pm.PackageInstaller', referenced from method afdr.b
E/dalvikvm( 6870): Could not find class 'android.app.usage.NetworkStatsManager', referenced from method fmm.b
E/dalvikvm( 6870): Could not find class 'android.app.usage.NetworkStatsManager', referenced from method krf.b
E/dalvikvm( 6870): Could not find class 'android.app.usage.UsageStatsManager', referenced from method fmw.b
E/dalvikvm( 6870): Could not find class 'android.app.NotificationChannelGroup', referenced from method adhr.h
E/dalvikvm( 6870): Could not find class 'android.app.job.JobScheduler', referenced from method aedg.a
E/dalvikvm( 6870): Could not find class 'android.app.job.JobScheduler', referenced from method aedg.a
E/dalvikvm( 6870): Could not find class 'bjep', referenced from method bjet.<init>
E/dalvikvm( 6870): Could not find class 'bjeh', referenced from method bjet.<init>
E/dalvikvm( 6870): Could not find class 'bjej', referenced from method bjet.<init>
E/dalvikvm( 6870): Could not find class 'android.net.ProxyInfo', referenced from method org.chromium.net.ProxyChangeListener.a
E/dalvikvm( 6870): Could not find class 'android.content.RestrictionsManager', referenced from method mnb.f
E/dalvikvm( 6870): Could not find class 'absa', referenced from method abtf.t
E/dalvikvm( 6870): Could not find class 'android.content.RestrictionsManager', referenced from method aoak.<init>
E/dalvikvm( 6870): Could not find class 'android.app.NotificationChannel', referenced from method yba.az
E/dalvikvm( 6870): Could not find class 'android.app.usage.UsageStatsManager', referenced from method rhv.b
E/dalvikvm( 6870): Could not find class 'android.app.usage.UsageStats', referenced from method rhv.b
E/dalvikvm( 6870): Could not find class 'org.conscrypt.TrustManagerImpl', referenced from method org.conscrypt.Conscrypt.isConscrypt
E/dalvikvm( 6870): Could not find class 'org.conscrypt.TrustManagerImpl', referenced from method org.conscrypt.Conscrypt.toConscrypt
E/dalvikvm( 6870): Could not find class 'com.google.common.flogger.backend.google.GooglePlatform', referenced from method bafn.a
E/dalvikvm( 6870): Could not find class 'com.google.common.flogger.backend.system.DefaultPlatform', referenced from method bafn.a
E/SELinux ( 7009): SELinux: Loaded file_contexts from /file_contexts
E/SELinux ( 7009): SELinux:  Could not open /data/system/packages.list:  Permission denied.
E/dalvikvm( 6870): Could not find class 'javax.net.ssl.SNIServerName', referenced from method org.conscrypt.Platform.getSniHostnameFromParams
E/dalvikvm( 6870): Could not find class 'javax.net.ssl.SNIMatcher', referenced from method org.conscrypt.Platform.serverNamePermittedInternal
E/dalvikvm( 6870): Could not find class 'javax.net.ssl.SNIHostName', referenced from method org.conscrypt.Platform.setParametersSniHostname
E/dalvikvm( 6870): Could not find class 'javax.net.ssl.SNIHostName', referenced from method org.conscrypt.Platform.setParametersSniHostname
E/dalvikvm( 6870): Could not find class 'org.conscrypt.Java8ExtendedSSLSession', referenced from method org.conscrypt.Platform.wrapSSLSession
E/dalvikvm( 7023): Could not find class 'com.google.android.finsky.scheduler.process.downloadserviceimpl.PhoneskyJobServiceDownloadService', referenced from method aeis.b
E/dalvikvm( 7023): Could not find class 'android.app.NotificationChannel', referenced from method njz.a
E/dalvikvm( 7023): Could not find class 'nkk', referenced from method nkl.a
E/dalvikvm( 7023): Could not find class 'com.google.common.flogger.backend.google.GooglePlatform', referenced from method bafn.a
E/dalvikvm( 7023): Could not find class 'com.google.common.flogger.backend.system.DefaultPlatform', referenced from method bafn.a
F/Finsky:download_service( 7023): [277] njp.f(3): Service object is not present when stopServiceSafely was called.
F/Finsky:download_service( 7023): com.google.android.flib.log.WhatATerribleException
F/Finsky:download_service( 7023): 	at aqdi.h(PG:2)
F/Finsky:download_service( 7023): 	at com.google.android.finsky.utils.FinskyLog.g(PG:3)
F/Finsky:download_service( 7023): 	at njp.f(PG:3)
F/Finsky:download_service( 7023): 	at njp.g(PG:1)
F/Finsky:download_service( 7023): 	at njp.c(PG:2)
F/Finsky:download_service( 7023): 	at nla.h(PG)
F/Finsky:download_service( 7023): 	at nky.a(Unknown Source)
F/Finsky:download_service( 7023): 	at nla.j(PG:1)
F/Finsky:download_service( 7023): 	at nla.d(PG)
F/Finsky:download_service( 7023): 	at ngc.b(PG:4)
F/Finsky:download_service( 7023): 	at nfo.f(PG:4)
F/Finsky:download_service( 7023): 	at nfg.apply(Unknown Source)
F/Finsky:download_service( 7023): 	at j$.util.stream.ReferencePipeline$3$1.accept(ReferencePipeline.java:193)
F/Finsky:download_service( 7023): 	at j$.util.Iterator$$CC.forEachRemaining$$dflt$$(Unknown Source)
F/Finsky:download_service( 7023): 	at j$.util.Iterator$$Dispatch.forEachRemaining(Unknown Source)
F/Finsky:download_service( 7023): 	at j$.util.Spliterators$IteratorSpliterator.forEachRemaining(Spliterators.java:1801)
F/Finsky:download_service( 7023): 	at j$.util.stream.AbstractPipeline.copyInto(AbstractPipeline.java:481)
F/Finsky:download_service( 7023): 	at j$.util.stream.AbstractPipeline.wrapAndCopyInto(AbstractPipeline.java:471)
F/Finsky:download_service( 7023): 	at j$.util.stream.ReduceOps$ReduceOp.evaluateSequential(ReduceOps.java:708)
F/Finsky:download_service( 7023): 	at j$.util.stream.AbstractPipeline.evaluate(AbstractPipeline.java:234)
F/Finsky:download_service( 7023): 	at j$.util.stream.ReferencePipeline.collect(ReferencePipeline.java:499)
F/Finsky:download_service( 7023): 	at nei.a(Unknown Source)
F/Finsky:download_service( 7023): 	at bapl.f(PG)
F/Finsky:download_service( 7023): 	at bapn.run(PG:9)
F/Finsky:download_service( 7023): 	at java.util.concurrent.ThreadPoolExecutor.runWorker(ThreadPoolExecutor.java:1112)
F/Finsky:download_service( 7023): 	at java.util.concurrent.ThreadPoolExecutor$Worker.run(ThreadPoolExecutor.java:587)
F/Finsky:download_service( 7023): 	at ojl.run(Unknown Source)
F/Finsky:download_service( 7023): 	at java.lang.Thread.run(Thread.java:841)
E/dalvikvm( 6870): Could not find class 'android.security.FileIntegrityManager', referenced from method rrg.aF
E/dalvikvm( 6870): Could not find class 'android.content.pm.PackageInstaller$SessionParams', referenced from method ssp.b
E/dalvikvm( 6870): Could not find class 'appx', referenced from method appy.b
E/dalvikvm( 6870): Could not find class 'android.content.om.OverlayManager', referenced from method afyw.s
E/dalvikvm( 6870): Could not find class 'android.app.usage.UsageStatsManager', referenced from method afnt.a
E/cutils-trace( 7195): Error opening trace file: No such file or directory (2)
E/cutils-trace( 7199): Error opening trace file: No such file or directory (2)
E/cutils-trace( 7200): Error opening trace file: No such file or directory (2)
E/cutils-trace( 7201): Error opening trace file: No such file or directory (2)
E/cutils-trace( 7203): Error opening trace file: No such file or directory (2)
E/dalvikvm( 7127): Could not find class 'com.google.common.flogger.backend.google.GooglePlatform', referenced from method bgui.a
E/dalvikvm( 7148): Could not find class 'com.google.common.flogger.backend.google.GooglePlatform', referenced from method bgui.a
E/DowngradeHelper( 7127): isModuleDowngradeRequired false
E/dalvikvm( 7127): Could not find class 'com.google.android.gms.org.conscrypt.TrustManagerImpl', referenced from method com.google.android.gms.org.conscrypt.Conscrypt.isConscrypt
E/dalvikvm( 7148): Could not find class 'com.google.android.gms.org.conscrypt.TrustManagerImpl', referenced from method com.google.android.gms.org.conscrypt.Conscrypt.isConscrypt
E/dalvikvm( 7127): Could not find class 'com.google.android.gms.org.conscrypt.TrustManagerImpl', referenced from method com.google.android.gms.org.conscrypt.Conscrypt.toConscrypt
E/dalvikvm( 7148): Could not find class 'com.google.android.gms.org.conscrypt.TrustManagerImpl', referenced from method com.google.android.gms.org.conscrypt.Conscrypt.toConscrypt
E/dalvikvm( 7127): Could not find class 'javax.net.ssl.SNIServerName', referenced from method com.google.android.gms.org.conscrypt.Platform.getSniHostnameFromParams
E/dalvikvm( 7127): Could not find class 'javax.net.ssl.SNIMatcher', referenced from method com.google.android.gms.org.conscrypt.Platform.serverNamePermittedInternal
E/dalvikvm( 7127): Could not find class 'javax.net.ssl.SNIHostName', referenced from method com.google.android.gms.org.conscrypt.Platform.setParametersSniHostname
E/dalvikvm( 7127): Could not find class 'javax.net.ssl.SNIHostName', referenced from method com.google.android.gms.org.conscrypt.Platform.setParametersSniHostname
E/dalvikvm( 7148): Could not find class 'javax.net.ssl.SNIServerName', referenced from method com.google.android.gms.org.conscrypt.Platform.getSniHostnameFromParams
E/dalvikvm( 7148): Could not find class 'javax.net.ssl.SNIMatcher', referenced from method com.google.android.gms.org.conscrypt.Platform.serverNamePermittedInternal
E/dalvikvm( 7148): Could not find class 'javax.net.ssl.SNIHostName', referenced from method com.google.android.gms.org.conscrypt.Platform.setParametersSniHostname
E/dalvikvm( 7148): Could not find class 'javax.net.ssl.SNIHostName', referenced from method com.google.android.gms.org.conscrypt.Platform.setParametersSniHostname
E/dalvikvm( 7148): Could not find class 'android.hardware.location.ContextHubManager', referenced from method azgj.b
E/dalvikvm( 7127): Could not find class 'android.bluetooth.le.ScanFilter$Builder', referenced from method kyf.f
E/dalvikvm( 7127): Could not find class 'android.media.projection.MediaProjectionManager', referenced from method lqd.f
E/dalvikvm( 7148): Could not find class 'android.content.RestrictionsManager', referenced from method azil.a
E/AsyncOperation( 7127): operation=xlb, opStatusCode=12009 [CONTEXT service_id=45 ]
E/AsyncOperation( 7127): OperationException[Status{statusCode=unknown status code: 12009, resolution=null}]
E/AsyncOperation( 7127): 	at aldt.g(:com.google.android.gms@204714003@20.47.14 (000306-349456378):1)
E/AsyncOperation( 7127): 	at aldt.fE(:com.google.android.gms@204714003@20.47.14 (000306-349456378):31)
E/AsyncOperation( 7127): 	at vqg.run(:com.google.android.gms@204714003@20.47.14 (000306-349456378):9)
E/AsyncOperation( 7127): 	at bemo.run(:com.google.android.gms@204714003@20.47.14 (000306-349456378):2)
E/AsyncOperation( 7127): 	at oed.c(:com.google.android.gms@204714003@20.47.14 (000306-349456378):6)
E/AsyncOperation( 7127): 	at oed.run(:com.google.android.gms@204714003@20.47.14 (000306-349456378):7)
E/AsyncOperation( 7127): 	at java.util.concurrent.ThreadPoolExecutor.runWorker(ThreadPoolExecutor.java:1112)
E/AsyncOperation( 7127): 	at java.util.concurrent.ThreadPoolExecutor$Worker.run(ThreadPoolExecutor.java:587)
E/AsyncOperation( 7127): 	at ojr.run(:com.google.android.gms@204714003@20.47.14 (000306-349456378):0)
E/AsyncOperation( 7127): 	at java.lang.Thread.run(Thread.java:841)
E/AsyncOperation( 7127): operation=xlb, opStatusCode=12009 [CONTEXT service_id=45 ]
E/AsyncOperation( 7127): OperationException[Status{statusCode=unknown status code: 12009, resolution=null}]
E/AsyncOperation( 7127): 	at aldt.g(:com.google.android.gms@204714003@20.47.14 (000306-349456378):1)
E/AsyncOperation( 7127): 	at aldt.fE(:com.google.android.gms@204714003@20.47.14 (000306-349456378):31)
E/AsyncOperation( 7127): 	at vqg.run(:com.google.android.gms@204714003@20.47.14 (000306-349456378):9)
E/AsyncOperation( 7127): 	at bemo.run(:com.google.android.gms@204714003@20.47.14 (000306-349456378):2)
E/AsyncOperation( 7127): 	at oed.c(:com.google.android.gms@204714003@20.47.14 (000306-349456378):6)
E/AsyncOperation( 7127): 	at oed.run(:com.google.android.gms@204714003@20.47.14 (000306-349456378):8)
E/AsyncOperation( 7127): 	at java.util.concurrent.ThreadPoolExecutor.runWorker(ThreadPoolExecutor.java:1112)
E/AsyncOperation( 7127): 	at java.util.concurrent.ThreadPoolExecutor$Worker.run(ThreadPoolExecutor.java:587)
E/AsyncOperation( 7127): 	at ojr.run(:com.google.android.gms@204714003@20.47.14 (000306-349456378):0)
E/AsyncOperation( 7127): 	at java.lang.Thread.run(Thread.java:841)
E/AsyncOperation( 7127): operation=xlb, opStatusCode=12009 [CONTEXT service_id=45 ]
E/AsyncOperation( 7127): OperationException[Status{statusCode=unknown status code: 12009, resolution=null}]
E/AsyncOperation( 7127): 	at aldt.g(:com.google.android.gms@204714003@20.47.14 (000306-349456378):1)
E/AsyncOperation( 7127): 	at aldt.fE(:com.google.android.gms@204714003@20.47.14 (000306-349456378):31)
E/AsyncOperation( 7127): 	at vqg.run(:com.google.android.gms@204714003@20.47.14 (000306-349456378):9)
E/AsyncOperation( 7127): 	at bemo.run(:com.google.android.gms@204714003@20.47.14 (000306-349456378):2)
E/AsyncOperation( 7127): 	at oed.c(:com.google.android.gms@204714003@20.47.14 (000306-349456378):6)
E/AsyncOperation( 7127): 	at oed.run(:com.google.android.gms@204714003@20.47.14 (000306-349456378):8)
E/AsyncOperation( 7127): 	at java.util.concurrent.ThreadPoolExecutor.runWorker(ThreadPoolExecutor.java:1112)
E/AsyncOperation( 7127): 	at java.util.concurrent.ThreadPoolExecutor$Worker.run(ThreadPoolExecutor.java:587)
E/AsyncOperation( 7127): 	at ojr.run(:com.google.android.gms@204714003@20.47.14 (000306-349456378):0)
E/AsyncOperation( 7127): 	at java.lang.Thread.run(Thread.java:841)
E/AsyncOperation( 7127): operation=xlb, opStatusCode=12009 [CONTEXT service_id=45 ]
E/AsyncOperation( 7127): OperationException[Status{statusCode=unknown status code: 12009, resolution=null}]
E/AsyncOperation( 7127): 	at aldt.g(:com.google.android.gms@204714003@20.47.14 (000306-349456378):1)
E/AsyncOperation( 7127): 	at aldt.fE(:com.google.android.gms@204714003@20.47.14 (000306-349456378):31)
E/AsyncOperation( 7127): 	at vqg.run(:com.google.android.gms@204714003@20.47.14 (000306-349456378):9)
E/AsyncOperation( 7127): 	at bemo.run(:com.google.android.gms@204714003@20.47.14 (000306-349456378):2)
E/AsyncOperation( 7127): 	at oed.c(:com.google.android.gms@204714003@20.47.14 (000306-349456378):6)
E/AsyncOperation( 7127): 	at oed.run(:com.google.android.gms@204714003@20.47.14 (000306-349456378):8)
E/AsyncOperation( 7127): 	at java.util.concurrent.ThreadPoolExecutor.runWorker(ThreadPoolExecutor.java:1112)
E/AsyncOperation( 7127): 	at java.util.concurrent.ThreadPoolExecutor$Worker.run(ThreadPoolExecutor.java:587)
E/AsyncOperation( 7127): 	at ojr.run(:com.google.android.gms@204714003@20.47.14 (000306-349456378):0)
E/AsyncOperation( 7127): 	at java.lang.Thread.run(Thread.java:841)
E/AsyncOperation( 7127): operation=xlb, opStatusCode=12009 [CONTEXT service_id=45 ]
E/AsyncOperation( 7127): OperationException[Status{statusCode=unknown status code: 12009, resolution=null}]
E/AsyncOperation( 7127): 	at aldt.g(:com.google.android.gms@204714003@20.47.14 (000306-349456378):1)
E/AsyncOperation( 7127): 	at aldt.fE(:com.google.android.gms@204714003@20.47.14 (000306-349456378):31)
E/AsyncOperation( 7127): 	at vqg.run(:com.google.android.gms@204714003@20.47.14 (000306-349456378):9)
E/AsyncOperation( 7127): 	at bemo.run(:com.google.android.gms@204714003@20.47.14 (000306-349456378):2)
E/AsyncOperation( 7127): 	at oed.c(:com.google.android.gms@204714003@20.47.14 (000306-349456378):6)
E/AsyncOperation( 7127): 	at oed.run(:com.google.android.gms@204714003@20.47.14 (000306-349456378):8)
E/AsyncOperation( 7127): 	at java.util.concurrent.ThreadPoolExecutor.runWorker(ThreadPoolExecutor.java:1112)
E/AsyncOperation( 7127): 	at java.util.concurrent.ThreadPoolExecutor$Worker.run(ThreadPoolExecutor.java:587)
E/AsyncOperation( 7127): 	at ojr.run(:com.google.android.gms@204714003@20.47.14 (000306-349456378):0)
E/AsyncOperation( 7127): 	at java.lang.Thread.run(Thread.java:841)
E/AsyncOperation( 7127): operation=xlb, opStatusCode=12009 [CONTEXT service_id=45 ]
E/AsyncOperation( 7127): OperationException[Status{statusCode=unknown status code: 12009, resolution=null}]
E/AsyncOperation( 7127): 	at aldt.g(:com.google.android.gms@204714003@20.47.14 (000306-349456378):1)
E/AsyncOperation( 7127): 	at aldt.fE(:com.google.android.gms@204714003@20.47.14 (000306-349456378):31)
E/AsyncOperation( 7127): 	at vqg.run(:com.google.android.gms@204714003@20.47.14 (000306-349456378):9)
E/AsyncOperation( 7127): 	at bemo.run(:com.google.android.gms@204714003@20.47.14 (000306-349456378):2)
E/AsyncOperation( 7127): 	at oed.c(:com.google.android.gms@204714003@20.47.14 (000306-349456378):6)
E/AsyncOperation( 7127): 	at oed.run(:com.google.android.gms@204714003@20.47.14 (000306-349456378):8)
E/AsyncOperation( 7127): 	at java.util.concurrent.ThreadPoolExecutor.runWorker(ThreadPoolExecutor.java:1112)
E/AsyncOperation( 7127): 	at java.util.concurrent.ThreadPoolExecutor$Worker.run(ThreadPoolExecutor.java:587)
E/AsyncOperation( 7127): 	at ojr.run(:com.google.android.gms@204714003@20.47.14 (000306-349456378):0)
E/AsyncOperation( 7127): 	at java.lang.Thread.run(Thread.java:841)
E/AsyncOperation( 7127): operation=xlb, opStatusCode=12009 [CONTEXT service_id=45 ]
E/AsyncOperation( 7127): OperationException[Status{statusCode=unknown status code: 12009, resolution=null}]
E/AsyncOperation( 7127): 	at aldt.g(:com.google.android.gms@204714003@20.47.14 (000306-349456378):1)
E/AsyncOperation( 7127): 	at aldt.fE(:com.google.android.gms@204714003@20.47.14 (000306-349456378):31)
E/AsyncOperation( 7127): 	at vqg.run(:com.google.android.gms@204714003@20.47.14 (000306-349456378):9)
E/AsyncOperation( 7127): 	at bemo.run(:com.google.android.gms@204714003@20.47.14 (000306-349456378):2)
E/AsyncOperation( 7127): 	at oed.c(:com.google.android.gms@204714003@20.47.14 (000306-349456378):6)
E/AsyncOperation( 7127): 	at oed.run(:com.google.android.gms@204714003@20.47.14 (000306-349456378):8)
E/AsyncOperation( 7127): 	at java.util.concurrent.ThreadPoolExecutor.runWorker(ThreadPoolExecutor.java:1112)
E/AsyncOperation( 7127): 	at java.util.concurrent.ThreadPoolExecutor$Worker.run(ThreadPoolExecutor.java:587)
E/AsyncOperation( 7127): 	at ojr.run(:com.google.android.gms@204714003@20.47.14 (000306-349456378):0)
E/AsyncOperation( 7127): 	at java.lang.Thread.run(Thread.java:841)
E/AsyncOperation( 7127): operation=xlb, opStatusCode=12009 [CONTEXT service_id=45 ]
E/AsyncOperation( 7127): OperationException[Status{statusCode=unknown status code: 12009, resolution=null}]
E/AsyncOperation( 7127): 	at aldt.g(:com.google.android.gms@204714003@20.47.14 (000306-349456378):1)
E/AsyncOperation( 7127): 	at aldt.fE(:com.google.android.gms@204714003@20.47.14 (000306-349456378):31)
E/AsyncOperation( 7127): 	at vqg.run(:com.google.android.gms@204714003@20.47.14 (000306-349456378):9)
E/AsyncOperation( 7127): 	at bemo.run(:com.google.android.gms@204714003@20.47.14 (000306-349456378):2)
E/AsyncOperation( 7127): 	at oed.c(:com.google.android.gms@204714003@20.47.14 (000306-349456378):6)
E/AsyncOperation( 7127): 	at oed.run(:com.google.android.gms@204714003@20.47.14 (000306-349456378):8)
E/AsyncOperation( 7127): 	at java.util.concurrent.ThreadPoolExecutor.runWorker(ThreadPoolExecutor.java:1112)
E/AsyncOperation( 7127): 	at java.util.concurrent.ThreadPoolExecutor$Worker.run(ThreadPoolExecutor.java:587)
E/AsyncOperation( 7127): 	at ojr.run(:com.google.android.gms@204714003@20.47.14 (000306-349456378):0)
E/AsyncOperation( 7127): 	at java.lang.Thread.run(Thread.java:841)
E/AsyncOperation( 7127): operation=xlb, opStatusCode=12009 [CONTEXT service_id=45 ]
E/AsyncOperation( 7127): OperationException[Status{statusCode=unknown status code: 12009, resolution=null}]
E/AsyncOperation( 7127): 	at aldt.g(:com.google.android.gms@204714003@20.47.14 (000306-349456378):1)
E/AsyncOperation( 7127): 	at aldt.fE(:com.google.android.gms@204714003@20.47.14 (000306-349456378):31)
E/AsyncOperation( 7127): 	at vqg.run(:com.google.android.gms@204714003@20.47.14 (000306-349456378):9)
E/AsyncOperation( 7127): 	at bemo.run(:com.google.android.gms@204714003@20.47.14 (000306-349456378):2)
E/AsyncOperation( 7127): 	at oed.c(:com.google.android.gms@204714003@20.47.14 (000306-349456378):6)
E/AsyncOperation( 7127): 	at oed.run(:com.google.android.gms@204714003@20.47.14 (000306-349456378):8)
E/AsyncOperation( 7127): 	at java.util.concurrent.ThreadPoolExecutor.runWorker(ThreadPoolExecutor.java:1112)
E/AsyncOperation( 7127): 	at java.util.concurrent.ThreadPoolExecutor$Worker.run(ThreadPoolExecutor.java:587)
E/AsyncOperation( 7127): 	at ojr.run(:com.google.android.gms@204714003@20.47.14 (000306-349456378):0)
E/AsyncOperation( 7127): 	at java.lang.Thread.run(Thread.java:841)
E/AsyncOperation( 7127): operation=xlb, opStatusCode=12009 [CONTEXT service_id=45 ]
E/AsyncOperation( 7127): OperationException[Status{statusCode=unknown status code: 12009, resolution=null}]
E/AsyncOperation( 7127): 	at aldt.g(:com.google.android.gms@204714003@20.47.14 (000306-349456378):1)
E/AsyncOperation( 7127): 	at aldt.fE(:com.google.android.gms@204714003@20.47.14 (000306-349456378):31)
E/AsyncOperation( 7127): 	at vqg.run(:com.google.android.gms@204714003@20.47.14 (000306-349456378):9)
E/AsyncOperation( 7127): 	at bemo.run(:com.google.android.gms@204714003@20.47.14 (000306-349456378):2)
E/AsyncOperation( 7127): 	at oed.c(:com.google.android.gms@204714003@20.47.14 (000306-349456378):6)
E/AsyncOperation( 7127): 	at oed.run(:com.google.android.gms@204714003@20.47.14 (000306-349456378):8)
E/AsyncOperation( 7127): 	at java.util.concurrent.ThreadPoolExecutor.runWorker(ThreadPoolExecutor.java:1112)
E/AsyncOperation( 7127): 	at java.util.concurrent.ThreadPoolExecutor$Worker.run(ThreadPoolExecutor.java:587)
E/AsyncOperation( 7127): 	at ojr.run(:com.google.android.gms@204714003@20.47.14 (000306-349456378):0)
E/AsyncOperation( 7127): 	at java.lang.Thread.run(Thread.java:841)
E/AsyncOperation( 7127): operation=xlb, opStatusCode=12009 [CONTEXT service_id=45 ]
E/AsyncOperation( 7127): OperationException[Status{statusCode=unknown status code: 12009, resolution=null}]
E/AsyncOperation( 7127): 	at aldt.g(:com.google.android.gms@204714003@20.47.14 (000306-349456378):1)
E/AsyncOperation( 7127): 	at aldt.fE(:com.google.android.gms@204714003@20.47.14 (000306-349456378):31)
E/AsyncOperation( 7127): 	at vqg.run(:com.google.android.gms@204714003@20.47.14 (000306-349456378):9)
E/AsyncOperation( 7127): 	at bemo.run(:com.google.android.gms@204714003@20.47.14 (000306-349456378):2)
E/AsyncOperation( 7127): 	at oed.c(:com.google.android.gms@204714003@20.47.14 (000306-349456378):6)
E/AsyncOperation( 7127): 	at oed.run(:com.google.android.gms@204714003@20.47.14 (000306-349456378):8)
E/AsyncOperation( 7127): 	at java.util.concurrent.ThreadPoolExecutor.runWorker(ThreadPoolExecutor.java:1112)
E/AsyncOperation( 7127): 	at java.util.concurrent.ThreadPoolExecutor$Worker.run(ThreadPoolExecutor.java:587)
E/AsyncOperation( 7127): 	at ojr.run(:com.google.android.gms@204714003@20.47.14 (000306-349456378):0)
E/AsyncOperation( 7127): 	at java.lang.Thread.run(Thread.java:841)
E/AsyncOperation( 7127): operation=xlb, opStatusCode=12009 [CONTEXT service_id=45 ]
E/AsyncOperation( 7127): OperationException[Status{statusCode=unknown status code: 12009, resolution=null}]
E/AsyncOperation( 7127): 	at aldt.g(:com.google.android.gms@204714003@20.47.14 (000306-349456378):1)
E/AsyncOperation( 7127): 	at aldt.fE(:com.google.android.gms@204714003@20.47.14 (000306-349456378):31)
E/AsyncOperation( 7127): 	at vqg.run(:com.google.android.gms@204714003@20.47.14 (000306-349456378):9)
E/AsyncOperation( 7127): 	at bemo.run(:com.google.android.gms@204714003@20.47.14 (000306-349456378):2)
E/AsyncOperation( 7127): 	at oed.c(:com.google.android.gms@204714003@20.47.14 (000306-349456378):6)
E/AsyncOperation( 7127): 	at oed.run(:com.google.android.gms@204714003@20.47.14 (000306-349456378):8)
E/AsyncOperation( 7127): 	at java.util.concurrent.ThreadPoolExecutor.runWorker(ThreadPoolExecutor.java:1112)
E/AsyncOperation( 7127): 	at java.util.concurrent.ThreadPoolExecutor$Worker.run(ThreadPoolExecutor.java:587)
E/AsyncOperation( 7127): 	at ojr.run(:com.google.android.gms@204714003@20.47.14 (000306-349456378):0)
E/AsyncOperation( 7127): 	at java.lang.Thread.run(Thread.java:841)
E/AsyncOperation( 7127): operation=xlb, opStatusCode=12009 [CONTEXT service_id=45 ]
E/AsyncOperation( 7127): OperationException[Status{statusCode=unknown status code: 12009, resolution=null}]
E/AsyncOperation( 7127): 	at aldt.g(:com.google.android.gms@204714003@20.47.14 (000306-349456378):1)
E/AsyncOperation( 7127): 	at aldt.fE(:com.google.android.gms@204714003@20.47.14 (000306-349456378):31)
E/AsyncOperation( 7127): 	at vqg.run(:com.google.android.gms@204714003@20.47.14 (000306-349456378):9)
E/AsyncOperation( 7127): 	at bemo.run(:com.google.android.gms@204714003@20.47.14 (000306-349456378):2)
E/AsyncOperation( 7127): 	at oed.c(:com.google.android.gms@204714003@20.47.14 (000306-349456378):6)
E/AsyncOperation( 7127): 	at oed.run(:com.google.android.gms@204714003@20.47.14 (000306-349456378):8)
E/AsyncOperation( 7127): 	at java.util.concurrent.ThreadPoolExecutor.runWorker(ThreadPoolExecutor.java:1112)
E/AsyncOperation( 7127): 	at java.util.concurrent.ThreadPoolExecutor$Worker.run(ThreadPoolExecutor.java:587)
E/AsyncOperation( 7127): 	at ojr.run(:com.google.android.gms@204714003@20.47.14 (000306-349456378):0)
E/AsyncOperation( 7127): 	at java.lang.Thread.run(Thread.java:841)
E/AsyncOperation( 7127): operation=xlb, opStatusCode=12009 [CONTEXT service_id=45 ]
E/AsyncOperation( 7127): OperationException[Status{statusCode=unknown status code: 12009, resolution=null}]
E/AsyncOperation( 7127): 	at aldt.g(:com.google.android.gms@204714003@20.47.14 (000306-349456378):1)
E/AsyncOperation( 7127): 	at aldt.fE(:com.google.android.gms@204714003@20.47.14 (000306-349456378):31)
E/AsyncOperation( 7127): 	at vqg.run(:com.google.android.gms@204714003@20.47.14 (000306-349456378):9)
E/AsyncOperation( 7127): 	at bemo.run(:com.google.android.gms@204714003@20.47.14 (000306-349456378):2)
E/AsyncOperation( 7127): 	at oed.c(:com.google.android.gms@204714003@20.47.14 (000306-349456378):6)
E/AsyncOperation( 7127): 	at oed.run(:com.google.android.gms@204714003@20.47.14 (000306-349456378):8)
E/AsyncOperation( 7127): 	at java.util.concurrent.ThreadPoolExecutor.runWorker(ThreadPoolExecutor.java:1112)
E/AsyncOperation( 7127): 	at java.util.concurrent.ThreadPoolExecutor$Worker.run(ThreadPoolExecutor.java:587)
E/AsyncOperation( 7127): 	at ojr.run(:com.google.android.gms@204714003@20.47.14 (000306-349456378):0)
E/AsyncOperation( 7127): 	at java.lang.Thread.run(Thread.java:841)
E/AsyncOperation( 7127): operation=xlb, opStatusCode=12009 [CONTEXT service_id=45 ]
E/AsyncOperation( 7127): OperationException[Status{statusCode=unknown status code: 12009, resolution=null}]
E/AsyncOperation( 7127): 	at aldt.g(:com.google.android.gms@204714003@20.47.14 (000306-349456378):1)
E/AsyncOperation( 7127): 	at aldt.fE(:com.google.android.gms@204714003@20.47.14 (000306-349456378):31)
E/AsyncOperation( 7127): 	at vqg.run(:com.google.android.gms@204714003@20.47.14 (000306-349456378):9)
E/AsyncOperation( 7127): 	at bemo.run(:com.google.android.gms@204714003@20.47.14 (000306-349456378):2)
E/AsyncOperation( 7127): 	at oed.c(:com.google.android.gms@204714003@20.47.14 (000306-349456378):6)
E/AsyncOperation( 7127): 	at oed.run(:com.google.android.gms@204714003@20.47.14 (000306-349456378):8)
E/AsyncOperation( 7127): 	at java.util.concurrent.ThreadPoolExecutor.runWorker(ThreadPoolExecutor.java:1112)
E/AsyncOperation( 7127): 	at java.util.concurrent.ThreadPoolExecutor$Worker.run(ThreadPoolExecutor.java:587)
E/AsyncOperation( 7127): 	at ojr.run(:com.google.android.gms@204714003@20.47.14 (000306-349456378):0)
E/AsyncOperation( 7127): 	at java.lang.Thread.run(Thread.java:841)
E/AsyncOperation( 7127): operation=xlb, opStatusCode=12009 [CONTEXT service_id=45 ]
E/AsyncOperation( 7127): OperationException[Status{statusCode=unknown status code: 12009, resolution=null}]
E/AsyncOperation( 7127): 	at aldt.g(:com.google.android.gms@204714003@20.47.14 (000306-349456378):1)
E/AsyncOperation( 7127): 	at aldt.fE(:com.google.android.gms@204714003@20.47.14 (000306-349456378):31)
E/AsyncOperation( 7127): 	at vqg.run(:com.google.android.gms@204714003@20.47.14 (000306-349456378):9)
E/AsyncOperation( 7127): 	at bemo.run(:com.google.android.gms@204714003@20.47.14 (000306-349456378):2)
E/AsyncOperation( 7127): 	at oed.c(:com.google.android.gms@204714003@20.47.14 (000306-349456378):6)
E/AsyncOperation( 7127): 	at oed.run(:com.google.android.gms@204714003@20.47.14 (000306-349456378):8)
E/AsyncOperation( 7127): 	at java.util.concurrent.ThreadPoolExecutor.runWorker(ThreadPoolExecutor.java:1112)
E/AsyncOperation( 7127): 	at java.util.concurrent.ThreadPoolExecutor$Worker.run(ThreadPoolExecutor.java:587)
E/AsyncOperation( 7127): 	at ojr.run(:com.google.android.gms@204714003@20.47.14 (000306-349456378):0)
E/AsyncOperation( 7127): 	at java.lang.Thread.run(Thread.java:841)
E/AsyncOperation( 7127): operation=xlb, opStatusCode=12009 [CONTEXT service_id=45 ]
E/AsyncOperation( 7127): OperationException[Status{statusCode=unknown status code: 12009, resolution=null}]
E/AsyncOperation( 7127): 	at aldt.g(:com.google.android.gms@204714003@20.47.14 (000306-349456378):1)
E/AsyncOperation( 7127): 	at aldt.fE(:com.google.android.gms@204714003@20.47.14 (000306-349456378):31)
E/AsyncOperation( 7127): 	at vqg.run(:com.google.android.gms@204714003@20.47.14 (000306-349456378):9)
E/AsyncOperation( 7127): 	at bemo.run(:com.google.android.gms@204714003@20.47.14 (000306-349456378):2)
E/AsyncOperation( 7127): 	at oed.c(:com.google.android.gms@204714003@20.47.14 (000306-349456378):6)
E/AsyncOperation( 7127): 	at oed.run(:com.google.android.gms@204714003@20.47.14 (000306-349456378):8)
E/AsyncOperation( 7127): 	at java.util.concurrent.ThreadPoolExecutor.runWorker(ThreadPoolExecutor.java:1112)
E/AsyncOperation( 7127): 	at java.util.concurrent.ThreadPoolExecutor$Worker.run(ThreadPoolExecutor.java:587)
E/AsyncOperation( 7127): 	at ojr.run(:com.google.android.gms@204714003@20.47.14 (000306-349456378):0)
E/AsyncOperation( 7127): 	at java.lang.Thread.run(Thread.java:841)
E/AsyncOperation( 7127): operation=xlb, opStatusCode=12009 [CONTEXT service_id=45 ]
E/AsyncOperation( 7127): OperationException[Status{statusCode=unknown status code: 12009, resolution=null}]
E/AsyncOperation( 7127): 	at aldt.g(:com.google.android.gms@204714003@20.47.14 (000306-349456378):1)
E/AsyncOperation( 7127): 	at aldt.fE(:com.google.android.gms@204714003@20.47.14 (000306-349456378):31)
E/AsyncOperation( 7127): 	at vqg.run(:com.google.android.gms@204714003@20.47.14 (000306-349456378):9)
E/AsyncOperation( 7127): 	at bemo.run(:com.google.android.gms@204714003@20.47.14 (000306-349456378):2)
E/AsyncOperation( 7127): 	at oed.c(:com.google.android.gms@204714003@20.47.14 (000306-349456378):6)
E/AsyncOperation( 7127): 	at oed.run(:com.google.android.gms@204714003@20.47.14 (000306-349456378):8)
E/AsyncOperation( 7127): 	at java.util.concurrent.ThreadPoolExecutor.runWorker(ThreadPoolExecutor.java:1112)
E/AsyncOperation( 7127): 	at java.util.concurrent.ThreadPoolExecutor$Worker.run(ThreadPoolExecutor.java:587)
E/AsyncOperation( 7127): 	at ojr.run(:com.google.android.gms@204714003@20.47.14 (000306-349456378):0)
E/AsyncOperation( 7127): 	at java.lang.Thread.run(Thread.java:841)
E/DeviceScanner( 7127): [BLE] Failed to start scan because the Bluetooth is disabled.
E/DeviceScanner( 7127): [BLE] Failed to start scan because the Bluetooth is disabled.
E/dalvikvm( 7127): Could not find class 'android.app.ActivityManager$TaskDescription', referenced from method com.google.android.gms.growth.ui.webview.GrowthWebViewChimeraActivity.onCreate
E/dalvikvm( 7165): Could not find class 'com.google.common.flogger.backend.google.GooglePlatform', referenced from method bgui.a
E/GmsClient( 7127): unable to connect to service: com.google.android.gms.auth.key.retrieval.service.START on com.google.android.gms
E/dalvikvm( 7165): Could not find class 'com.google.android.gms.org.conscrypt.TrustManagerImpl', referenced from method com.google.android.gms.org.conscrypt.Conscrypt.isConscrypt
E/dalvikvm( 7165): Could not find class 'com.google.android.gms.org.conscrypt.TrustManagerImpl', referenced from method com.google.android.gms.org.conscrypt.Conscrypt.toConscrypt
E/dalvikvm( 7165): Could not find class 'javax.net.ssl.SNIServerName', referenced from method com.google.android.gms.org.conscrypt.Platform.getSniHostnameFromParams
E/dalvikvm( 7165): Could not find class 'javax.net.ssl.SNIMatcher', referenced from method com.google.android.gms.org.conscrypt.Platform.serverNamePermittedInternal
E/dalvikvm( 7165): Could not find class 'javax.net.ssl.SNIHostName', referenced from method com.google.android.gms.org.conscrypt.Platform.setParametersSniHostname
E/dalvikvm( 7165): Could not find class 'javax.net.ssl.SNIHostName', referenced from method com.google.android.gms.org.conscrypt.Platform.setParametersSniHostname
E/GmsRequestQueue( 7165): Tried to stop global GMSCore RequestQueue. This is likely unintended, so ignoring.
E/GmsRequestQueue( 7127): Tried to stop global GMSCore RequestQueue. This is likely unintended, so ignoring.
E/Authzen ( 7127): [AuthZenEventHandler] unknown action: com.google.android.chimera.IntentOperation.NEW_MODULE
E/CastSocket( 7127): [TcpProberDeviceController-1] Failed to shutdown the output stream socket: kxt@420dfe00.
E/CastSocket( 7127): java.net.SocketException: Socket is closed
E/CastSocket( 7127): 	at java.net.Socket.checkOpenAndCreate(Socket.java:642)
E/CastSocket( 7127): 	at java.net.Socket.shutdownOutput(Socket.java:628)
E/CastSocket( 7127): 	at kwu.l(:com.google.android.gms@204714003@20.47.14 (000306-349456378):4)
E/CastSocket( 7127): 	at kwz.d(:com.google.android.gms@204714003@20.47.14 (000306-349456378):50)
E/CastSocket( 7127): 	at kwy.run(:com.google.android.gms@204714003@20.47.14 (000306-349456378):2)
E/CastSocket( 7127): 	at java.lang.Thread.run(Thread.java:841)
E/TcpProberDeviceController( 7127): [TcpProberDeviceController-1] onSocketConnectionFailed. Error: 2
E/dalvikvm( 7148): Could not find class 'android.app.NotificationChannel', referenced from method adlv.c
E/native  ( 7127): model-utils.cc:38 Not a valid Model flatbuffer
E/native  ( 7127): model-provider-from-fb.cc:102 Unable to initialize ModelProviderFromFlatbuffer
E/dalvikvm( 7127): Could not find class 'android.app.usage.UsageStatsManager', referenced from method wdm.n
E/dalvikvm( 7384): Could not find class 'com.google.common.flogger.backend.google.GooglePlatform', referenced from method bgui.a
E/dalvikvm( 7384): Could not find class 'com.google.android.gms.org.conscrypt.TrustManagerImpl', referenced from method com.google.android.gms.org.conscrypt.Conscrypt.isConscrypt
E/dalvikvm( 7384): Could not find class 'com.google.android.gms.org.conscrypt.TrustManagerImpl', referenced from method com.google.android.gms.org.conscrypt.Conscrypt.toConscrypt
E/dalvikvm( 7384): Could not find class 'javax.net.ssl.SNIServerName', referenced from method com.google.android.gms.org.conscrypt.Platform.getSniHostnameFromParams
E/dalvikvm( 7384): Could not find class 'javax.net.ssl.SNIMatcher', referenced from method com.google.android.gms.org.conscrypt.Platform.serverNamePermittedInternal
E/dalvikvm( 7384): Could not find class 'javax.net.ssl.SNIHostName', referenced from method com.google.android.gms.org.conscrypt.Platform.setParametersSniHostname
E/dalvikvm( 7384): Could not find class 'javax.net.ssl.SNIHostName', referenced from method com.google.android.gms.org.conscrypt.Platform.setParametersSniHostname
E/dalvikvm( 7148): Could not find class 'android.bluetooth.le.AdvertiseSettings$Builder', referenced from method bnbo.s
E/dalvikvm( 7148): Could not find class 'android.app.usage.UsageStatsManager', referenced from method wdm.n
E/Vision  ( 7127): Error loading optional module com.google.android.gms.vision.ocr: rqb: No acceptable module found. Local version is 0 and remote version is 0.
E/dalvikvm( 7127): Could not find class 'android.telephony.SubscriptionManager', referenced from method ltt.a
E/dalvikvm( 7127): Could not find class 'android.net.NetworkRequest', referenced from method ltt.a
E/Vision  ( 7127): Error loading optional module com.google.android.gms.vision.ocr: rqb: No acceptable module found. Local version is 0 and remote version is 0.
E/dalvikvm( 7127): Could not find class 'android.telephony.SubscriptionManager', referenced from method acpa.i
E/dalvikvm( 7127): Could not find class 'android.telephony.SubscriptionManager', referenced from method acpa.m
E/dalvikvm( 7127): Could not find class 'android.telephony.SubscriptionManager', referenced from method acpa.u
E/dalvikvm( 7127): Could not find class 'android.telephony.SubscriptionManager', referenced from method aje.<clinit>
E/dalvikvm( 7127): Could not find class 'android.app.job.JobScheduler', referenced from method aje.<clinit>
E/dalvikvm( 7443): Could not find class 'com.google.common.flogger.backend.google.GooglePlatform', referenced from method bgui.a
E/dalvikvm( 7443): Could not find class 'com.google.android.gms.org.conscrypt.TrustManagerImpl', referenced from method com.google.android.gms.org.conscrypt.Conscrypt.isConscrypt
E/dalvikvm( 7443): Could not find class 'com.google.android.gms.org.conscrypt.TrustManagerImpl', referenced from method com.google.android.gms.org.conscrypt.Conscrypt.toConscrypt
E/dalvikvm( 7443): Could not find class 'javax.net.ssl.SNIServerName', referenced from method com.google.android.gms.org.conscrypt.Platform.getSniHostnameFromParams
E/dalvikvm( 7443): Could not find class 'javax.net.ssl.SNIMatcher', referenced from method com.google.android.gms.org.conscrypt.Platform.serverNamePermittedInternal
E/dalvikvm( 7443): Could not find class 'javax.net.ssl.SNIHostName', referenced from method com.google.android.gms.org.conscrypt.Platform.setParametersSniHostname
E/dalvikvm( 7443): Could not find class 'javax.net.ssl.SNIHostName', referenced from method com.google.android.gms.org.conscrypt.Platform.setParametersSniHostname
E/dalvikvm( 7443): Could not find class 'android.net.Network', referenced from method rni.c
E/dalvikvm( 7148): Could not find class 'android.app.usage.UsageStatsManager', referenced from method cuj.f
E/dalvikvm( 7148): Could not find class 'android.telephony.SubscriptionManager', referenced from method ansu.b
E/ctxmgr  ( 7148): [FencePendingIntentCache]Expected to find a PendingIntent for pendingIntentKey=3a6e77c4-06fc-4d67-8aa3-e48d8ea9493b [CONTEXT service_id=47 ]
E/ctxmgr  ( 7148): [FencePendingIntentCache]Expected to find a PendingIntent for pendingIntentKey=3a6e77c4-06fc-4d67-8aa3-e48d8ea9493b [CONTEXT service_id=47 ]
E/ctxmgr  ( 7148): [FencePendingIntentCache]Expected to find a PendingIntent for pendingIntentKey=3a6e77c4-06fc-4d67-8aa3-e48d8ea9493b [CONTEXT service_id=47 ]
E/ctxmgr  ( 7148): [FencePendingIntentCache]Expected to find a PendingIntent for pendingIntentKey=3a6e77c4-06fc-4d67-8aa3-e48d8ea9493b [CONTEXT service_id=47 ]
E/ctxmgr  ( 7148): [FencePendingIntentCache]Expected to find a PendingIntent for pendingIntentKey=3a6e77c4-06fc-4d67-8aa3-e48d8ea9493b [CONTEXT service_id=47 ]
E/        ( 7443): Device driver API match
E/        ( 7443): Device driver API version: 23
E/        ( 7443): User space API version: 23 
E/        ( 7443): mali: REVISION=Linux-r3p2-01rel3 BUILD_DATE=Fri Mar 21 13:52:50 KST 2014 
E/        ( 7443): Device driver API match
E/        ( 7443): Device driver API version: 23
E/        ( 7443): User space API version: 23 
E/        ( 7443): mali: REVISION=Linux-r3p2-01rel3 BUILD_DATE=Fri Mar 21 13:52:50 KST 2014 
E/        ( 7443): Device driver API match
E/        ( 7443): Device driver API version: 23
E/        ( 7443): User space API version: 23 
E/        ( 7443): mali: REVISION=Linux-r3p2-01rel3 BUILD_DATE=Fri Mar 21 13:52:50 KST 2014 
E/ModuleIdSetter( 7148): exception when setting module id
E/ModuleIdSetter( 7148): java.lang.IllegalStateException: Unable to get current module info in ModuleManager created with non-module Context
E/ModuleIdSetter( 7148): 	at com.google.android.chimera.config.ModuleManager.getCurrentModule(:com.google.android.gms@204714003@20.47.14 (000306-349456378):2)
E/ModuleIdSetter( 7148): 	at aabi.a(:com.google.android.gms@204714003@20.47.14 (000306-349456378):4)
E/ModuleIdSetter( 7148): 	at aabl.Y(:com.google.android.gms@204714003@20.47.14 (000306-349456378):1)
E/ModuleIdSetter( 7148): 	at zxy.a(Unknown Source)
E/ModuleIdSetter( 7148): 	at ndo.a(:com.google.android.gms@204714003@20.47.14 (000306-349456378):0)
E/ModuleIdSetter( 7148): 	at mzs.f(:com.google.android.gms@204714003@20.47.14 (000306-349456378):1)
E/ModuleIdSetter( 7148): 	at mzq.e(:com.google.android.gms@204714003@20.47.14 (000306-349456378):1)
E/ModuleIdSetter( 7148): 	at nck.p(:com.google.android.gms@204714003@20.47.14 (000306-349456378):2)
E/ModuleIdSetter( 7148): 	at nck.v(:com.google.android.gms@204714003@20.47.14 (000306-349456378):3)
E/ModuleIdSetter( 7148): 	at nck.e(:com.google.android.gms@204714003@20.47.14 (000306-349456378):2)
E/ModuleIdSetter( 7148): 	at nco.handleMessage(:com.google.android.gms@204714003@20.47.14 (000306-349456378):70)
E/ModuleIdSetter( 7148): 	at android.os.Handler.dispatchMessage(Handler.java:98)
E/ModuleIdSetter( 7148): 	at zqw.hZ(:com.google.android.gms@204714003@20.47.14 (000306-349456378):0)
E/ModuleIdSetter( 7148): 	at zqw.dispatchMessage(:com.google.android.gms@204714003@20.47.14 (000306-349456378):11)
E/ModuleIdSetter( 7148): 	at android.os.Looper.loop(Looper.java:136)
E/ModuleIdSetter( 7148): 	at android.os.HandlerThread.run(HandlerThread.java:61)
E/PhenotypeRegOp( 7127): Attempting to overwrite config package for com.google.android.gms.games [CONTEXT service_id=231 ]
E/PhenotypeRegOp( 7127): Attempting to overwrite config package for com.google.android.gms.cast [CONTEXT service_id=231 ]
E/PhenotypeRegOp( 7127): Attempting to overwrite config package for com.google.android.gms.mobile_data_plan [CONTEXT service_id=231 ]
E/PhenotypeRegOp( 7127): Attempting to overwrite config package for com.google.android.gms.nearby [CONTEXT service_id=231 ]
E/PhenotypeRegOp( 7127): Attempting to overwrite config package for com.google.android.gms.signin [CONTEXT service_id=231 ]
E/PhenotypeRegOp( 7127): Attempting to overwrite config package for com.google.android.gms.udc [CONTEXT service_id=231 ]
E/dalvikvm( 7127): Could not find class 'android.telephony.SubscriptionManager', referenced from method lwq.k
E/AuthPII ( 7165): [GoogleAccountDataServiceImpl] getToken() -> BAD_AUTHENTICATION. Account: Account {name=@@ContextManagerNullAccount@@, type=com.google}, App: com.google.android.gms, Service: ^^_account_id_^^
E/AuthPII ( 7165): ngm: Long live credential not available.
E/AuthPII ( 7165): 	at fia.a(:com.google.android.gms@204714003@20.47.14 (000306-349456378):12)
E/AuthPII ( 7165): 	at fid.d(:com.google.android.gms@204714003@20.47.14 (000306-349456378):1)
E/AuthPII ( 7165): 	at fgp.k(:com.google.android.gms@204714003@20.47.14 (000306-349456378):39)
E/AuthPII ( 7165): 	at bvz.j(:com.google.android.gms@204714003@20.47.14 (000306-349456378):34)
E/AuthPII ( 7165): 	at bvz.l(:com.google.android.gms@204714003@20.47.14 (000306-349456378):4)
E/AuthPII ( 7165): 	at bvz.g(:com.google.android.gms@204714003@20.47.14 (000306-349456378):64)
E/AuthPII ( 7165): 	at bvz.en(:com.google.android.gms@204714003@20.47.14 (000306-349456378):7)
E/AuthPII ( 7165): 	at bue.onTransact(:com.google.android.gms@204714003@20.47.14 (000306-349456378):5)
E/AuthPII ( 7165): 	at android.os.Binder.transact(Binder.java:361)
E/AuthPII ( 7165): 	at bxx.onTransact(:com.google.android.gms@204714003@20.47.14 (000306-349456378):2)
E/AuthPII ( 7165): 	at android.os.Binder.transact(Binder.java:361)
E/AuthPII ( 7165): 	at vtj.onTransact(:com.google.android.gms@204714003@20.47.14 (000306-349456378):17)
E/AuthPII ( 7165): 	at android.os.Binder.execTransact(Binder.java:404)
E/AuthPII ( 7165): 	at dalvik.system.NativeStart.run(Native Method)
E/AuthPII ( 7165): Message is Long live credential not available.
E/AuthPII ( 7165): ngm: Long live credential not available.
E/AuthPII ( 7165): 	at fia.a(:com.google.android.gms@204714003@20.47.14 (000306-349456378):12)
E/AuthPII ( 7165): 	at fid.d(:com.google.android.gms@204714003@20.47.14 (000306-349456378):1)
E/AuthPII ( 7165): 	at fgp.k(:com.google.android.gms@204714003@20.47.14 (000306-349456378):39)
E/AuthPII ( 7165): 	at bvz.j(:com.google.android.gms@204714003@20.47.14 (000306-349456378):34)
E/AuthPII ( 7165): 	at bvz.l(:com.google.android.gms@204714003@20.47.14 (000306-349456378):4)
E/AuthPII ( 7165): 	at bvz.g(:com.google.android.gms@204714003@20.47.14 (000306-349456378):64)
E/AuthPII ( 7165): 	at bvz.en(:com.google.android.gms@204714003@20.47.14 (000306-349456378):7)
E/AuthPII ( 7165): 	at bue.onTransact(:com.google.android.gms@204714003@20.47.14 (000306-349456378):5)
E/AuthPII ( 7165): 	at android.os.Binder.transact(Binder.java:361)
E/AuthPII ( 7165): 	at bxx.onTransact(:com.google.android.gms@204714003@20.47.14 (000306-349456378):2)
E/AuthPII ( 7165): 	at android.os.Binder.transact(Binder.java:361)
E/AuthPII ( 7165): 	at vtj.onTransact(:com.google.android.gms@204714003@20.47.14 (000306-349456378):17)
E/AuthPII ( 7165): 	at android.os.Binder.execTransact(Binder.java:404)
E/AuthPII ( 7165): 	at dalvik.system.NativeStart.run(Native Method)
E/aobl    ( 7148): Exception occurred while getting SettingsStore instance.
E/aobl    ( 7148): java.util.concurrent.ExecutionException: com.google.android.gms.auth.UserRecoverableAuthException: BadAuthentication
E/aobl    ( 7148): 	at java.util.concurrent.FutureTask.report(FutureTask.java:93)
E/aobl    ( 7148): 	at java.util.concurrent.FutureTask.get(FutureTask.java:177)
E/aobl    ( 7148): 	at aobl.c(:com.google.android.gms@204714003@20.47.14 (000306-349456378):3)
E/aobl    ( 7148): 	at aobl.a(:com.google.android.gms@204714003@20.47.14 (000306-349456378):1)
E/aobl    ( 7148): 	at anwv.a(:com.google.android.gms@204714003@20.47.14 (000306-349456378):5)
E/aobl    ( 7148): 	at anwv.fE(:com.google.android.gms@204714003@20.47.14 (000306-349456378):12)
E/aobl    ( 7148): 	at vqg.run(:com.google.android.gms@204714003@20.47.14 (000306-349456378):9)
E/aobl    ( 7148): 	at bemo.run(:com.google.android.gms@204714003@20.47.14 (000306-349456378):2)
E/aobl    ( 7148): 	at oed.c(:com.google.android.gms@204714003@20.47.14 (000306-349456378):6)
E/aobl    ( 7148): 	at oed.run(:com.google.android.gms@204714003@20.47.14 (000306-349456378):7)
E/aobl    ( 7148): 	at java.util.concurrent.ThreadPoolExecutor.runWorker(ThreadPoolExecutor.java:1112)
E/aobl    ( 7148): 	at java.util.concurrent.ThreadPoolExecutor$Worker.run(ThreadPoolExecutor.java:587)
E/aobl    ( 7148): 	at ojr.run(:com.google.android.gms@204714003@20.47.14 (000306-349456378):0)
E/aobl    ( 7148): 	at java.lang.Thread.run(Thread.java:841)
E/aobl    ( 7148): Caused by: com.google.android.gms.auth.UserRecoverableAuthException: BadAuthentication
E/aobl    ( 7148): 	at fdf.s(:com.google.android.gms@204714003@20.47.14 (000306-349456378):3)
E/aobl    ( 7148): 	at fda.a(:com.google.android.gms@204714003@20.47.14 (000306-349456378):0)
E/aobl    ( 7148): 	at fdf.y(:com.google.android.gms@204714003@20.47.14 (000306-349456378):4)
E/aobl    ( 7148): 	at fdf.q(:com.google.android.gms@204714003@20.47.14 (000306-349456378):15)
E/aobl    ( 7148): 	at fdf.p(:com.google.android.gms@204714003@20.47.14 (000306-349456378):0)
E/aobl    ( 7148): 	at fdf.n(:com.google.android.gms@204714003@20.47.14 (000306-349456378):0)
E/aobl    ( 7148): 	at fdf.x(:com.google.android.gms@204714003@20.47.14 (000306-349456378):0)
E/aobl    ( 7148): 	at aoby.call(Unknown Source)
E/aobl    ( 7148): 	at java.util.concurrent.FutureTask.run(FutureTask.java:237)
E/aobl    ( 7148): 	... 6 more
E/dalvikvm( 7127): Could not find class 'android.security.keystore.KeyGenParameterSpec$Builder', referenced from method sof.a
E/dalvikvm( 7127): Could not find class 'android.security.keystore.KeyGenParameterSpec$Builder', referenced from method sra.a
