E/dalvikvm( 7127): Could not find class 'com.google.android.gms.org.conscrypt.TrustManagerImpl', referenced from method com.google.android.gms.org.conscrypt.Conscrypt.toConscrypt
W/dalvikvm( 7127): VFY: unable to resolve check-cast 4980 (Lcom/google/android/gms/org/conscrypt/TrustManagerImpl;) in Lcom/google/android/gms/org/conscrypt/Conscrypt;
D/dalvikvm( 7127): VFY: replacing opcode 0x1f at 0x002a
I/dalvikvm( 7127): Could not find method android.accounts.AccountManager.removeAccountExplicitly, referenced from method zlp.t
W/dalvikvm( 7127): VFY: unable to resolve virtual method 13952: Landroid/accounts/AccountManager;.removeAccountExplicitly (Landroid/accounts/Account;)Z
D/dalvikvm( 7127): VFY: replacing opcode 0x6e at 0x0008
W/dalvikvm( 7148): Unable to resolve superclass of Lcom/google/android/gms/org/conscrypt/TrustManagerImpl; (5750)
W/dalvikvm( 7148): Link of class 'Lcom/google/android/gms/org/conscrypt/TrustManagerImpl;' failed
I/dalvikvm( 7148): Could not find method com.google.android.gms.org.conscrypt.TrustManagerImpl.setDefaultHostnameVerifier, referenced from method com.google.android.gms.org.conscrypt.Conscrypt.setDefaultHostnameVerifier
W/dalvikvm( 7148): VFY: unable to resolve static method 22843: Lcom/google/android/gms/org/conscrypt/TrustManagerImpl;.setDefaultHostnameVerifier (Lcom/google/android/gms/org/conscrypt/ConscryptHostnameVerifier;)V
D/dalvikvm( 7148): VFY: replacing opcode 0x71 at 0x0003
W/dalvikvm( 7148): Unable to resolve superclass of Lcom/google/android/gms/org/conscrypt/TrustManagerImpl; (5750)
W/dalvikvm( 7148): Link of class 'Lcom/google/android/gms/org/conscrypt/TrustManagerImpl;' failed
W/dalvikvm( 7148): VFY: unable to find class referenced in signature (Lcom/google/android/gms/org/conscrypt/TrustManagerImpl;)
W/dalvikvm( 7148): Unable to resolve superclass of Lcom/google/android/gms/org/conscrypt/TrustManagerImpl; (5750)
W/dalvikvm( 7148): Link of class 'Lcom/google/android/gms/org/conscrypt/TrustManagerImpl;' failed
I/dalvikvm( 7148): Could not find method com.google.android.gms.org.conscrypt.TrustManagerImpl.setHostnameVerifier, referenced from method com.google.android.gms.org.conscrypt.Conscrypt.setHostnameVerifier
W/dalvikvm( 7148): VFY: unable to resolve virtual method 22844: Lcom/google/android/gms/org/conscrypt/TrustManagerImpl;.setHostnameVerifier (Lcom/google/android/gms/org/conscrypt/ConscryptHostnameVerifier;)V
D/dalvikvm( 7148): VFY: replacing opcode 0x6e at 0x0004
W/dalvikvm( 7148): Unable to resolve superclass of Lcom/google/android/gms/org/conscrypt/TrustManagerImpl; (5750)
W/dalvikvm( 7148): Link of class 'Lcom/google/android/gms/org/conscrypt/TrustManagerImpl;' failed
E/dalvikvm( 7148): Could not find class 'com.google.android.gms.org.conscrypt.TrustManagerImpl', referenced from method com.google.android.gms.org.conscrypt.Conscrypt.toConscrypt
W/dalvikvm( 7148): VFY: unable to resolve check-cast 4980 (Lcom/google/android/gms/org/conscrypt/TrustManagerImpl;) in Lcom/google/android/gms/org/conscrypt/Conscrypt;
D/dalvikvm( 7148): VFY: replacing opcode 0x1f at 0x002a
I/dalvikvm( 7127): Could not find method android.os.PowerManager.isPowerSaveMode, referenced from method vsf.a
W/dalvikvm( 7127): VFY: unable to resolve virtual method 3878: Landroid/os/PowerManager;.isPowerSaveMode ()Z
D/dalvikvm( 7127): VFY: replacing opcode 0x6e at 0x0010
I/DynamiteModule( 7148): Considering local module com.google.android.gms.googlecertificates:6 and remote module com.google.android.gms.googlecertificates:0
I/DynamiteModule( 7148): Selected local version of com.google.android.gms.googlecertificates
I/dalvikvm( 7148): Could not find method android.os.PowerManager.isPowerSaveMode, referenced from method vsf.a
W/dalvikvm( 7148): VFY: unable to resolve virtual method 3878: Landroid/os/PowerManager;.isPowerSaveMode ()Z
D/dalvikvm( 7148): VFY: replacing opcode 0x6e at 0x0010
E/dalvikvm( 7127): Could not find class 'javax.net.ssl.SNIServerName', referenced from method com.google.android.gms.org.conscrypt.Platform.getSniHostnameFromParams
W/dalvikvm( 7127): VFY: unable to resolve check-cast 5726 (Ljavax/net/ssl/SNIServerName;) in Lcom/google/android/gms/org/conscrypt/Platform;
D/dalvikvm( 7127): VFY: replacing opcode 0x1f at 0x0025
E/dalvikvm( 7127): Could not find class 'javax.net.ssl.SNIMatcher', referenced from method com.google.android.gms.org.conscrypt.Platform.serverNamePermittedInternal
W/dalvikvm( 7127): VFY: unable to resolve check-cast 5725 (Ljavax/net/ssl/SNIMatcher;) in Lcom/google/android/gms/org/conscrypt/Platform;
D/dalvikvm( 7127): VFY: replacing opcode 0x1f at 0x001c
E/dalvikvm( 7127): Could not find class 'javax.net.ssl.SNIHostName', referenced from method com.google.android.gms.org.conscrypt.Platform.setParametersSniHostname
W/dalvikvm( 7127): VFY: unable to resolve new-instance 5724 (Ljavax/net/ssl/SNIHostName;) in Lcom/google/android/gms/org/conscrypt/Platform;
D/dalvikvm( 7127): VFY: replacing opcode 0x22 at 0x0024
E/dalvikvm( 7127): Could not find class 'javax.net.ssl.SNIHostName', referenced from method com.google.android.gms.org.conscrypt.Platform.setParametersSniHostname
W/dalvikvm( 7127): VFY: unable to resolve new-instance 5724 (Ljavax/net/ssl/SNIHostName;) in Lcom/google/android/gms/org/conscrypt/Platform;
D/dalvikvm( 7127): VFY: replacing opcode 0x22 at 0x0024
D/dalvikvm( 7127): DexOpt: unable to opt direct call 0x673f at 0x20 in Lcom/google/android/gms/org/conscrypt/Platform;.serverNamePermittedInternal
D/dalvikvm( 7127): DexOpt: unable to opt direct call 0x673f at 0x2a in Lcom/google/android/gms/org/conscrypt/Platform;.setParametersSniHostname
D/dalvikvm( 7127): DexOpt: unable to opt direct call 0x673f at 0x2a in Lcom/google/android/gms/org/conscrypt/Platform;.setParametersSniHostname
D/dalvikvm( 7127): Trying to load lib /data/app-lib/com.google.android.gms-1/libconscrypt_gmscore_jni.so 0x41fc2ca0
D/dalvikvm( 7127): Shared lib '/data/app-lib/com.google.android.gms-1/libconscrypt_gmscore_jni.so' already loaded in same CL 0x41fc2ca0
E/dalvikvm( 7148): Could not find class 'javax.net.ssl.SNIServerName', referenced from method com.google.android.gms.org.conscrypt.Platform.getSniHostnameFromParams
W/dalvikvm( 7148): VFY: unable to resolve check-cast 5726 (Ljavax/net/ssl/SNIServerName;) in Lcom/google/android/gms/org/conscrypt/Platform;
D/dalvikvm( 7148): VFY: replacing opcode 0x1f at 0x0025
E/dalvikvm( 7148): Could not find class 'javax.net.ssl.SNIMatcher', referenced from method com.google.android.gms.org.conscrypt.Platform.serverNamePermittedInternal
W/dalvikvm( 7148): VFY: unable to resolve check-cast 5725 (Ljavax/net/ssl/SNIMatcher;) in Lcom/google/android/gms/org/conscrypt/Platform;
D/dalvikvm( 7148): VFY: replacing opcode 0x1f at 0x001c
E/dalvikvm( 7148): Could not find class 'javax.net.ssl.SNIHostName', referenced from method com.google.android.gms.org.conscrypt.Platform.setParametersSniHostname
W/dalvikvm( 7148): VFY: unable to resolve new-instance 5724 (Ljavax/net/ssl/SNIHostName;) in Lcom/google/android/gms/org/conscrypt/Platform;
D/dalvikvm( 7148): VFY: replacing opcode 0x22 at 0x0024
E/dalvikvm( 7148): Could not find class 'javax.net.ssl.SNIHostName', referenced from method com.google.android.gms.org.conscrypt.Platform.setParametersSniHostname
W/dalvikvm( 7148): VFY: unable to resolve new-instance 5724 (Ljavax/net/ssl/SNIHostName;) in Lcom/google/android/gms/org/conscrypt/Platform;
D/dalvikvm( 7148): VFY: replacing opcode 0x22 at 0x0024
D/dalvikvm( 7148): DexOpt: unable to opt direct call 0x673f at 0x20 in Lcom/google/android/gms/org/conscrypt/Platform;.serverNamePermittedInternal
D/dalvikvm( 7148): DexOpt: unable to opt direct call 0x673f at 0x2a in Lcom/google/android/gms/org/conscrypt/Platform;.setParametersSniHostname
D/dalvikvm( 7148): DexOpt: unable to opt direct call 0x673f at 0x2a in Lcom/google/android/gms/org/conscrypt/Platform;.setParametersSniHostname
D/dalvikvm( 7148): Trying to load lib /data/app-lib/com.google.android.gms-1/libconscrypt_gmscore_jni.so 0x41fb0100
D/dalvikvm( 7148): Shared lib '/data/app-lib/com.google.android.gms-1/libconscrypt_gmscore_jni.so' already loaded in same CL 0x41fb0100
I/ProviderInstaller( 7127): Installed default security provider GmsCore_OpenSSL
I/Safeboot( 7127): Checking safeboot...
I/Safeboot( 7127): Not entering safeboot; wrong process.
I/ProviderInstaller( 7148): Installed default security provider GmsCore_OpenSSL
I/Safeboot( 7148): Checking safeboot...
I/Safeboot Condition( 7148): No need to enter Safeboot.
I/DeviceDrDatabaseHelper( 7148): Upgrade database: oldVersion=204516 newVersion=204714
I/Watchcat( 7127): Started
I/Watchcat( 7148): Started
I/ProcessStableCheckInFix( 7148): Running fixer!
I/dalvikvm( 7127): Jit: resizing JitTable from 4096 to 8192
I/dalvikvm( 7148): Could not find method android.content.ServiceConnection.onNullBinding, referenced from method vsx.onNullBinding
W/dalvikvm( 7148): VFY: unable to resolve interface method 3187: Landroid/content/ServiceConnection;.onNullBinding (Landroid/content/ComponentName;)V
D/dalvikvm( 7148): VFY: replacing opcode 0x72 at 0x000f
I/GMS_MM_Logger( 7148): Started.
I/awht    ( 7148): Primes not initialized, returning default (no-op) Primes instance which will ignore all calls. Please call Primes.initialize(...) before using any Primes API.
I/GMS_MM_Logger( 7127): Started.
I/awht    ( 7127): Primes not initialized, returning default (no-op) Primes instance which will ignore all calls. Please call Primes.initialize(...) before using any Primes API.
W/GalProviderController( 7127): Enable GmsCore GAL when Proxy is enabled.
W/PeopleGalProvider( 7127): Not public to outside of GmsCore.
I/PeopleGalProvider( 7127): Method 0 completed.
I/dalvikvm( 7127): Could not find method android.content.ServiceConnection.onNullBinding, referenced from method vsx.onNullBinding
W/dalvikvm( 7127): VFY: unable to resolve interface method 3187: Landroid/content/ServiceConnection;.onNullBinding (Landroid/content/ComponentName;)V
D/dalvikvm( 7127): VFY: replacing opcode 0x72 at 0x000f
I/ContactDirectoryManager( 6735): Directory provider com.google.android.gms(com.google.android.gms.people.gal.provider) returned a NULL cursor.
I/CastDatabase( 7127): Opening the database
I/dalvikvm( 7148): Could not find method android.app.admin.DevicePolicyManager.getAccountTypesWithManagementDisabled, referenced from method ofa.C
W/dalvikvm( 7148): VFY: unable to resolve virtual method 1959: Landroid/app/admin/DevicePolicyManager;.getAccountTypesWithManagementDisabled ()[Ljava/lang/String;
D/dalvikvm( 7148): VFY: replacing opcode 0x6e at 0x002b
I/dalvikvm( 7148): Could not find method android.os.UserManager.isManagedProfile, referenced from method ofa.y
W/dalvikvm( 7148): VFY: unable to resolve virtual method 3614: Landroid/os/UserManager;.isManagedProfile ()Z
D/dalvikvm( 7148): VFY: replacing opcode 0x6e at 0x0012
I/SQLiteCastStore( 7127): 1 CastNetworkInfo instances loaded, 2 CastDeviceInfo instances loaded, 0 paired guest mode devices loaded.
I/dalvikvm( 7148): Failed resolving Loay; interface 499 'Landroid/app/AlarmManager$OnAlarmListener;'
W/dalvikvm( 7148): Link of class 'Loay;' failed
W/dalvikvm( 7148): VFY: unable to find class referenced in signature (Loay;)
I/dalvikvm( 7148): Could not find method android.app.AlarmManager.cancel, referenced from method oaz.b
W/dalvikvm( 7148): VFY: unable to resolve virtual method 1758: Landroid/app/AlarmManager;.cancel (Landroid/app/AlarmManager$OnAlarmListener;)V
D/dalvikvm( 7148): VFY: replacing opcode 0x6e at 0x0002
I/dalvikvm( 7148): Could not find method android.app.AlarmManager.setExactAndAllowWhileIdle, referenced from method oaz.i
W/dalvikvm( 7148): VFY: unable to resolve virtual method 1763: Landroid/app/AlarmManager;.setExactAndAllowWhileIdle (IJLandroid/app/PendingIntent;)V
D/dalvikvm( 7148): VFY: replacing opcode 0x6e at 0x000b
E/dalvikvm( 7148): Could not find class 'android.hardware.location.ContextHubManager', referenced from method azgj.b
W/dalvikvm( 7148): VFY: unable to resolve check-cast 383 (Landroid/hardware/location/ContextHubManager;) in Lazgj;
D/dalvikvm( 7148): VFY: replacing opcode 0x1f at 0x0034
I/dalvikvm( 7127): Could not find method android.os.PowerManager.isInteractive, referenced from method kyv.b
W/dalvikvm( 7127): VFY: unable to resolve virtual method 3564: Landroid/os/PowerManager;.isInteractive ()Z
D/dalvikvm( 7127): VFY: replacing opcode 0x6e at 0x0012
I/DiscoveryManager( 7127): WifiGuestModeDeviceScanner enabled.
D/BluetoothManagerService( 2279): Message: 20
D/BluetoothManagerService( 2279): Added callback: android.bluetooth.IBluetoothManagerCallback$Stub$Proxy@42890560:true
I/dalvikvm( 7127): Could not find method android.bluetooth.le.BluetoothLeScanner.stopScan, referenced from method kyf.d
W/dalvikvm( 7127): VFY: unable to resolve virtual method 2144: Landroid/bluetooth/le/BluetoothLeScanner;.stopScan (Landroid/bluetooth/le/ScanCallback;)V
D/dalvikvm( 7127): VFY: replacing opcode 0x6e at 0x000f
W/dalvikvm( 7127): VFY: unable to find class referenced in signature (Landroid/bluetooth/le/ScanResult;)
I/dalvikvm( 7127): Could not find method android.bluetooth.le.ScanResult.getScanRecord, referenced from method kyf.e
W/dalvikvm( 7127): VFY: unable to resolve virtual method 2161: Landroid/bluetooth/le/ScanResult;.getScanRecord ()Landroid/bluetooth/le/ScanRecord;
D/dalvikvm( 7127): VFY: replacing opcode 0x6e at 0x0005
I/dalvikvm( 7127): Could not find method android.bluetooth.BluetoothAdapter.getBluetoothLeScanner, referenced from method kyf.f
W/dalvikvm( 7127): VFY: unable to resolve virtual method 2124: Landroid/bluetooth/BluetoothAdapter;.getBluetoothLeScanner ()Landroid/bluetooth/le/BluetoothLeScanner;
D/dalvikvm( 7127): VFY: replacing opcode 0x6e at 0x0025
E/dalvikvm( 7127): Could not find class 'android.bluetooth.le.ScanFilter$Builder', referenced from method kyf.f
W/dalvikvm( 7127): VFY: unable to resolve new-instance 580 (Landroid/bluetooth/le/ScanFilter$Builder;) in Lkyf;
D/dalvikvm( 7127): VFY: replacing opcode 0x22 at 0x0035
D/dalvikvm( 7127): DexOpt: unable to opt direct call 0x0862 at 0x37 in Lkyf;.f
D/dalvikvm( 7127): DexOpt: unable to opt direct call 0x0873 at 0x49 in Lkyf;.f
W/dalvikvm( 7127): Unable to resolve superclass of Lvtr; (4118)
W/dalvikvm( 7127): Link of class 'Lvtr;' failed
W/dalvikvm( 7127): Unable to resolve superclass of Lcom/google/android/gms/cast/discovery/BleDeviceScanner$BleScanCallback; (16815)
W/dalvikvm( 7127): Link of class 'Lcom/google/android/gms/cast/discovery/BleDeviceScanner$BleScanCallback;' failed
D/dalvikvm( 7127): DexOpt: unable to opt direct call 0x5ed8 at 0x5c in Lkyf;.f
I/CastSocket( 7127): 19 >= 18. Adding new CastClientAuthKeyManager. [CONTEXT service_id=161 ]
I/wpa_supplicant( 2417): wlan0: CTRL-EVENT-SCAN-STARTED 
I/MediaRouter( 7127): Found default route: MediaRouter.RouteInfo{ uniqueId=android/aqw:DEFAULT_ROUTE, name=Telefone, description=null, iconUri=null, enabled=true, connectionState=0, canDisconnect=false, playbackType=0, playbackStream=3, deviceType=0, volumeHandling=1, volume=15, volumeMax=15, presentationDisplayId=-1, extras=null, settingsIntent=null, providerPackageName=android }
I/MediaRouter( 7127): Unselecting the current route because it is no longer selectable: null
E/dalvikvm( 7127): Could not find class 'android.media.projection.MediaProjectionManager', referenced from method lqd.f
W/dalvikvm( 7127): VFY: unable to resolve check-cast 803 (Landroid/media/projection/MediaProjectionManager;) in Llqd;
D/dalvikvm( 7127): VFY: replacing opcode 0x1f at 0x0020
I/dalvikvm( 7148): Could not find method android.os.PowerManager.isInteractive, referenced from method oit.c
W/dalvikvm( 7148): VFY: unable to resolve virtual method 3564: Landroid/os/PowerManager;.isInteractive ()Z
D/dalvikvm( 7148): VFY: replacing opcode 0x6e at 0x0008
D/BoundBrokerSvc( 7127): onBind: Intent { act=com.google.android.gms.safetynet.service.START pkg=com.google.android.gms }
D/BoundBrokerSvc( 7127): Loading bound service for intent: Intent { act=com.google.android.gms.safetynet.service.START pkg=com.google.android.gms }
D/dalvikvm( 7148): DexOpt: couldn't find static field Landroid/os/Build;.SUPPORTED_ABIS
W/dalvikvm( 7148): VFY: unable to resolve static field 79 (SUPPORTED_ABIS) in Landroid/os/Build;
D/dalvikvm( 7148): VFY: replacing opcode 0x62 at 0x0017
D/dalvikvm( 7148): Trying to load lib /data/app-lib/com.google.android.gms-1/libinertial-anchor-jni.so 0x41fb0100
D/dalvikvm( 7148): Added shared lib /data/app-lib/com.google.android.gms-1/libinertial-anchor-jni.so 0x41fb0100
D/dalvikvm( 7148): No JNI_OnLoad found in /data/app-lib/com.google.android.gms-1/libinertial-anchor-jni.so 0x41fb0100, skipping init
I/dalvikvm( 7148): Could not find method android.os.PowerManager.isPowerSaveMode, referenced from method baem.e
W/dalvikvm( 7148): VFY: unable to resolve virtual method 1695: Landroid/os/PowerManager;.isPowerSaveMode ()Z
D/dalvikvm( 7148): VFY: replacing opcode 0x6e at 0x000a
E/dalvikvm( 7148): Could not find class 'android.content.RestrictionsManager', referenced from method azil.a
W/dalvikvm( 7148): VFY: unable to resolve check-cast 267 (Landroid/content/RestrictionsManager;) in Lazil;
D/dalvikvm( 7148): VFY: replacing opcode 0x1f at 0x0097
D/BoundBrokerSvc( 7148): onBind: Intent { act=com.google.android.gms.clearcut.service.START pkg=com.google.android.gms }
D/BoundBrokerSvc( 7148): Loading bound service for intent: Intent { act=com.google.android.gms.clearcut.service.START pkg=com.google.android.gms }
W/ModuleManager( 7127): Unable to get current module's fulfilled APIs in ModuleManager created with non-module Context
E/AsyncOperation( 7127): operation=xlb, opStatusCode=12009 [CONTEXT service_id=45 ]
E/AsyncOperation( 7127): OperationException[Status{statusCode=unknown status code: 12009, resolution=null}]
E/AsyncOperation( 7127): 	at aldt.g(:com.google.android.gms@204714003@20.47.14 (000306-349456378):1)
E/AsyncOperation( 7127): 	at aldt.fE(:com.google.android.gms@204714003@20.47.14 (000306-349456378):31)
E/AsyncOperation( 7127): 	at vqg.run(:com.google.android.gms@204714003@20.47.14 (000306-349456378):9)
E/AsyncOperation( 7127): 	at bemo.run(:com.google.android.gms@204714003@20.47.14 (000306-349456378):2)
E/AsyncOperation( 7127): 	at oed.c(:com.google.android.gms@204714003@20.47.14 (000306-349456378):6)
E/AsyncOperation( 7127): 	at oed.run(:com.google.android.gms@204714003@20.47.14 (000306-349456378):7)
E/AsyncOperation( 7127): 	at java.util.concurrent.ThreadPoolExecutor.runWorker(ThreadPoolExecutor.java:1112)
E/AsyncOperation( 7127): 	at java.util.concurrent.ThreadPoolExecutor$Worker.run(ThreadPoolExecutor.java:587)
E/AsyncOperation( 7127): 	at ojr.run(:com.google.android.gms@204714003@20.47.14 (000306-349456378):0)
E/AsyncOperation( 7127): 	at java.lang.Thread.run(Thread.java:841)
E/AsyncOperation( 7127): operation=xlb, opStatusCode=12009 [CONTEXT service_id=45 ]
E/AsyncOperation( 7127): OperationException[Status{statusCode=unknown status code: 12009, resolution=null}]
E/AsyncOperation( 7127): 	at aldt.g(:com.google.android.gms@204714003@20.47.14 (000306-349456378):1)
E/AsyncOperation( 7127): 	at aldt.fE(:com.google.android.gms@204714003@20.47.14 (000306-349456378):31)
E/AsyncOperation( 7127): 	at vqg.run(:com.google.android.gms@204714003@20.47.14 (000306-349456378):9)
E/AsyncOperation( 7127): 	at bemo.run(:com.google.android.gms@204714003@20.47.14 (000306-349456378):2)
E/AsyncOperation( 7127): 	at oed.c(:com.google.android.gms@204714003@20.47.14 (000306-349456378):6)
E/AsyncOperation( 7127): 	at oed.run(:com.google.android.gms@204714003@20.47.14 (000306-349456378):8)
E/AsyncOperation( 7127): 	at java.util.concurrent.ThreadPoolExecutor.runWorker(ThreadPoolExecutor.java:1112)
E/AsyncOperation( 7127): 	at java.util.concurrent.ThreadPoolExecutor$Worker.run(ThreadPoolExecutor.java:587)
E/AsyncOperation( 7127): 	at ojr.run(:com.google.android.gms@204714003@20.47.14 (000306-349456378):0)
E/AsyncOperation( 7127): 	at java.lang.Thread.run(Thread.java:841)
E/AsyncOperation( 7127): operation=xlb, opStatusCode=12009 [CONTEXT service_id=45 ]
E/AsyncOperation( 7127): OperationException[Status{statusCode=unknown status code: 12009, resolution=null}]
E/AsyncOperation( 7127): 	at aldt.g(:com.google.android.gms@204714003@20.47.14 (000306-349456378):1)
E/AsyncOperation( 7127): 	at aldt.fE(:com.google.android.gms@204714003@20.47.14 (000306-349456378):31)
E/AsyncOperation( 7127): 	at vqg.run(:com.google.android.gms@204714003@20.47.14 (000306-349456378):9)
E/AsyncOperation( 7127): 	at bemo.run(:com.google.android.gms@204714003@20.47.14 (000306-349456378):2)
E/AsyncOperation( 7127): 	at oed.c(:com.google.android.gms@204714003@20.47.14 (000306-349456378):6)
E/AsyncOperation( 7127): 	at oed.run(:com.google.android.gms@204714003@20.47.14 (000306-349456378):8)
E/AsyncOperation( 7127): 	at java.util.concurrent.ThreadPoolExecutor.runWorker(ThreadPoolExecutor.java:1112)
E/AsyncOperation( 7127): 	at java.util.concurrent.ThreadPoolExecutor$Worker.run(ThreadPoolExecutor.java:587)
E/AsyncOperation( 7127): 	at ojr.run(:com.google.android.gms@204714003@20.47.14 (000306-349456378):0)
E/AsyncOperation( 7127): 	at java.lang.Thread.run(Thread.java:841)
E/AsyncOperation( 7127): operation=xlb, opStatusCode=12009 [CONTEXT service_id=45 ]
E/AsyncOperation( 7127): OperationException[Status{statusCode=unknown status code: 12009, resolution=null}]
E/AsyncOperation( 7127): 	at aldt.g(:com.google.android.gms@204714003@20.47.14 (000306-349456378):1)
E/AsyncOperation( 7127): 	at aldt.fE(:com.google.android.gms@204714003@20.47.14 (000306-349456378):31)
E/AsyncOperation( 7127): 	at vqg.run(:com.google.android.gms@204714003@20.47.14 (000306-349456378):9)
E/AsyncOperation( 7127): 	at bemo.run(:com.google.android.gms@204714003@20.47.14 (000306-349456378):2)
E/AsyncOperation( 7127): 	at oed.c(:com.google.android.gms@204714003@20.47.14 (000306-349456378):6)
E/AsyncOperation( 7127): 	at oed.run(:com.google.android.gms@204714003@20.47.14 (000306-349456378):8)
E/AsyncOperation( 7127): 	at java.util.concurrent.ThreadPoolExecutor.runWorker(ThreadPoolExecutor.java:1112)
E/AsyncOperation( 7127): 	at java.util.concurrent.ThreadPoolExecutor$Worker.run(ThreadPoolExecutor.java:587)
E/AsyncOperation( 7127): 	at ojr.run(:com.google.android.gms@204714003@20.47.14 (000306-349456378):0)
E/AsyncOperation( 7127): 	at java.lang.Thread.run(Thread.java:841)
E/AsyncOperation( 7127): operation=xlb, opStatusCode=12009 [CONTEXT service_id=45 ]
E/AsyncOperation( 7127): OperationException[Status{statusCode=unknown status code: 12009, resolution=null}]
E/AsyncOperation( 7127): 	at aldt.g(:com.google.android.gms@204714003@20.47.14 (000306-349456378):1)
E/AsyncOperation( 7127): 	at aldt.fE(:com.google.android.gms@204714003@20.47.14 (000306-349456378):31)
E/AsyncOperation( 7127): 	at vqg.run(:com.google.android.gms@204714003@20.47.14 (000306-349456378):9)
E/AsyncOperation( 7127): 	at bemo.run(:com.google.android.gms@204714003@20.47.14 (000306-349456378):2)
E/AsyncOperation( 7127): 	at oed.c(:com.google.android.gms@204714003@20.47.14 (000306-349456378):6)
E/AsyncOperation( 7127): 	at oed.run(:com.google.android.gms@204714003@20.47.14 (000306-349456378):8)
E/AsyncOperation( 7127): 	at java.util.concurrent.ThreadPoolExecutor.runWorker(ThreadPoolExecutor.java:1112)
E/AsyncOperation( 7127): 	at java.util.concurrent.ThreadPoolExecutor$Worker.run(ThreadPoolExecutor.java:587)
E/AsyncOperation( 7127): 	at ojr.run(:com.google.android.gms@204714003@20.47.14 (000306-349456378):0)
E/AsyncOperation( 7127): 	at java.lang.Thread.run(Thread.java:841)
E/AsyncOperation( 7127): operation=xlb, opStatusCode=12009 [CONTEXT service_id=45 ]
E/AsyncOperation( 7127): OperationException[Status{statusCode=unknown status code: 12009, resolution=null}]
E/AsyncOperation( 7127): 	at aldt.g(:com.google.android.gms@204714003@20.47.14 (000306-349456378):1)
E/AsyncOperation( 7127): 	at aldt.fE(:com.google.android.gms@204714003@20.47.14 (000306-349456378):31)
E/AsyncOperation( 7127): 	at vqg.run(:com.google.android.gms@204714003@20.47.14 (000306-349456378):9)
E/AsyncOperation( 7127): 	at bemo.run(:com.google.android.gms@204714003@20.47.14 (000306-349456378):2)
E/AsyncOperation( 7127): 	at oed.c(:com.google.android.gms@204714003@20.47.14 (000306-349456378):6)
E/AsyncOperation( 7127): 	at oed.run(:com.google.android.gms@204714003@20.47.14 (000306-349456378):8)
E/AsyncOperation( 7127): 	at java.util.concurrent.ThreadPoolExecutor.runWorker(ThreadPoolExecutor.java:1112)
E/AsyncOperation( 7127): 	at java.util.concurrent.ThreadPoolExecutor$Worker.run(ThreadPoolExecutor.java:587)
E/AsyncOperation( 7127): 	at ojr.run(:com.google.android.gms@204714003@20.47.14 (000306-349456378):0)
E/AsyncOperation( 7127): 	at java.lang.Thread.run(Thread.java:841)
E/AsyncOperation( 7127): operation=xlb, opStatusCode=12009 [CONTEXT service_id=45 ]
E/AsyncOperation( 7127): OperationException[Status{statusCode=unknown status code: 12009, resolution=null}]
E/AsyncOperation( 7127): 	at aldt.g(:com.google.android.gms@204714003@20.47.14 (000306-349456378):1)
E/AsyncOperation( 7127): 	at aldt.fE(:com.google.android.gms@204714003@20.47.14 (000306-349456378):31)
E/AsyncOperation( 7127): 	at vqg.run(:com.google.android.gms@204714003@20.47.14 (000306-349456378):9)
E/AsyncOperation( 7127): 	at bemo.run(:com.google.android.gms@204714003@20.47.14 (000306-349456378):2)
E/AsyncOperation( 7127): 	at oed.c(:com.google.android.gms@204714003@20.47.14 (000306-349456378):6)
E/AsyncOperation( 7127): 	at oed.run(:com.google.android.gms@204714003@20.47.14 (000306-349456378):8)
E/AsyncOperation( 7127): 	at java.util.concurrent.ThreadPoolExecutor.runWorker(ThreadPoolExecutor.java:1112)
E/AsyncOperation( 7127): 	at java.util.concurrent.ThreadPoolExecutor$Worker.run(ThreadPoolExecutor.java:587)
E/AsyncOperation( 7127): 	at ojr.run(:com.google.android.gms@204714003@20.47.14 (000306-349456378):0)
E/AsyncOperation( 7127): 	at java.lang.Thread.run(Thread.java:841)
E/AsyncOperation( 7127): operation=xlb, opStatusCode=12009 [CONTEXT service_id=45 ]
E/AsyncOperation( 7127): OperationException[Status{statusCode=unknown status code: 12009, resolution=null}]
E/AsyncOperation( 7127): 	at aldt.g(:com.google.android.gms@204714003@20.47.14 (000306-349456378):1)
E/AsyncOperation( 7127): 	at aldt.fE(:com.google.android.gms@204714003@20.47.14 (000306-349456378):31)
E/AsyncOperation( 7127): 	at vqg.run(:com.google.android.gms@204714003@20.47.14 (000306-349456378):9)
E/AsyncOperation( 7127): 	at bemo.run(:com.google.android.gms@204714003@20.47.14 (000306-349456378):2)
E/AsyncOperation( 7127): 	at oed.c(:com.google.android.gms@204714003@20.47.14 (000306-349456378):6)
E/AsyncOperation( 7127): 	at oed.run(:com.google.android.gms@204714003@20.47.14 (000306-349456378):8)
E/AsyncOperation( 7127): 	at java.util.concurrent.ThreadPoolExecutor.runWorker(ThreadPoolExecutor.java:1112)
E/AsyncOperation( 7127): 	at java.util.concurrent.ThreadPoolExecutor$Worker.run(ThreadPoolExecutor.java:587)
E/AsyncOperation( 7127): 	at ojr.run(:com.google.android.gms@204714003@20.47.14 (000306-349456378):0)
E/AsyncOperation( 7127): 	at java.lang.Thread.run(Thread.java:841)
E/AsyncOperation( 7127): operation=xlb, opStatusCode=12009 [CONTEXT service_id=45 ]
E/AsyncOperation( 7127): OperationException[Status{statusCode=unknown status code: 12009, resolution=null}]
E/AsyncOperation( 7127): 	at aldt.g(:com.google.android.gms@204714003@20.47.14 (000306-349456378):1)
E/AsyncOperation( 7127): 	at aldt.fE(:com.google.android.gms@204714003@20.47.14 (000306-349456378):31)
E/AsyncOperation( 7127): 	at vqg.run(:com.google.android.gms@204714003@20.47.14 (000306-349456378):9)
E/AsyncOperation( 7127): 	at bemo.run(:com.google.android.gms@204714003@20.47.14 (000306-349456378):2)
E/AsyncOperation( 7127): 	at oed.c(:com.google.android.gms@204714003@20.47.14 (000306-349456378):6)
E/AsyncOperation( 7127): 	at oed.run(:com.google.android.gms@204714003@20.47.14 (000306-349456378):8)
E/AsyncOperation( 7127): 	at java.util.concurrent.ThreadPoolExecutor.runWorker(ThreadPoolExecutor.java:1112)
E/AsyncOperation( 7127): 	at java.util.concurrent.ThreadPoolExecutor$Worker.run(ThreadPoolExecutor.java:587)
E/AsyncOperation( 7127): 	at ojr.run(:com.google.android.gms@204714003@20.47.14 (000306-349456378):0)
E/AsyncOperation( 7127): 	at java.lang.Thread.run(Thread.java:841)
E/AsyncOperation( 7127): operation=xlb, opStatusCode=12009 [CONTEXT service_id=45 ]
E/AsyncOperation( 7127): OperationException[Status{statusCode=unknown status code: 12009, resolution=null}]
E/AsyncOperation( 7127): 	at aldt.g(:com.google.android.gms@204714003@20.47.14 (000306-349456378):1)
E/AsyncOperation( 7127): 	at aldt.fE(:com.google.android.gms@204714003@20.47.14 (000306-349456378):31)
E/AsyncOperation( 7127): 	at vqg.run(:com.google.android.gms@204714003@20.47.14 (000306-349456378):9)
E/AsyncOperation( 7127): 	at bemo.run(:com.google.android.gms@204714003@20.47.14 (000306-349456378):2)
E/AsyncOperation( 7127): 	at oed.c(:com.google.android.gms@204714003@20.47.14 (000306-349456378):6)
E/AsyncOperation( 7127): 	at oed.run(:com.google.android.gms@204714003@20.47.14 (000306-349456378):8)
E/AsyncOperation( 7127): 	at java.util.concurrent.ThreadPoolExecutor.runWorker(ThreadPoolExecutor.java:1112)
E/AsyncOperation( 7127): 	at java.util.concurrent.ThreadPoolExecutor$Worker.run(ThreadPoolExecutor.java:587)
E/AsyncOperation( 7127): 	at ojr.run(:com.google.android.gms@204714003@20.47.14 (000306-349456378):0)
E/AsyncOperation( 7127): 	at java.lang.Thread.run(Thread.java:841)
E/AsyncOperation( 7127): operation=xlb, opStatusCode=12009 [CONTEXT service_id=45 ]
E/AsyncOperation( 7127): OperationException[Status{statusCode=unknown status code: 12009, resolution=null}]
E/AsyncOperation( 7127): 	at aldt.g(:com.google.android.gms@204714003@20.47.14 (000306-349456378):1)
E/AsyncOperation( 7127): 	at aldt.fE(:com.google.android.gms@204714003@20.47.14 (000306-349456378):31)
E/AsyncOperation( 7127): 	at vqg.run(:com.google.android.gms@204714003@20.47.14 (000306-349456378):9)
E/AsyncOperation( 7127): 	at bemo.run(:com.google.android.gms@204714003@20.47.14 (000306-349456378):2)
E/AsyncOperation( 7127): 	at oed.c(:com.google.android.gms@204714003@20.47.14 (000306-349456378):6)
E/AsyncOperation( 7127): 	at oed.run(:com.google.android.gms@204714003@20.47.14 (000306-349456378):8)
E/AsyncOperation( 7127): 	at java.util.concurrent.ThreadPoolExecutor.runWorker(ThreadPoolExecutor.java:1112)
E/AsyncOperation( 7127): 	at java.util.concurrent.ThreadPoolExecutor$Worker.run(ThreadPoolExecutor.java:587)
E/AsyncOperation( 7127): 	at ojr.run(:com.google.android.gms@204714003@20.47.14 (000306-349456378):0)
E/AsyncOperation( 7127): 	at java.lang.Thread.run(Thread.java:841)
E/AsyncOperation( 7127): operation=xlb, opStatusCode=12009 [CONTEXT service_id=45 ]
E/AsyncOperation( 7127): OperationException[Status{statusCode=unknown status code: 12009, resolution=null}]
E/AsyncOperation( 7127): 	at aldt.g(:com.google.android.gms@204714003@20.47.14 (000306-349456378):1)
E/AsyncOperation( 7127): 	at aldt.fE(:com.google.android.gms@204714003@20.47.14 (000306-349456378):31)
E/AsyncOperation( 7127): 	at vqg.run(:com.google.android.gms@204714003@20.47.14 (000306-349456378):9)
E/AsyncOperation( 7127): 	at bemo.run(:com.google.android.gms@204714003@20.47.14 (000306-349456378):2)
E/AsyncOperation( 7127): 	at oed.c(:com.google.android.gms@204714003@20.47.14 (000306-349456378):6)
E/AsyncOperation( 7127): 	at oed.run(:com.google.android.gms@204714003@20.47.14 (000306-349456378):8)
E/AsyncOperation( 7127): 	at java.util.concurrent.ThreadPoolExecutor.runWorker(ThreadPoolExecutor.java:1112)
E/AsyncOperation( 7127): 	at java.util.concurrent.ThreadPoolExecutor$Worker.run(ThreadPoolExecutor.java:587)
E/AsyncOperation( 7127): 	at ojr.run(:com.google.android.gms@204714003@20.47.14 (000306-349456378):0)
E/AsyncOperation( 7127): 	at java.lang.Thread.run(Thread.java:841)
E/AsyncOperation( 7127): operation=xlb, opStatusCode=12009 [CONTEXT service_id=45 ]
E/AsyncOperation( 7127): OperationException[Status{statusCode=unknown status code: 12009, resolution=null}]
E/AsyncOperation( 7127): 	at aldt.g(:com.google.android.gms@204714003@20.47.14 (000306-349456378):1)
E/AsyncOperation( 7127): 	at aldt.fE(:com.google.android.gms@204714003@20.47.14 (000306-349456378):31)
E/AsyncOperation( 7127): 	at vqg.run(:com.google.android.gms@204714003@20.47.14 (000306-349456378):9)
E/AsyncOperation( 7127): 	at bemo.run(:com.google.android.gms@204714003@20.47.14 (000306-349456378):2)
E/AsyncOperation( 7127): 	at oed.c(:com.google.android.gms@204714003@20.47.14 (000306-349456378):6)
E/AsyncOperation( 7127): 	at oed.run(:com.google.android.gms@204714003@20.47.14 (000306-349456378):8)
E/AsyncOperation( 7127): 	at java.util.concurrent.ThreadPoolExecutor.runWorker(ThreadPoolExecutor.java:1112)
E/AsyncOperation( 7127): 	at java.util.concurrent.ThreadPoolExecutor$Worker.run(ThreadPoolExecutor.java:587)
E/AsyncOperation( 7127): 	at ojr.run(:com.google.android.gms@204714003@20.47.14 (000306-349456378):0)
E/AsyncOperation( 7127): 	at java.lang.Thread.run(Thread.java:841)
E/AsyncOperation( 7127): operation=xlb, opStatusCode=12009 [CONTEXT service_id=45 ]
E/AsyncOperation( 7127): OperationException[Status{statusCode=unknown status code: 12009, resolution=null}]
E/AsyncOperation( 7127): 	at aldt.g(:com.google.android.gms@204714003@20.47.14 (000306-349456378):1)
E/AsyncOperation( 7127): 	at aldt.fE(:com.google.android.gms@204714003@20.47.14 (000306-349456378):31)
E/AsyncOperation( 7127): 	at vqg.run(:com.google.android.gms@204714003@20.47.14 (000306-349456378):9)
E/AsyncOperation( 7127): 	at bemo.run(:com.google.android.gms@204714003@20.47.14 (000306-349456378):2)
E/AsyncOperation( 7127): 	at oed.c(:com.google.android.gms@204714003@20.47.14 (000306-349456378):6)
E/AsyncOperation( 7127): 	at oed.run(:com.google.android.gms@204714003@20.47.14 (000306-349456378):8)
E/AsyncOperation( 7127): 	at java.util.concurrent.ThreadPoolExecutor.runWorker(ThreadPoolExecutor.java:1112)
E/AsyncOperation( 7127): 	at java.util.concurrent.ThreadPoolExecutor$Worker.run(ThreadPoolExecutor.java:587)
E/AsyncOperation( 7127): 	at ojr.run(:com.google.android.gms@204714003@20.47.14 (000306-349456378):0)
E/AsyncOperation( 7127): 	at java.lang.Thread.run(Thread.java:841)
E/AsyncOperation( 7127): operation=xlb, opStatusCode=12009 [CONTEXT service_id=45 ]
E/AsyncOperation( 7127): OperationException[Status{statusCode=unknown status code: 12009, resolution=null}]
E/AsyncOperation( 7127): 	at aldt.g(:com.google.android.gms@204714003@20.47.14 (000306-349456378):1)
E/AsyncOperation( 7127): 	at aldt.fE(:com.google.android.gms@204714003@20.47.14 (000306-349456378):31)
E/AsyncOperation( 7127): 	at vqg.run(:com.google.android.gms@204714003@20.47.14 (000306-349456378):9)
E/AsyncOperation( 7127): 	at bemo.run(:com.google.android.gms@204714003@20.47.14 (000306-349456378):2)
E/AsyncOperation( 7127): 	at oed.c(:com.google.android.gms@204714003@20.47.14 (000306-349456378):6)
E/AsyncOperation( 7127): 	at oed.run(:com.google.android.gms@204714003@20.47.14 (000306-349456378):8)
E/AsyncOperation( 7127): 	at java.util.concurrent.ThreadPoolExecutor.runWorker(ThreadPoolExecutor.java:1112)
E/AsyncOperation( 7127): 	at java.util.concurrent.ThreadPoolExecutor$Worker.run(ThreadPoolExecutor.java:587)
E/AsyncOperation( 7127): 	at ojr.run(:com.google.android.gms@204714003@20.47.14 (000306-349456378):0)
E/AsyncOperation( 7127): 	at java.lang.Thread.run(Thread.java:841)
E/AsyncOperation( 7127): operation=xlb, opStatusCode=12009 [CONTEXT service_id=45 ]
E/AsyncOperation( 7127): OperationException[Status{statusCode=unknown status code: 12009, resolution=null}]
E/AsyncOperation( 7127): 	at aldt.g(:com.google.android.gms@204714003@20.47.14 (000306-349456378):1)
E/AsyncOperation( 7127): 	at aldt.fE(:com.google.android.gms@204714003@20.47.14 (000306-349456378):31)
E/AsyncOperation( 7127): 	at vqg.run(:com.google.android.gms@204714003@20.47.14 (000306-349456378):9)
E/AsyncOperation( 7127): 	at bemo.run(:com.google.android.gms@204714003@20.47.14 (000306-349456378):2)
E/AsyncOperation( 7127): 	at oed.c(:com.google.android.gms@204714003@20.47.14 (000306-349456378):6)
E/AsyncOperation( 7127): 	at oed.run(:com.google.android.gms@204714003@20.47.14 (000306-349456378):8)
E/AsyncOperation( 7127): 	at java.util.concurrent.ThreadPoolExecutor.runWorker(ThreadPoolExecutor.java:1112)
E/AsyncOperation( 7127): 	at java.util.concurrent.ThreadPoolExecutor$Worker.run(ThreadPoolExecutor.java:587)
E/AsyncOperation( 7127): 	at ojr.run(:com.google.android.gms@204714003@20.47.14 (000306-349456378):0)
E/AsyncOperation( 7127): 	at java.lang.Thread.run(Thread.java:841)
E/AsyncOperation( 7127): operation=xlb, opStatusCode=12009 [CONTEXT service_id=45 ]
E/AsyncOperation( 7127): OperationException[Status{statusCode=unknown status code: 12009, resolution=null}]
E/AsyncOperation( 7127): 	at aldt.g(:com.google.android.gms@204714003@20.47.14 (000306-349456378):1)
E/AsyncOperation( 7127): 	at aldt.fE(:com.google.android.gms@204714003@20.47.14 (000306-349456378):31)
E/AsyncOperation( 7127): 	at vqg.run(:com.google.android.gms@204714003@20.47.14 (000306-349456378):9)
E/AsyncOperation( 7127): 	at bemo.run(:com.google.android.gms@204714003@20.47.14 (000306-349456378):2)
E/AsyncOperation( 7127): 	at oed.c(:com.google.android.gms@204714003@20.47.14 (000306-349456378):6)
E/AsyncOperation( 7127): 	at oed.run(:com.google.android.gms@204714003@20.47.14 (000306-349456378):8)
E/AsyncOperation( 7127): 	at java.util.concurrent.ThreadPoolExecutor.runWorker(ThreadPoolExecutor.java:1112)
E/AsyncOperation( 7127): 	at java.util.concurrent.ThreadPoolExecutor$Worker.run(ThreadPoolExecutor.java:587)
E/AsyncOperation( 7127): 	at ojr.run(:com.google.android.gms@204714003@20.47.14 (000306-349456378):0)
E/AsyncOperation( 7127): 	at java.lang.Thread.run(Thread.java:841)
E/AsyncOperation( 7127): operation=xlb, opStatusCode=12009 [CONTEXT service_id=45 ]
E/AsyncOperation( 7127): OperationException[Status{statusCode=unknown status code: 12009, resolution=null}]
E/AsyncOperation( 7127): 	at aldt.g(:com.google.android.gms@204714003@20.47.14 (000306-349456378):1)
E/AsyncOperation( 7127): 	at aldt.fE(:com.google.android.gms@204714003@20.47.14 (000306-349456378):31)
E/AsyncOperation( 7127): 	at vqg.run(:com.google.android.gms@204714003@20.47.14 (000306-349456378):9)
E/AsyncOperation( 7127): 	at bemo.run(:com.google.android.gms@204714003@20.47.14 (000306-349456378):2)
E/AsyncOperation( 7127): 	at oed.c(:com.google.android.gms@204714003@20.47.14 (000306-349456378):6)
E/AsyncOperation( 7127): 	at oed.run(:com.google.android.gms@204714003@20.47.14 (000306-349456378):8)
E/AsyncOperation( 7127): 	at java.util.concurrent.ThreadPoolExecutor.runWorker(ThreadPoolExecutor.java:1112)
E/AsyncOperation( 7127): 	at java.util.concurrent.ThreadPoolExecutor$Worker.run(ThreadPoolExecutor.java:587)
E/AsyncOperation( 7127): 	at ojr.run(:com.google.android.gms@204714003@20.47.14 (000306-349456378):0)
E/AsyncOperation( 7127): 	at java.lang.Thread.run(Thread.java:841)
I/CastMirroringProvider( 7127): onDiscoveryModeChanged, mode=1
D/dalvikvm( 7127): DexOpt: couldn't find field Landroid/os/Message;.sendingUid
W/dalvikvm( 7127): VFY: unable to resolve instance field 898
D/dalvikvm( 7127): VFY: replacing opcode 0x52 at 0x002e
I/DiscoveryManager( 7127): Filter criteria(674A0243,8E6C866D) scannerFlags(0)
I/CastDatabase( 7127): CastDeviceInfo created: V_0e997f96-bca8-4cbb-a817-080c0d8b7a08
W/GuestModeDeviceProber( 7127): setFilterCriteria
D/BoundBrokerSvc( 7127): onBind: Intent { act=com.google.android.gms.mdns.service.START cmp=com.google.android.gms/.chimera.GmsBoundBrokerService }
D/BoundBrokerSvc( 7127): Loading bound service for intent: Intent { act=com.google.android.gms.mdns.service.START cmp=com.google.android.gms/.chimera.GmsBoundBrokerService }
E/DeviceScanner( 7127): [BLE] Failed to start scan because the Bluetooth is disabled.
I/dalvikvm( 7127): Could not find method android.os.PowerManager.isInteractive, referenced from method ogx.d
W/dalvikvm( 7127): VFY: unable to resolve virtual method 3564: Landroid/os/PowerManager;.isInteractive ()Z
D/dalvikvm( 7127): VFY: replacing opcode 0x6e at 0x0006
E/DeviceScanner( 7127): [BLE] Failed to start scan because the Bluetooth is disabled.
E/dalvikvm( 7127): Could not find class 'android.app.ActivityManager$TaskDescription', referenced from method com.google.android.gms.growth.ui.webview.GrowthWebViewChimeraActivity.onCreate
W/dalvikvm( 7127): VFY: unable to resolve new-instance 4054 (Landroid/app/ActivityManager$TaskDescription;) in Lcom/google/android/gms/growth/ui/webview/GrowthWebViewChimeraActivity;
D/dalvikvm( 7127): VFY: replacing opcode 0x22 at 0x00d2
D/dalvikvm( 7127): DexOpt: unable to opt direct call 0x36bd at 0xdf in Lcom/google/android/gms/growth/ui/webview/GrowthWebViewChimeraActivity;.onCreate
W/ModuleManager( 7148): Unable to get current module's fulfilled APIs in ModuleManager created with non-module Context
I/dalvikvm( 7148): Could not find method android.system.Os.statvfs, referenced from method msa.f
W/dalvikvm( 7148): VFY: unable to resolve static method 4525: Landroid/system/Os;.statvfs (Ljava/lang/String;)Landroid/system/StructStatVfs;
D/dalvikvm( 7148): VFY: replacing opcode 0x71 at 0x0029
I/dalvikvm( 7148): DexOpt: unable to optimize instance field ref 0x054b at 0x2d in Lmsa;.f
I/Auth    ( 7127): [WorkAccount] update authenticator enabled for boot or update
E/dalvikvm( 7165): Could not find class 'com.google.common.flogger.backend.google.GooglePlatform', referenced from method bgui.a
W/dalvikvm( 7165): VFY: unable to resolve const-class 5129 (Lcom/google/common/flogger/backend/google/GooglePlatform;) in Lbgui;
D/dalvikvm( 7165): VFY: replacing opcode 0x1c at 0x001b
D/BoundBrokerSvc( 7148): onBind: Intent { act=com.google.android.gms.usagereporting.service.START pkg=com.google.android.gms }
D/BoundBrokerSvc( 7148): Loading bound service for intent: Intent { act=com.google.android.gms.usagereporting.service.START pkg=com.google.android.gms }
W/dalvikvm( 7165): VFY: unable to resolve static field 2040 (PR_SET_DUMPABLE) in Landroid/system/OsConstants;
D/dalvikvm( 7165): VFY: replacing opcode 0x60 at 0x0017
D/BoundBrokerSvc( 7148): onBind: Intent { act=com.google.android.gms.clearcut.service.START cmp=com.google.android.gms/.chimera.PersistentDirectBootAwareApiService }
D/BoundBrokerSvc( 7148): Loading bound service for intent: Intent { act=com.google.android.gms.clearcut.service.START cmp=com.google.android.gms/.chimera.PersistentDirectBootAwareApiService }
D/BoundBrokerSvc( 7148): onBind: Intent { act=com.google.android.gms.usagereporting.service.START cmp=com.google.android.gms/.chimera.PersistentDirectBootAwareApiService }
D/BoundBrokerSvc( 7148): Loading bound service for intent: Intent { act=com.google.android.gms.usagereporting.service.START cmp=com.google.android.gms/.chimera.PersistentDirectBootAwareApiService }
W/dalvikvm( 7165): VFY: unable to find class referenced in signature (Lzss;)
W/dalvikvm( 7165): VFY: unable to find class referenced in signature (Lztj;)
I/dalvikvm( 7165): Could not find method android.system.Os.readlink, referenced from method njr.a
W/dalvikvm( 7165): VFY: unable to resolve static method 4574: Landroid/system/Os;.readlink (Ljava/lang/String;)Ljava/lang/String;
D/dalvikvm( 7165): VFY: replacing opcode 0x71 at 0x00ac
I/dalvikvm( 7165): Could not find method android.os.PowerManager.isInteractive, referenced from method nuj.a
W/dalvikvm( 7165): VFY: unable to resolve virtual method 3877: Landroid/os/PowerManager;.isInteractive ()Z
D/dalvikvm( 7165): VFY: replacing opcode 0x6e at 0x0013
I/MultiDex( 7165): VM with version 1.6.0 does not have multidex support
I/MultiDex( 7165): Installing application
I/MultiDex( 7165): MultiDexExtractor(204714003, /data/app/com.google.android.gms-1.apk, /data/data/com.google.android.gms/code_cache/secondary-dexes)
I/dalvikvm( 7148): Could not find method android.os.UserHandle.isOwner, referenced from method azhb.A
W/dalvikvm( 7148): VFY: unable to resolve virtual method 1722: Landroid/os/UserHandle;.isOwner ()Z
D/dalvikvm( 7148): VFY: replacing opcode 0x6e at 0x01a8
I/MultiDex( 7165): Blocking on lock /data/data/com.google.android.gms/code_cache/secondary-dexes/MultiDex.lock
I/MultiDex( 7165): /data/data/com.google.android.gms/code_cache/secondary-dexes/MultiDex.lock locked
I/MultiDex( 7165): MultiDexExtractor.load(204714003, /data/app/com.google.android.gms-1.apk, false, )
I/MultiDex( 7165): loading existing secondary dex files
I/MultiDex( 7165): load found 5 secondary dex files
I/MultiDex( 7165): install done
I/dalvikvm( 7127): Failed resolving Loay; interface 499 'Landroid/app/AlarmManager$OnAlarmListener;'
W/dalvikvm( 7127): Link of class 'Loay;' failed
W/dalvikvm( 7127): VFY: unable to find class referenced in signature (Loay;)
I/dalvikvm( 7127): Could not find method android.app.AlarmManager.cancel, referenced from method oaz.b
W/dalvikvm( 7127): VFY: unable to resolve virtual method 1758: Landroid/app/AlarmManager;.cancel (Landroid/app/AlarmManager$OnAlarmListener;)V
D/dalvikvm( 7127): VFY: replacing opcode 0x6e at 0x0002
I/dalvikvm( 7127): Could not find method android.app.AlarmManager.setExactAndAllowWhileIdle, referenced from method oaz.i
W/dalvikvm( 7127): VFY: unable to resolve virtual method 1763: Landroid/app/AlarmManager;.setExactAndAllowWhileIdle (IJLandroid/app/PendingIntent;)V
D/dalvikvm( 7127): VFY: replacing opcode 0x6e at 0x000b
I/dalvikvm( 7165): Could not find method android.os.UserHandle.isOwner, referenced from method ofl.Y
W/dalvikvm( 7165): VFY: unable to resolve virtual method 3923: Landroid/os/UserHandle;.isOwner ()Z
D/dalvikvm( 7165): VFY: replacing opcode 0x6e at 0x000a
I/GmsApplication( 7165): Staging modules and/or updating config
I/dalvikvm( 7165): Could not find method com.google.android.chimera.ModuleContext.getAttributionTag, referenced from method com.google.android.chimera.ModuleContext.createAttributionContext
W/dalvikvm( 7165): VFY: unable to resolve virtual method 18795: Lcom/google/android/chimera/ModuleContext;.getAttributionTag ()Ljava/lang/String;
D/dalvikvm( 7165): VFY: replacing opcode 0x6e at 0x0004
I/dalvikvm( 7165): Could not find method com.google.android.chimera.ContextThemeWrapper.createAttributionContext, referenced from method com.google.android.chimera.ModuleContext.createAttributionContext
W/dalvikvm( 7165): VFY: unable to resolve virtual method 18407: Lcom/google/android/chimera/ContextThemeWrapper;.createAttributionContext (Ljava/lang/String;)Landroid/content/Context;
D/dalvikvm( 7165): VFY: replacing opcode 0x6f at 0x0031
I/dalvikvm( 7165): Could not find method android.content.ContextWrapper.createCredentialProtectedStorageContext, referenced from method com.google.android.chimera.ModuleContext.createCredentialProtectedStorageContext
W/dalvikvm( 7165): VFY: unable to resolve virtual method 3118: Landroid/content/ContextWrapper;.createCredentialProtectedStorageContext ()Landroid/content/Context;
D/dalvikvm( 7165): VFY: replacing opcode 0x6f at 0x0002
I/dalvikvm( 7165): Could not find method android.content.ContextWrapper.createDeviceProtectedStorageContext, referenced from method com.google.android.chimera.ModuleContext.createDeviceProtectedStorageContext
W/dalvikvm( 7165): VFY: unable to resolve virtual method 3119: Landroid/content/ContextWrapper;.createDeviceProtectedStorageContext ()Landroid/content/Context;
D/dalvikvm( 7165): VFY: replacing opcode 0x6f at 0x0002
I/dalvikvm( 7165): Could not find method com.google.android.chimera.ContextThemeWrapper.sendBroadcastWithMultiplePermissions, referenced from method com.google.android.chimera.ModuleContext.sendBroadcastWithMultiplePermissions
W/dalvikvm( 7165): VFY: unable to resolve virtual method 18418: Lcom/google/android/chimera/ContextThemeWrapper;.sendBroadcastWithMultiplePermissions (Landroid/content/Intent;[Ljava/lang/String;)V
D/dalvikvm( 7165): VFY: replacing opcode 0x6f at 0x0009
I/dalvikvm( 7165): Could not find method android.system.Os.stat, referenced from method bzh.c
W/dalvikvm( 7165): VFY: unable to resolve static method 4575: Landroid/system/Os;.stat (Ljava/lang/String;)Landroid/system/StructStat;
D/dalvikvm( 7165): VFY: replacing opcode 0x71 at 0x0005
W/dalvikvm( 7165): VFY: unable to resolve static field 2047 (S_IXUSR) in Landroid/system/OsConstants;
D/dalvikvm( 7165): VFY: replacing opcode 0x60 at 0x0007
E/GmsClient( 7127): unable to connect to service: com.google.android.gms.auth.key.retrieval.service.START on com.google.android.gms
W/dalvikvm( 7165): VFY: unable to resolve static field 2044 (S_IRUSR) in Landroid/system/OsConstants;
D/dalvikvm( 7165): VFY: replacing opcode 0x60 at 0x0007
I/dalvikvm( 7165): DexOpt: unable to optimize instance field ref 0x0800 at 0x09 in Lbzh;.c
I/dalvikvm( 7165): DexOpt: unable to optimize static field ref 0x07fd at 0x09 in Lbzh;.d
I/dalvikvm( 7165): DexOpt: unable to optimize static field ref 0x07fe at 0x0c in Lbzh;.d
I/dalvikvm( 7165): DexOpt: unable to optimize static field ref 0x07fa at 0x09 in Lbzh;.e
I/dalvikvm( 7165): DexOpt: unable to optimize static field ref 0x07fb at 0x0c in Lbzh;.e
D/dalvikvm( 7165): DexOpt: couldn't find static field Landroid/os/Build;.SUPPORTED_64_BIT_ABIS
W/dalvikvm( 7165): VFY: unable to resolve static field 1740 (SUPPORTED_64_BIT_ABIS) in Landroid/os/Build;
D/dalvikvm( 7165): VFY: replacing opcode 0x62 at 0x0200
D/dalvikvm( 7165): DexOpt: couldn't find static field Landroid/os/Build;.SUPPORTED_32_BIT_ABIS
