I/dalvikvm( 7165): DexOpt: unable to optimize static field ref 0x06cb at 0x205 in Lcck;.c
D/BluetoothManagerService( 2279): Message: 20
I/GmsApplication( 7165): Staging modules and/or updating config already complete
D/dalvikvm( 7165): DexOpt: couldn't find field Landroid/content/pm/ApplicationInfo;.splitSourceDirs
W/dalvikvm( 7165): VFY: unable to resolve instance field 1637
D/dalvikvm( 7165): VFY: replacing opcode 0x54 at 0x004e
D/dalvikvm( 7165): DexOpt: couldn't find static field Landroid/os/Build;.SUPPORTED_ABIS
W/dalvikvm( 7165): VFY: unable to resolve static field 1741 (SUPPORTED_ABIS) in Landroid/os/Build;
D/dalvikvm( 7165): VFY: replacing opcode 0x62 at 0x00ac
D/dalvikvm( 7165): DexOpt: couldn't find field Landroid/content/pm/ApplicationInfo;.splitSourceDirs
I/dalvikvm( 7165): DexOpt: unable to optimize instance field ref 0x0665 at 0x52 in Loib;.d
I/dalvikvm( 7165): Could not find method android.system.Os.stat, referenced from method ohb.d
W/dalvikvm( 7165): VFY: unable to resolve static method 4575: Landroid/system/Os;.stat (Ljava/lang/String;)Landroid/system/StructStat;
D/dalvikvm( 7165): VFY: replacing opcode 0x71 at 0x0182
I/dalvikvm( 7165): DexOpt: unable to optimize instance field ref 0x0801 at 0x186 in Lohb;.d
I/dalvikvm( 7165): DexOpt: unable to optimize instance field ref 0x0800 at 0x196 in Lohb;.d
I/dalvikvm( 7165): DexOpt: unable to optimize static field ref 0x07fd at 0x198 in Lohb;.d
I/dalvikvm( 7165): DexOpt: unable to optimize static field ref 0x07fe at 0x19e in Lohb;.d
I/dalvikvm( 7165): DexOpt: unable to optimize static field ref 0x07ff at 0x1a4 in Lohb;.d
I/dalvikvm( 7165): Could not find method android.content.pm.PackageManager.getPackageInstaller, referenced from method muu.t
W/dalvikvm( 7165): VFY: unable to resolve virtual method 3230: Landroid/content/pm/PackageManager;.getPackageInstaller ()Landroid/content/pm/PackageInstaller;
D/dalvikvm( 7165): VFY: replacing opcode 0x6e at 0x001c
W/ProviderHelper( 7165): Unknown dynamite feature providerinstaller.dynamite
I/DynamiteModule( 7165): Considering local module com.google.android.gms.providerinstaller.dynamite:1 and remote module com.google.android.gms.providerinstaller.dynamite:0
I/DynamiteModule( 7165): Selected local version of com.google.android.gms.providerinstaller.dynamite
I/dalvikvm( 7165): Could not find method android.content.ContextWrapper.createCredentialProtectedStorageContext, referenced from method ajsr.createCredentialProtectedStorageContext
W/dalvikvm( 7165): VFY: unable to resolve virtual method 3118: Landroid/content/ContextWrapper;.createCredentialProtectedStorageContext ()Landroid/content/Context;
D/dalvikvm( 7165): VFY: replacing opcode 0x6f at 0x0002
I/dalvikvm( 7165): Could not find method android.content.ContextWrapper.createDeviceProtectedStorageContext, referenced from method ajsr.createDeviceProtectedStorageContext
W/dalvikvm( 7165): VFY: unable to resolve virtual method 3119: Landroid/content/ContextWrapper;.createDeviceProtectedStorageContext ()Landroid/content/Context;
D/dalvikvm( 7165): VFY: replacing opcode 0x6f at 0x0002
D/dalvikvm( 7165): DexOpt: couldn't find static field Landroid/os/Build;.SUPPORTED_64_BIT_ABIS
W/dalvikvm( 7165): VFY: unable to resolve static field 1740 (SUPPORTED_64_BIT_ABIS) in Landroid/os/Build;
D/dalvikvm( 7165): VFY: replacing opcode 0x62 at 0x004c
D/dalvikvm( 7165): DexOpt: couldn't find static field Landroid/os/Build;.SUPPORTED_ABIS
W/dalvikvm( 7165): VFY: unable to resolve static field 1741 (SUPPORTED_ABIS) in Landroid/os/Build;
D/dalvikvm( 7165): VFY: replacing opcode 0x62 at 0x00da
D/dalvikvm( 7165): DexOpt: couldn't find static field Landroid/os/Build;.SUPPORTED_64_BIT_ABIS
I/dalvikvm( 7165): DexOpt: unable to optimize static field ref 0x06cc at 0x51 in Lohh;.c
D/dalvikvm( 7165): Trying to load lib /data/app-lib/com.google.android.gms-1/libconscrypt_gmscore_jni.so 0x41fb6c38
D/dalvikvm( 7165): Added shared lib /data/app-lib/com.google.android.gms-1/libconscrypt_gmscore_jni.so 0x41fb6c38
W/dalvikvm( 7165): Unable to resolve superclass of Lcom/google/android/gms/org/conscrypt/TrustManagerImpl; (5750)
W/dalvikvm( 7165): Link of class 'Lcom/google/android/gms/org/conscrypt/TrustManagerImpl;' failed
I/dalvikvm( 7165): Could not find method com.google.android.gms.org.conscrypt.TrustManagerImpl.getDefaultHostnameVerifier, referenced from method com.google.android.gms.org.conscrypt.Conscrypt.getDefaultHostnameVerifier
W/dalvikvm( 7165): VFY: unable to resolve static method 22831: Lcom/google/android/gms/org/conscrypt/TrustManagerImpl;.getDefaultHostnameVerifier ()Lcom/google/android/gms/org/conscrypt/ConscryptHostnameVerifier;
D/dalvikvm( 7165): VFY: replacing opcode 0x71 at 0x0003
W/dalvikvm( 7165): Unable to resolve superclass of Lcom/google/android/gms/org/conscrypt/TrustManagerImpl; (5750)
W/dalvikvm( 7165): Link of class 'Lcom/google/android/gms/org/conscrypt/TrustManagerImpl;' failed
W/dalvikvm( 7165): VFY: unable to find class referenced in signature (Lcom/google/android/gms/org/conscrypt/TrustManagerImpl;)
W/dalvikvm( 7165): Unable to resolve superclass of Lcom/google/android/gms/org/conscrypt/TrustManagerImpl; (5750)
W/dalvikvm( 7165): Link of class 'Lcom/google/android/gms/org/conscrypt/TrustManagerImpl;' failed
I/dalvikvm( 7165): Could not find method com.google.android.gms.org.conscrypt.TrustManagerImpl.getHostnameVerifier, referenced from method com.google.android.gms.org.conscrypt.Conscrypt.getHostnameVerifier
W/dalvikvm( 7165): VFY: unable to resolve virtual method 22833: Lcom/google/android/gms/org/conscrypt/TrustManagerImpl;.getHostnameVerifier ()Lcom/google/android/gms/org/conscrypt/ConscryptHostnameVerifier;
D/dalvikvm( 7165): VFY: replacing opcode 0x6e at 0x0004
W/dalvikvm( 7165): Unable to resolve superclass of Lcom/google/android/gms/org/conscrypt/TrustManagerImpl; (5750)
W/dalvikvm( 7165): Link of class 'Lcom/google/android/gms/org/conscrypt/TrustManagerImpl;' failed
E/dalvikvm( 7165): Could not find class 'com.google.android.gms.org.conscrypt.TrustManagerImpl', referenced from method com.google.android.gms.org.conscrypt.Conscrypt.isConscrypt
W/dalvikvm( 7165): VFY: unable to resolve instanceof 4980 (Lcom/google/android/gms/org/conscrypt/TrustManagerImpl;) in Lcom/google/android/gms/org/conscrypt/Conscrypt;
D/dalvikvm( 7165): VFY: replacing opcode 0x20 at 0x0000
W/dalvikvm( 7165): Unable to resolve superclass of Lcom/google/android/gms/org/conscrypt/TrustManagerImpl; (5750)
W/dalvikvm( 7165): Link of class 'Lcom/google/android/gms/org/conscrypt/TrustManagerImpl;' failed
I/dalvikvm( 7165): Could not find method com.google.android.gms.org.conscrypt.TrustManagerImpl.setDefaultHostnameVerifier, referenced from method com.google.android.gms.org.conscrypt.Conscrypt.setDefaultHostnameVerifier
W/dalvikvm( 7165): VFY: unable to resolve static method 22843: Lcom/google/android/gms/org/conscrypt/TrustManagerImpl;.setDefaultHostnameVerifier (Lcom/google/android/gms/org/conscrypt/ConscryptHostnameVerifier;)V
D/dalvikvm( 7165): VFY: replacing opcode 0x71 at 0x0003
W/dalvikvm( 7165): Unable to resolve superclass of Lcom/google/android/gms/org/conscrypt/TrustManagerImpl; (5750)
W/dalvikvm( 7165): Link of class 'Lcom/google/android/gms/org/conscrypt/TrustManagerImpl;' failed
W/dalvikvm( 7165): VFY: unable to find class referenced in signature (Lcom/google/android/gms/org/conscrypt/TrustManagerImpl;)
W/dalvikvm( 7165): Unable to resolve superclass of Lcom/google/android/gms/org/conscrypt/TrustManagerImpl; (5750)
W/dalvikvm( 7165): Link of class 'Lcom/google/android/gms/org/conscrypt/TrustManagerImpl;' failed
I/dalvikvm( 7165): Could not find method com.google.android.gms.org.conscrypt.TrustManagerImpl.setHostnameVerifier, referenced from method com.google.android.gms.org.conscrypt.Conscrypt.setHostnameVerifier
W/dalvikvm( 7165): VFY: unable to resolve virtual method 22844: Lcom/google/android/gms/org/conscrypt/TrustManagerImpl;.setHostnameVerifier (Lcom/google/android/gms/org/conscrypt/ConscryptHostnameVerifier;)V
D/dalvikvm( 7165): VFY: replacing opcode 0x6e at 0x0004
W/dalvikvm( 7165): Unable to resolve superclass of Lcom/google/android/gms/org/conscrypt/TrustManagerImpl; (5750)
W/dalvikvm( 7165): Link of class 'Lcom/google/android/gms/org/conscrypt/TrustManagerImpl;' failed
E/dalvikvm( 7165): Could not find class 'com.google.android.gms.org.conscrypt.TrustManagerImpl', referenced from method com.google.android.gms.org.conscrypt.Conscrypt.toConscrypt
W/dalvikvm( 7165): VFY: unable to resolve check-cast 4980 (Lcom/google/android/gms/org/conscrypt/TrustManagerImpl;) in Lcom/google/android/gms/org/conscrypt/Conscrypt;
D/dalvikvm( 7165): VFY: replacing opcode 0x1f at 0x002a
D/BluetoothManagerService( 2279): Added callback: android.bluetooth.IBluetoothManagerCallback$Stub$Proxy@42500270:true
I/dalvikvm( 7148): Could not find method android.accounts.AccountManager.removeAccount, referenced from method zlp.s
W/dalvikvm( 7148): VFY: unable to resolve virtual method 13951: Landroid/accounts/AccountManager;.removeAccount (Landroid/accounts/Account;Landroid/app/Activity;Landroid/accounts/AccountManagerCallback;Landroid/os/Handler;)Landroid/accounts/AccountManagerFuture;
D/dalvikvm( 7148): VFY: replacing opcode 0x6e at 0x0009
I/dalvikvm( 7148): Could not find method android.accounts.AccountManager.removeAccountExplicitly, referenced from method zlp.t
W/dalvikvm( 7148): VFY: unable to resolve virtual method 13952: Landroid/accounts/AccountManager;.removeAccountExplicitly (Landroid/accounts/Account;)Z
D/dalvikvm( 7148): VFY: replacing opcode 0x6e at 0x0008
D/BoundBrokerSvc( 7148): onBind: Intent { act=com.google.android.gms.clearcut.bootcount.service.START cmp=com.google.android.gms/.chimera.PersistentBoundBrokerService }
D/BoundBrokerSvc( 7148): Loading bound service for intent: Intent { act=com.google.android.gms.clearcut.bootcount.service.START cmp=com.google.android.gms/.chimera.PersistentBoundBrokerService }
D/BoundBrokerSvc( 7148): onBind: Intent { act=com.google.android.gms.auth.account.workaccount.START cmp=com.google.android.gms/.chimera.PersistentApiService }
D/BoundBrokerSvc( 7148): Loading bound service for intent: Intent { act=com.google.android.gms.auth.account.workaccount.START cmp=com.google.android.gms/.chimera.PersistentApiService }
I/dalvikvm( 7148): Could not find method android.os.UserManager.isManagedProfile, referenced from method fea.c
W/dalvikvm( 7148): VFY: unable to resolve virtual method 3614: Landroid/os/UserManager;.isManagedProfile ()Z
D/dalvikvm( 7148): VFY: replacing opcode 0x6e at 0x0024
E/dalvikvm( 7165): Could not find class 'javax.net.ssl.SNIServerName', referenced from method com.google.android.gms.org.conscrypt.Platform.getSniHostnameFromParams
W/dalvikvm( 7165): VFY: unable to resolve check-cast 5726 (Ljavax/net/ssl/SNIServerName;) in Lcom/google/android/gms/org/conscrypt/Platform;
D/dalvikvm( 7165): VFY: replacing opcode 0x1f at 0x0025
E/dalvikvm( 7165): Could not find class 'javax.net.ssl.SNIMatcher', referenced from method com.google.android.gms.org.conscrypt.Platform.serverNamePermittedInternal
W/dalvikvm( 7165): VFY: unable to resolve check-cast 5725 (Ljavax/net/ssl/SNIMatcher;) in Lcom/google/android/gms/org/conscrypt/Platform;
D/dalvikvm( 7165): VFY: replacing opcode 0x1f at 0x001c
E/dalvikvm( 7165): Could not find class 'javax.net.ssl.SNIHostName', referenced from method com.google.android.gms.org.conscrypt.Platform.setParametersSniHostname
W/dalvikvm( 7165): VFY: unable to resolve new-instance 5724 (Ljavax/net/ssl/SNIHostName;) in Lcom/google/android/gms/org/conscrypt/Platform;
D/dalvikvm( 7165): VFY: replacing opcode 0x22 at 0x0024
E/dalvikvm( 7165): Could not find class 'javax.net.ssl.SNIHostName', referenced from method com.google.android.gms.org.conscrypt.Platform.setParametersSniHostname
W/dalvikvm( 7165): VFY: unable to resolve new-instance 5724 (Ljavax/net/ssl/SNIHostName;) in Lcom/google/android/gms/org/conscrypt/Platform;
D/dalvikvm( 7165): VFY: replacing opcode 0x22 at 0x0024
D/ActivityThread( 7279): handleBindApplication:com.svox.pico
D/ActivityThread( 7279): setTargetHeapUtilization:0.75
D/ActivityThread( 7279): setTargetHeapMinFree:2097152
D/dalvikvm( 7165): DexOpt: unable to opt direct call 0x673f at 0x20 in Lcom/google/android/gms/org/conscrypt/Platform;.serverNamePermittedInternal
D/dalvikvm( 7165): DexOpt: unable to opt direct call 0x673f at 0x2a in Lcom/google/android/gms/org/conscrypt/Platform;.setParametersSniHostname
D/dalvikvm( 7165): DexOpt: unable to opt direct call 0x673f at 0x2a in Lcom/google/android/gms/org/conscrypt/Platform;.setParametersSniHostname
D/dalvikvm( 7165): Trying to load lib /data/app-lib/com.google.android.gms-1/libconscrypt_gmscore_jni.so 0x41fb6c38
D/dalvikvm( 7165): Shared lib '/data/app-lib/com.google.android.gms-1/libconscrypt_gmscore_jni.so' already loaded in same CL 0x41fb6c38
I/SystemUpdate( 7127): [Installation,ReceiverIntentOperation] Received intent: Intent { act=com.google.android.gms.update.BASE_MODULE_INIT cat=[targeted_intent_op_prefix:.update.control.ReceiverIntentOperation] cmp=com.google.android.gms/.chimera.GmsIntentOperationService }.
I/dalvikvm( 7148): Could not find method android.app.admin.DevicePolicyManager.isProfileOwnerApp, referenced from method hkb.g
W/dalvikvm( 7148): VFY: unable to resolve virtual method 1968: Landroid/app/admin/DevicePolicyManager;.isProfileOwnerApp (Ljava/lang/String;)Z
D/dalvikvm( 7148): VFY: replacing opcode 0x6e at 0x0011
I/dalvikvm( 7148): Could not find method android.app.admin.DevicePolicyManager.getProfileOwner, referenced from method hkb.c
W/dalvikvm( 7148): VFY: unable to resolve virtual method 1964: Landroid/app/admin/DevicePolicyManager;.getProfileOwner ()Landroid/content/ComponentName;
D/dalvikvm( 7148): VFY: replacing opcode 0x6e at 0x0012
I/dalvikvm( 7148): Could not find method android.os.UserHandle.isOwner, referenced from method aipi.b
W/dalvikvm( 7148): VFY: unable to resolve virtual method 18618: Landroid/os/UserHandle;.isOwner ()Z
D/dalvikvm( 7148): VFY: replacing opcode 0x6e at 0x000a
I/dalvikvm( 7127): Could not find method android.app.NotificationManager.getCurrentInterruptionFilter, referenced from method nvx.g
W/dalvikvm( 7127): VFY: unable to resolve virtual method 1877: Landroid/app/NotificationManager;.getCurrentInterruptionFilter ()I
D/dalvikvm( 7127): VFY: replacing opcode 0x6e at 0x0002
I/dalvikvm( 7127): Could not find method android.app.admin.DevicePolicyManager.isProfileOwnerApp, referenced from method hkb.g
W/dalvikvm( 7127): VFY: unable to resolve virtual method 1968: Landroid/app/admin/DevicePolicyManager;.isProfileOwnerApp (Ljava/lang/String;)Z
D/dalvikvm( 7127): VFY: replacing opcode 0x6e at 0x0011
I/dalvikvm( 7127): Could not find method android.app.admin.DevicePolicyManager.getProfileOwner, referenced from method hkb.c
W/dalvikvm( 7127): VFY: unable to resolve virtual method 1964: Landroid/app/admin/DevicePolicyManager;.getProfileOwner ()Landroid/content/ComponentName;
D/dalvikvm( 7127): VFY: replacing opcode 0x6e at 0x0012
I/dalvikvm( 7127): Could not find method android.os.PowerManager.isInteractive, referenced from method com.google.android.gms.update.control.DeviceControl$2.d
W/dalvikvm( 7127): VFY: unable to resolve virtual method 18567: Landroid/os/PowerManager;.isInteractive ()Z
D/dalvikvm( 7127): VFY: replacing opcode 0x6e at 0x0047
I/FileApkMgr( 7127): Deleting stale module: 00000116
D/BoundBrokerSvc( 7127): onBind: Intent { act=com.google.android.gms.checkin.START pkg=com.google.android.gms }
D/BoundBrokerSvc( 7127): Loading bound service for intent: Intent { act=com.google.android.gms.checkin.START pkg=com.google.android.gms }
I/ProviderInstaller( 7165): Installed default security provider GmsCore_OpenSSL
I/Safeboot( 7165): Checking safeboot...
I/Safeboot( 7165): Not entering safeboot; wrong process.
I/Auth    ( 7148): [WorkAccountServiceImpl] init work authenticator
D/BoundBrokerSvc( 7148): onBind: Intent { act=com.google.android.gms.phenotype.service.START cmp=com.google.android.gms/.chimera.PersistentApiService }
D/BoundBrokerSvc( 7148): Loading bound service for intent: Intent { act=com.google.android.gms.phenotype.service.START cmp=com.google.android.gms/.chimera.PersistentApiService }
W/GalProviderController( 7127): Enable GmsCore GAL when Proxy is enabled.
W/PeopleGalProvider( 7127): Not public to outside of GmsCore.
I/PeopleGalProvider( 7127): Method 0 completed.
I/FileApkMgr( 7127): Deleting stale module: 00000117
I/ContactDirectoryManager( 6735): Directory provider com.google.android.gms(com.google.android.gms.people.gal.provider) returned a NULL cursor.
I/FileApkMgr( 7127): Deleting stale module: 00000120
I/dalvikvm( 7148): Could not find method android.hardware.SensorManager.getDefaultSensor, referenced from method upr.a
W/dalvikvm( 7148): VFY: unable to resolve virtual method 14886: Landroid/hardware/SensorManager;.getDefaultSensor (IZ)Landroid/hardware/Sensor;
D/dalvikvm( 7148): VFY: replacing opcode 0x6e at 0x00b7
I/Fitness ( 7148): FitCleanupIntentOperation received Intent android.intent.action.PACKAGE_REMOVED [CONTEXT service_id=17 ]
I/Watchcat( 7165): Started
W/Auth    ( 7127): [PubsubPeriodicSyncherRuntimeInit] Initializing periodic tasks, IntentAction=com.google.android.chimera.IntentOperation.NEW_MODULE, InitRuntimeState=12
I/Auth    ( 7127): [SupervisedAccountIntentOperation] onHandleIntent(): com.google.android.chimera.IntentOperation.NEW_MODULE
I/dalvikvm( 7127): Could not find method android.app.admin.DevicePolicyManager.getAccountTypesWithManagementDisabled, referenced from method ofa.C
W/dalvikvm( 7127): VFY: unable to resolve virtual method 1959: Landroid/app/admin/DevicePolicyManager;.getAccountTypesWithManagementDisabled ()[Ljava/lang/String;
D/dalvikvm( 7127): VFY: replacing opcode 0x6e at 0x002b
I/dalvikvm( 7127): Could not find method android.os.UserManager.isManagedProfile, referenced from method ofa.y
W/dalvikvm( 7127): VFY: unable to resolve virtual method 3614: Landroid/os/UserManager;.isManagedProfile ()Z
D/dalvikvm( 7127): VFY: replacing opcode 0x6e at 0x0012
I/Icing   ( 7127): Using regular flags by method 2
I/GMS_MM_Logger( 7165): Started.
I/awht    ( 7165): Primes not initialized, returning default (no-op) Primes instance which will ignore all calls. Please call Primes.initialize(...) before using any Primes API.
I/dalvikvm( 7165): Could not find method com.google.android.chimera.ContextThemeWrapper.createAttributionContext, referenced from method nek.createAttributionContext
W/dalvikvm( 7165): VFY: unable to resolve virtual method 18407: Lcom/google/android/chimera/ContextThemeWrapper;.createAttributionContext (Ljava/lang/String;)Landroid/content/Context;
D/dalvikvm( 7165): VFY: replacing opcode 0x6f at 0x0002
I/dalvikvm( 7165): Could not find method android.content.ContextWrapper.createCredentialProtectedStorageContext, referenced from method nek.createCredentialProtectedStorageContext
W/dalvikvm( 7165): VFY: unable to resolve virtual method 3118: Landroid/content/ContextWrapper;.createCredentialProtectedStorageContext ()Landroid/content/Context;
D/dalvikvm( 7165): VFY: replacing opcode 0x6f at 0x0002
I/dalvikvm( 7165): Could not find method android.content.ContextWrapper.createDeviceProtectedStorageContext, referenced from method nek.createDeviceProtectedStorageContext
W/dalvikvm( 7165): VFY: unable to resolve virtual method 3119: Landroid/content/ContextWrapper;.createDeviceProtectedStorageContext ()Landroid/content/Context;
D/dalvikvm( 7165): VFY: replacing opcode 0x6f at 0x0002
I/Finsky  ( 6870): [1] aaer.h(1): PackageMonitorReceiverImpl - Received: android.intent.action.PACKAGE_ADDED, [5RgnIEJQaOQbqneqo2SF47BEgT9fG5svDK6hS_daqhI]
I/Finsky  ( 6870): [1] aafs.g(-1): Invalidating cached PackageState for com.google.android.gms
I/dalvikvm( 7165): Could not find method android.content.Context.bindService, referenced from method vso.bindService
W/dalvikvm( 7165): VFY: unable to resolve virtual method 3057: Landroid/content/Context;.bindService (Landroid/content/Intent;ILjava/util/concurrent/Executor;Landroid/content/ServiceConnection;)Z
D/dalvikvm( 7165): VFY: replacing opcode 0x6e at 0x0018
I/dalvikvm( 7165): Could not find method android.content.Context.bindService, referenced from method vso.bindService
W/dalvikvm( 7165): VFY: unable to resolve virtual method 3057: Landroid/content/Context;.bindService (Landroid/content/Intent;ILjava/util/concurrent/Executor;Landroid/content/ServiceConnection;)Z
D/dalvikvm( 7165): VFY: replacing opcode 0x6e at 0x002c
I/dalvikvm( 7165): Could not find method android.content.Context.startForegroundService, referenced from method vso.startForegroundService
W/dalvikvm( 7165): VFY: unable to resolve virtual method 3111: Landroid/content/Context;.startForegroundService (Landroid/content/Intent;)Landroid/content/ComponentName;
D/dalvikvm( 7165): VFY: replacing opcode 0x6e at 0x001c
I/dalvikvm( 7165): Could not find method android.content.Context.startForegroundService, referenced from method vso.startForegroundService
W/dalvikvm( 7165): VFY: unable to resolve virtual method 3111: Landroid/content/Context;.startForegroundService (Landroid/content/Intent;)Landroid/content/ComponentName;
D/dalvikvm( 7165): VFY: replacing opcode 0x6e at 0x0026
I/dalvikvm( 7165): Could not find method android.os.PowerManager.isPowerSaveMode, referenced from method vsf.a
W/dalvikvm( 7165): VFY: unable to resolve virtual method 3878: Landroid/os/PowerManager;.isPowerSaveMode ()Z
D/dalvikvm( 7165): VFY: replacing opcode 0x6e at 0x0010
I/dalvikvm( 7165): Could not find method android.app.admin.DevicePolicyManager.isProfileOwnerApp, referenced from method hkb.g
W/dalvikvm( 7165): VFY: unable to resolve virtual method 1968: Landroid/app/admin/DevicePolicyManager;.isProfileOwnerApp (Ljava/lang/String;)Z
D/dalvikvm( 7165): VFY: replacing opcode 0x6e at 0x0011
I/dalvikvm( 7165): Could not find method android.app.admin.DevicePolicyManager.getProfileOwner, referenced from method hkb.c
W/dalvikvm( 7165): VFY: unable to resolve virtual method 1964: Landroid/app/admin/DevicePolicyManager;.getProfileOwner ()Landroid/content/ComponentName;
D/dalvikvm( 7165): VFY: replacing opcode 0x6e at 0x0012
I/dalvikvm( 7165): Could not find method android.app.NotificationManager.getCurrentInterruptionFilter, referenced from method nvx.g
W/dalvikvm( 7165): VFY: unable to resolve virtual method 1877: Landroid/app/NotificationManager;.getCurrentInterruptionFilter ()I
D/dalvikvm( 7165): VFY: replacing opcode 0x6e at 0x0002
I/dalvikvm( 7165): Could not find method android.content.ServiceConnection.onNullBinding, referenced from method vsx.onNullBinding
W/dalvikvm( 7165): VFY: unable to resolve interface method 3187: Landroid/content/ServiceConnection;.onNullBinding (Landroid/content/ComponentName;)V
D/dalvikvm( 7165): VFY: replacing opcode 0x72 at 0x000f
I/dalvikvm( 7165): Could not find method android.accounts.AccountManager.removeAccount, referenced from method zlp.s
W/dalvikvm( 7165): VFY: unable to resolve virtual method 13951: Landroid/accounts/AccountManager;.removeAccount (Landroid/accounts/Account;Landroid/app/Activity;Landroid/accounts/AccountManagerCallback;Landroid/os/Handler;)Landroid/accounts/AccountManagerFuture;
D/dalvikvm( 7165): VFY: replacing opcode 0x6e at 0x0009
I/dalvikvm( 7165): Could not find method android.accounts.AccountManager.removeAccountExplicitly, referenced from method zlp.t
W/dalvikvm( 7165): VFY: unable to resolve virtual method 13952: Landroid/accounts/AccountManager;.removeAccountExplicitly (Landroid/accounts/Account;)Z
D/dalvikvm( 7165): VFY: replacing opcode 0x6e at 0x0008
I/Finsky  ( 6870): [345] pso.run(-1): Wrote row to frosting DB: 2933
I/Finsky  ( 6870): [1] appa.a(3): Do not start WearSupportService due to Wear service optimization
I/Finsky  ( 6870): [345] pso.run(-1): Wrote row to frosting DB: 2934
I/Finsky  ( 6870): [349] hlj.a(-1): Asset module broadcast after update successful for package com.google.android.gms. 0 sessions broadcast.
I/Finsky  ( 6870): [348] kef.a(-1): [ContentSync] finished, scheduled=false
I/Finsky  ( 6870): [275] pyi.run(-1): Set autoupdate of com.google.android.gms to 1 (install/update)
I/dalvikvm( 7127): Could not find method android.view.Display.getState, referenced from method aoib.g
W/dalvikvm( 7127): VFY: unable to resolve virtual method 18974: Landroid/view/Display;.getState ()I
D/dalvikvm( 7127): VFY: replacing opcode 0x6e at 0x0013
W/ModuleManager( 7165): Unable to get current module's fulfilled APIs in ModuleManager created with non-module Context
W/RequestQueueProvider( 7165): Cannot detect com.android.volley.GmsAbstractRequestQueue at runtime. GmsModuleApi API version is too low: required=101, current=-1
W/Launcher( 2637): setApplicationContext called twice! old=com.android.launcher3.LauncherApplication@41fae4d0 new=com.android.launcher3.LauncherApplication@41fae4d0
W/dalvikvm( 7165): VFY: unable to find class referenced in signature (Landroid/net/Network;)
W/dalvikvm( 7165): VFY: unable to find class referenced in signature (Landroid/net/Network;)
I/dalvikvm( 7165): Could not find method android.net.Network.openConnection, referenced from method xmk.c
W/dalvikvm( 7165): VFY: unable to resolve virtual method 14990: Landroid/net/Network;.openConnection (Ljava/net/URL;)Ljava/net/URLConnection;
D/dalvikvm( 7165): VFY: replacing opcode 0x6e at 0x008f
I/dalvikvm( 7148): Could not find method android.provider.DeviceConfig.setProperty, referenced from method aiph.a
W/dalvikvm( 7148): VFY: unable to resolve static method 18648: Landroid/provider/DeviceConfig;.setProperty (Ljava/lang/String;Ljava/lang/String;Ljava/lang/String;Z)Z
D/dalvikvm( 7148): VFY: replacing opcode 0x71 at 0x0000
I/dalvikvm( 7148): Could not find method android.provider.DeviceConfig.getProperty, referenced from method aiph.b
W/dalvikvm( 7148): VFY: unable to resolve static method 18647: Landroid/provider/DeviceConfig;.getProperty (Ljava/lang/String;Ljava/lang/String;)Ljava/lang/String;
D/dalvikvm( 7148): VFY: replacing opcode 0x71 at 0x0000
E/GmsRequestQueue( 7165): Tried to stop global GMSCore RequestQueue. This is likely unintended, so ignoring.
I/dalvikvm( 7165): Could not find method android.accounts.AccountManager.getAccountsAndVisibilityForPackage, referenced from method fmx.a
W/dalvikvm( 7165): VFY: unable to resolve virtual method 1396: Landroid/accounts/AccountManager;.getAccountsAndVisibilityForPackage (Ljava/lang/String;Ljava/lang/String;)Ljava/util/Map;
D/dalvikvm( 7165): VFY: replacing opcode 0x6e at 0x0031
I/Icing   ( 7127): IndexChimeraService.getServiceInterface callingPackage=com.google.android.gms componentName=AppsCorpus serviceId=36
W/GalProviderController( 7127): Enable GmsCore GAL when Proxy is enabled.
W/PeopleGalProvider( 7127): Not public to outside of GmsCore.
I/PeopleGalProvider( 7127): Method 0 completed.
I/Icing   ( 7127): IndexChimeraService.getServiceInterface callingPackage=com.google.android.gms componentName=AppsCorpus serviceId=32
I/ContactDirectoryManager( 6735): Directory provider com.google.android.gms(com.google.android.gms.people.gal.provider) returned a NULL cursor.
I/Icing   ( 7127): IndexChimeraService.getServiceInterface callingPackage=com.google.android.gms componentName=null serviceId=36
I/DynamiteModule( 7165): Considering local module com.google.android.gms.googlecertificates:6 and remote module com.google.android.gms.googlecertificates:0
I/DynamiteModule( 7165): Selected local version of com.google.android.gms.googlecertificates
I/Icing   ( 7127): Storage manager: low false usage 4.64MB avail 7.21GB capacity 11.35GB
I/SystemUpdate( 7127): [Execution,InstallationEventIntentOperation] Handling event of type 1.
W/WakefulBroadcastReceiv.( 7165): No active wake lock id #1
I/SystemUpdate( 7127): [Execution,InstallationIntentOperation] Received intent: Intent { act=com.google.android.gms.update.INSTALL_UPDATE cat=[targeted_intent_op_prefix:.update.execution.InstallationIntentOperation] cmp=com.google.android.gms/.chimera.GmsIntentOperationService }.
I/SystemUpdate( 7127): [Execution,ExecutionManager] Action finished-execution executed for 0.00 seconds.
I/NearbySharing( 7127): Runtime state initialization complete. Sharing is disabled for reason FLAG_DISABLED. [CONTEXT service_id=194 ]
W/RequestQueueProvider( 7127): Cannot detect com.android.volley.GmsAbstractRequestQueue at runtime. GmsModuleApi API version is too low: required=101, current=-1
W/dalvikvm( 7127): VFY: unable to find class referenced in signature (Landroid/net/Network;)
W/dalvikvm( 7127): VFY: unable to find class referenced in signature (Landroid/net/Network;)
I/dalvikvm( 7127): Could not find method android.net.Network.openConnection, referenced from method xmk.c
W/dalvikvm( 7127): VFY: unable to resolve virtual method 14990: Landroid/net/Network;.openConnection (Ljava/net/URL;)Ljava/net/URLConnection;
D/dalvikvm( 7127): VFY: replacing opcode 0x6e at 0x008f
E/GmsRequestQueue( 7127): Tried to stop global GMSCore RequestQueue. This is likely unintended, so ignoring.
I/Authzen ( 7127): [AuthZenEventHandler] Handling event: com.google.android.chimera.IntentOperation.NEW_MODULE
E/Authzen ( 7127): [AuthZenEventHandler] unknown action: com.google.android.chimera.IntentOperation.NEW_MODULE
I/NearbyDiscovery( 7148): DiscoveryService created [CONTEXT service_id=49 ]
E/CastSocket( 7127): [TcpProberDeviceController-1] Failed to shutdown the output stream socket: kxt@420dfe00.
E/CastSocket( 7127): java.net.SocketException: Socket is closed
E/CastSocket( 7127): 	at java.net.Socket.checkOpenAndCreate(Socket.java:642)
E/CastSocket( 7127): 	at java.net.Socket.shutdownOutput(Socket.java:628)
E/CastSocket( 7127): 	at kwu.l(:com.google.android.gms@204714003@20.47.14 (000306-349456378):4)
E/CastSocket( 7127): 	at kwz.d(:com.google.android.gms@204714003@20.47.14 (000306-349456378):50)
E/CastSocket( 7127): 	at kwy.run(:com.google.android.gms@204714003@20.47.14 (000306-349456378):2)
E/CastSocket( 7127): 	at java.lang.Thread.run(Thread.java:841)
I/dalvikvm( 7148): Could not find method android.app.NotificationManager.getCurrentInterruptionFilter, referenced from method nvx.g
W/dalvikvm( 7148): VFY: unable to resolve virtual method 1877: Landroid/app/NotificationManager;.getCurrentInterruptionFilter ()I
D/dalvikvm( 7148): VFY: replacing opcode 0x6e at 0x0002
I/dalvikvm( 7148): Could not find method android.os.PowerManager.isInteractive, referenced from method adhm.w
W/dalvikvm( 7148): VFY: unable to resolve virtual method 15347: Landroid/os/PowerManager;.isInteractive ()Z
D/dalvikvm( 7148): VFY: replacing opcode 0x6e at 0x0103
E/TcpProberDeviceController( 7127): [TcpProberDeviceController-1] onSocketConnectionFailed. Error: 2
I/CastSocketMultiplexer( 7127): Stopping multiplexer...
W/Settings( 7148): Setting airplane_mode_on has moved from android.provider.Settings.System to android.provider.Settings.Global, returning read-only value.
D/BoundBrokerSvc( 7127): onBind: Intent { act=com.google.android.mdh.service.START cmp=com.google.android.gms/.chimera.GmsBoundBrokerService }
D/BoundBrokerSvc( 7127): Loading bound service for intent: Intent { act=com.google.android.mdh.service.START cmp=com.google.android.gms/.chimera.GmsBoundBrokerService }
E/dalvikvm( 7148): Could not find class 'android.app.NotificationChannel', referenced from method adlv.c
W/dalvikvm( 7148): VFY: unable to resolve new-instance 4079 (Landroid/app/NotificationChannel;) in Ladlv;
D/dalvikvm( 7148): VFY: replacing opcode 0x22 at 0x009e
D/dalvikvm( 7148): DexOpt: unable to opt direct call 0x371c at 0xa3 in Ladlv;.c
D/dalvikvm( 7148): DexOpt: couldn't find static field Landroid/app/Notification;.AUDIO_ATTRIBUTES_DEFAULT
I/dalvikvm( 7148): DexOpt: unable to optimize static field ref 0x227d at 0xb1 in Ladlv;.c
D/BluetoothManagerService( 2279): Message: 30
D/BluetoothManagerService( 2279): Message: 30
W/dalvikvm( 7148): VFY: unable to find class referenced in signature (Landroid/bluetooth/le/ScanCallback;)
I/dalvikvm( 7148): Could not find method android.content.Context.getSystemService, referenced from method adqi.a
W/dalvikvm( 7148): VFY: unable to resolve virtual method 14390: Landroid/content/Context;.getSystemService (Ljava/lang/Class;)Ljava/lang/Object;
D/dalvikvm( 7148): VFY: replacing opcode 0x6e at 0x0006
D/BoundBrokerSvc( 7127): onBind: Intent { act=com.google.android.mdh.service.listener.START cmp=com.google.android.gms/.chimera.GmsBoundBrokerService }
D/BoundBrokerSvc( 7127): Loading bound service for intent: Intent { act=com.google.android.mdh.service.listener.START cmp=com.google.android.gms/.chimera.GmsBoundBrokerService }
I/dalvikvm( 7148): Could not find method android.content.Context.getDrawable, referenced from method ajg.b
W/dalvikvm( 7148): VFY: unable to resolve virtual method 3076: Landroid/content/Context;.getDrawable (I)Landroid/graphics/drawable/Drawable;
D/dalvikvm( 7148): VFY: replacing opcode 0x6e at 0x0006
I/dalvikvm( 7148): Could not find method android.content.Context.getNoBackupFilesDir, referenced from method ajg.f
W/dalvikvm( 7148): VFY: unable to resolve virtual method 3084: Landroid/content/Context;.getNoBackupFilesDir ()Ljava/io/File;
D/dalvikvm( 7148): VFY: replacing opcode 0x6e at 0x0006
I/dalvikvm( 7148): Could not find method android.app.Activity.finishAfterTransition, referenced from method ajg.i
W/dalvikvm( 7148): VFY: unable to resolve virtual method 2747: Landroid/app/Activity;.finishAfterTransition ()V
D/dalvikvm( 7148): VFY: replacing opcode 0x6e at 0x0006
I/dalvikvm( 7148): Could not find method android.app.Activity.postponeEnterTransition, referenced from method ajg.j
W/dalvikvm( 7148): VFY: unable to resolve virtual method 2796: Landroid/app/Activity;.postponeEnterTransition ()V
D/dalvikvm( 7148): VFY: replacing opcode 0x6e at 0x0006
I/dalvikvm( 7148): Could not find method android.app.Activity.startPostponedEnterTransition, referenced from method ajg.k
W/dalvikvm( 7148): VFY: unable to resolve virtual method 2808: Landroid/app/Activity;.startPostponedEnterTransition ()V
D/dalvikvm( 7148): VFY: replacing opcode 0x6e at 0x0006
I/FsaEntryPointSwitcher( 7127): setting component enabled=1 for com.google.android.gms.people.sync.focus.ContactsSyncAdapterService
I/FsaEntryPointSwitcher( 7127): Setting component enabled succeeds.
I/FsaEntryPointSwitcher( 7127): setting component enabled=2 for com.google.android.syncadapters.contacts.ContactsSyncAdapterService
I/FsaEntryPointSwitcher( 7127): Setting component enabled succeeds.
I/dalvikvm( 7148): Jit: resizing JitTable from 4096 to 8192
D/dalvikvm( 7148): Trying to load lib /data/app-lib/com.google.android.gms-1/libleveldbjni.so 0x41fb0100
D/dalvikvm( 7148): Added shared lib /data/app-lib/com.google.android.gms-1/libleveldbjni.so 0x41fb0100
I/GalProviderController( 7127): setting component enabled=1 for com.google.android.syncadapters.contacts.GalProvider
I/GalProviderController( 7127): Setting component enabled succeeds.
I/PeopleDatabaseHelper( 7127): cleanUpNonGplusAccounts done.
W/GalProviderController( 7127): Enable GmsCore GAL when Proxy is enabled.
W/PeopleGalProvider( 7127): Not public to outside of GmsCore.
I/PeopleGalProvider( 7127): Method 0 completed.
I/ContactDirectoryManager( 6735): Directory provider com.google.android.gms(com.google.android.gms.people.gal.provider) returned a NULL cursor.
D/dalvikvm( 7127): Trying to load lib /data/app-lib/com.google.android.gms-1/libAppDataSearch.so 0x41fc2ca0
D/BluetoothAdapter( 7148): 1112388088: getState() :  mService = null. Returning STATE_OFF
D/dalvikvm( 7127): Added shared lib /data/app-lib/com.google.android.gms-1/libAppDataSearch.so 0x41fc2ca0
I/GalProviderController( 7127): setting component enabled=1 for com.google.android.gms.people.service.galprovider.PeopleGalProvider
I/GalProviderController( 7127): Setting component enabled succeeds.
I/dalvikvm( 7148): Could not find method android.os.PowerManager.isPowerSaveMode, referenced from method azxi.E
W/dalvikvm( 7148): VFY: unable to resolve virtual method 1695: Landroid/os/PowerManager;.isPowerSaveMode ()Z
D/dalvikvm( 7148): VFY: replacing opcode 0x6e at 0x0154
W/GalProviderController( 7127): Enable GmsCore GAL when Proxy is enabled.
W/PeopleGalProvider( 7127): Not public to outside of GmsCore.
I/PeopleGalProvider( 7127): Method 0 completed.
I/ContactDirectoryManager( 6735): Directory provider com.google.android.gms(com.google.android.gms.people.gal.provider) returned a NULL cursor.
I/dalvikvm( 7148): Could not find method android.accounts.AccountManager.getPreviousName, referenced from method baal.g
W/dalvikvm( 7148): VFY: unable to resolve virtual method 384: Landroid/accounts/AccountManager;.getPreviousName (Landroid/accounts/Account;)Ljava/lang/String;
D/dalvikvm( 7148): VFY: replacing opcode 0x6e at 0x0024
W/native  ( 7127): model-utils.cc:15 No CRC32, most likely an old model; skip CRC32 check
I/NearbyDiscovery( 7148): FastPair: HeadsetPieceImage, grant permission files:0 [CONTEXT service_id=49 ]
E/native  ( 7127): model-utils.cc:38 Not a valid Model flatbuffer
E/native  ( 7127): model-provider-from-fb.cc:102 Unable to initialize ModelProviderFromFlatbuffer
I/native  ( 7127): model-api.cc:45 Registered model under key tmp-segmentation-model
I/NearbyDiscovery( 7148): FastPairEventStream: Initialize event stream [CONTEXT service_id=49 ]
D/BluetoothAdapter( 7148): 1112388088: getState() :  mService = null. Returning STATE_OFF
I/DeletedNullContactsClea( 7127): Scheduling the service.
I/BackupAndSyncValidation( 7127): Scheduling the service.
I/native  ( 7127): permission-checker.cc:74 Creating PermissionChecker based on ACL with config_version 1 having 9 permissions defined.
W/native  ( 7127): words-map.cc:30 INVALID_ARGUMENT: Empty URI
W/native  ( 7127): words-map.cc:34 WordsMap was not properly initialized
I/PeopleInitIntentOp( 7127): Not initializing debuggability [CONTEXT service_id=5 ]
D/dalvikvm( 7127): DexOpt: couldn't find static field Landroid/os/Build;.SUPPORTED_ABIS
W/dalvikvm( 7127): VFY: unable to resolve static field 11515 (SUPPORTED_ABIS) in Landroid/os/Build;
D/dalvikvm( 7127): VFY: replacing opcode 0x62 at 0x0006
I/Vision  ( 7127): Supported ABIS: [armeabi-v7a, armeabi]
I/NearbyDiscovery( 7148): Show notifications: 0 total, no changes since last shown, no-op. [CONTEXT service_id=49 ]
I/ainh    ( 7148): Scheduling Phenotype for a PhenotypeSyncImmediately(7, com.google.android.gms.people) one off with window [1, 2] in seconds [CONTEXT service_id=51 ]
I/dalvikvm( 7127): Could not find method android.os.UserManager.getUserProfiles, referenced from method ardk.e
W/dalvikvm( 7127): VFY: unable to resolve virtual method 18624: Landroid/os/UserManager;.getUserProfiles ()Ljava/util/List;
D/dalvikvm( 7127): VFY: replacing opcode 0x6e at 0x007a
I/Wear_Controller( 7127): Wearable module requires a companion app to be installed.
I/Wear_Controller( 7127): onStartup - Wear is not available on this device.
D/BoundBrokerSvc( 7127): onBind: Intent { act=com.google.android.gms.common.BIND_SHARED_PREFS pkg=com.google.android.gms }
D/BoundBrokerSvc( 7127): Loading bound service for intent: Intent { act=com.google.android.gms.common.BIND_SHARED_PREFS pkg=com.google.android.gms }
I/ainh    ( 7148): Scheduling Phenotype for a PhenotypeSyncImmediately(7, com.google.android.gms.people.ui) one off with window [1, 2] in seconds [CONTEXT service_id=51 ]
D/BoundBrokerSvc( 7127): onUnbind: Intent { act=com.google.android.gms.common.BIND_SHARED_PREFS pkg=com.google.android.gms }
D/ActivityThread( 7384): handleBindApplication:com.google.android.gms.ui
D/ActivityThread( 7384): setTargetHeapUtilization:0.75
D/ActivityThread( 7384): setTargetHeapMinFree:2097152
W/dalvikvm( 7384): VFY: unable to resolve static field 2040 (PR_SET_DUMPABLE) in Landroid/system/OsConstants;
D/dalvikvm( 7384): VFY: replacing opcode 0x60 at 0x0017
W/dalvikvm( 7384): VFY: unable to find class referenced in signature (Lzss;)
W/dalvikvm( 7384): VFY: unable to find class referenced in signature (Lztj;)
D/BoundBrokerSvc( 7127): onBind: Intent { act=com.google.android.gms.common.BIND_SHARED_PREFS pkg=com.google.android.gms }
D/BoundBrokerSvc( 7127): Loading bound service for intent: Intent { act=com.google.android.gms.common.BIND_SHARED_PREFS pkg=com.google.android.gms }
D/BoundBrokerSvc( 7127): onUnbind: Intent { act=com.google.android.gms.common.BIND_SHARED_PREFS pkg=com.google.android.gms }
E/dalvikvm( 7127): Could not find class 'android.app.usage.UsageStatsManager', referenced from method wdm.n
W/dalvikvm( 7127): VFY: unable to resolve const-class 4095 (Landroid/app/usage/UsageStatsManager;) in Lwdm;
D/dalvikvm( 7127): VFY: replacing opcode 0x1c at 0x0007
I/NearbyDiscovery( 7148): FastPairHandler: unregistering intent receivers [CONTEXT service_id=49 ]
I/NearbyDiscovery( 7148): DiscoveryService destroyed [CONTEXT service_id=49 ]
I/dalvikvm( 7384): Could not find method android.system.Os.readlink, referenced from method njr.a
W/dalvikvm( 7384): VFY: unable to resolve static method 4574: Landroid/system/Os;.readlink (Ljava/lang/String;)Ljava/lang/String;
D/dalvikvm( 7384): VFY: replacing opcode 0x71 at 0x00ac
I/dalvikvm( 7384): Could not find method android.os.PowerManager.isInteractive, referenced from method nuj.a
W/dalvikvm( 7384): VFY: unable to resolve virtual method 3877: Landroid/os/PowerManager;.isInteractive ()Z
D/dalvikvm( 7384): VFY: replacing opcode 0x6e at 0x0013
I/CastSocketMultiplexer( 7127): Stopping multiplexer...
I/MultiDex( 7384): VM with version 1.6.0 does not have multidex support
I/MultiDex( 7384): Installing application
I/MultiDex( 7384): MultiDexExtractor(204714003, /data/app/com.google.android.gms-1.apk, /data/data/com.google.android.gms/code_cache/secondary-dexes)
I/MultiDex( 7384): Blocking on lock /data/data/com.google.android.gms/code_cache/secondary-dexes/MultiDex.lock
I/MultiDex( 7384): /data/data/com.google.android.gms/code_cache/secondary-dexes/MultiDex.lock locked
I/MultiDex( 7384): MultiDexExtractor.load(204714003, /data/app/com.google.android.gms-1.apk, false, )
I/MultiDex( 7384): loading existing secondary dex files
I/MultiDex( 7384): load found 5 secondary dex files
I/MultiDex( 7384): install done
E/dalvikvm( 7384): Could not find class 'com.google.common.flogger.backend.google.GooglePlatform', referenced from method bgui.a
W/dalvikvm( 7384): VFY: unable to resolve const-class 5129 (Lcom/google/common/flogger/backend/google/GooglePlatform;) in Lbgui;
D/dalvikvm( 7384): VFY: replacing opcode 0x1c at 0x001b
I/dalvikvm( 7384): Could not find method android.os.UserHandle.isOwner, referenced from method ofl.Y
W/dalvikvm( 7384): VFY: unable to resolve virtual method 3923: Landroid/os/UserHandle;.isOwner ()Z
D/dalvikvm( 7384): VFY: replacing opcode 0x6e at 0x000a
I/GmsApplication( 7384): Staging modules and/or updating config
I/dalvikvm( 7384): Could not find method com.google.android.chimera.ModuleContext.getAttributionTag, referenced from method com.google.android.chimera.ModuleContext.createAttributionContext
W/dalvikvm( 7384): VFY: unable to resolve virtual method 18795: Lcom/google/android/chimera/ModuleContext;.getAttributionTag ()Ljava/lang/String;
D/dalvikvm( 7384): VFY: replacing opcode 0x6e at 0x0004
I/dalvikvm( 7384): Could not find method com.google.android.chimera.ContextThemeWrapper.createAttributionContext, referenced from method com.google.android.chimera.ModuleContext.createAttributionContext
W/dalvikvm( 7384): VFY: unable to resolve virtual method 18407: Lcom/google/android/chimera/ContextThemeWrapper;.createAttributionContext (Ljava/lang/String;)Landroid/content/Context;
D/dalvikvm( 7384): VFY: replacing opcode 0x6f at 0x0031
I/dalvikvm( 7384): Could not find method android.content.ContextWrapper.createCredentialProtectedStorageContext, referenced from method com.google.android.chimera.ModuleContext.createCredentialProtectedStorageContext
W/dalvikvm( 7384): VFY: unable to resolve virtual method 3118: Landroid/content/ContextWrapper;.createCredentialProtectedStorageContext ()Landroid/content/Context;
D/dalvikvm( 7384): VFY: replacing opcode 0x6f at 0x0002
I/dalvikvm( 7384): Could not find method android.content.ContextWrapper.createDeviceProtectedStorageContext, referenced from method com.google.android.chimera.ModuleContext.createDeviceProtectedStorageContext
W/dalvikvm( 7384): VFY: unable to resolve virtual method 3119: Landroid/content/ContextWrapper;.createDeviceProtectedStorageContext ()Landroid/content/Context;
D/dalvikvm( 7384): VFY: replacing opcode 0x6f at 0x0002
I/dalvikvm( 7384): Could not find method com.google.android.chimera.ContextThemeWrapper.sendBroadcastWithMultiplePermissions, referenced from method com.google.android.chimera.ModuleContext.sendBroadcastWithMultiplePermissions
W/dalvikvm( 7384): VFY: unable to resolve virtual method 18418: Lcom/google/android/chimera/ContextThemeWrapper;.sendBroadcastWithMultiplePermissions (Landroid/content/Intent;[Ljava/lang/String;)V
D/dalvikvm( 7384): VFY: replacing opcode 0x6f at 0x0009
I/dalvikvm( 7384): Could not find method android.system.Os.stat, referenced from method bzh.c
W/dalvikvm( 7384): VFY: unable to resolve static method 4575: Landroid/system/Os;.stat (Ljava/lang/String;)Landroid/system/StructStat;
D/dalvikvm( 7384): VFY: replacing opcode 0x71 at 0x0005
W/dalvikvm( 7384): VFY: unable to resolve static field 2047 (S_IXUSR) in Landroid/system/OsConstants;
D/dalvikvm( 7384): VFY: replacing opcode 0x60 at 0x0007
W/dalvikvm( 7384): VFY: unable to resolve static field 2044 (S_IRUSR) in Landroid/system/OsConstants;
D/dalvikvm( 7384): VFY: replacing opcode 0x60 at 0x0007
I/dalvikvm( 7384): DexOpt: unable to optimize instance field ref 0x0800 at 0x09 in Lbzh;.c
I/dalvikvm( 7384): DexOpt: unable to optimize static field ref 0x07fd at 0x09 in Lbzh;.d
I/dalvikvm( 7384): DexOpt: unable to optimize static field ref 0x07fe at 0x0c in Lbzh;.d
I/dalvikvm( 7384): DexOpt: unable to optimize static field ref 0x07fa at 0x09 in Lbzh;.e
I/dalvikvm( 7384): DexOpt: unable to optimize static field ref 0x07fb at 0x0c in Lbzh;.e
D/dalvikvm( 7384): DexOpt: couldn't find static field Landroid/os/Build;.SUPPORTED_64_BIT_ABIS
W/dalvikvm( 7384): VFY: unable to resolve static field 1740 (SUPPORTED_64_BIT_ABIS) in Landroid/os/Build;
D/dalvikvm( 7384): VFY: replacing opcode 0x62 at 0x0200
D/dalvikvm( 7384): DexOpt: couldn't find static field Landroid/os/Build;.SUPPORTED_32_BIT_ABIS
I/dalvikvm( 7384): DexOpt: unable to optimize static field ref 0x06cb at 0x205 in Lcck;.c
I/GmsApplication( 7384): Staging modules and/or updating config already complete
I/dalvikvm( 7384): Could not find method android.content.ContentProvider.query, referenced from method byh.superQuery
W/dalvikvm( 7384): VFY: unable to resolve virtual method 3029: Landroid/content/ContentProvider;.query (Landroid/net/Uri;[Ljava/lang/String;Landroid/os/Bundle;Landroid/os/CancellationSignal;)Landroid/database/Cursor;
D/dalvikvm( 7384): VFY: replacing opcode 0x6f at 0x0000
D/dalvikvm( 7384): DexOpt: couldn't find field Landroid/content/pm/ApplicationInfo;.splitSourceDirs
W/dalvikvm( 7384): VFY: unable to resolve instance field 1637
D/dalvikvm( 7384): VFY: replacing opcode 0x54 at 0x004e
D/dalvikvm( 7384): DexOpt: couldn't find static field Landroid/os/Build;.SUPPORTED_ABIS
W/dalvikvm( 7384): VFY: unable to resolve static field 1741 (SUPPORTED_ABIS) in Landroid/os/Build;
D/dalvikvm( 7384): VFY: replacing opcode 0x62 at 0x00ac
D/dalvikvm( 7384): DexOpt: couldn't find field Landroid/content/pm/ApplicationInfo;.splitSourceDirs
I/dalvikvm( 7384): DexOpt: unable to optimize instance field ref 0x0665 at 0x52 in Loib;.d
I/dalvikvm( 7384): Could not find method android.system.Os.stat, referenced from method ohb.d
W/dalvikvm( 7384): VFY: unable to resolve static method 4575: Landroid/system/Os;.stat (Ljava/lang/String;)Landroid/system/StructStat;
D/dalvikvm( 7384): VFY: replacing opcode 0x71 at 0x0182
I/dalvikvm( 7384): DexOpt: unable to optimize instance field ref 0x0801 at 0x186 in Lohb;.d
I/dalvikvm( 7384): DexOpt: unable to optimize instance field ref 0x0800 at 0x196 in Lohb;.d
I/dalvikvm( 7384): DexOpt: unable to optimize static field ref 0x07fd at 0x198 in Lohb;.d
I/dalvikvm( 7384): DexOpt: unable to optimize static field ref 0x07fe at 0x19e in Lohb;.d
I/dalvikvm( 7384): DexOpt: unable to optimize static field ref 0x07ff at 0x1a4 in Lohb;.d
I/dalvikvm( 7384): Could not find method android.content.pm.PackageManager.getPackageInstaller, referenced from method muu.t
W/dalvikvm( 7384): VFY: unable to resolve virtual method 3230: Landroid/content/pm/PackageManager;.getPackageInstaller ()Landroid/content/pm/PackageInstaller;
D/dalvikvm( 7384): VFY: replacing opcode 0x6e at 0x001c
W/ProviderHelper( 7384): Unknown dynamite feature providerinstaller.dynamite
I/DynamiteModule( 7384): Considering local module com.google.android.gms.providerinstaller.dynamite:1 and remote module com.google.android.gms.providerinstaller.dynamite:0
I/DynamiteModule( 7384): Selected local version of com.google.android.gms.providerinstaller.dynamite
I/dalvikvm( 7384): Could not find method android.content.ContextWrapper.createCredentialProtectedStorageContext, referenced from method ajsr.createCredentialProtectedStorageContext
W/dalvikvm( 7384): VFY: unable to resolve virtual method 3118: Landroid/content/ContextWrapper;.createCredentialProtectedStorageContext ()Landroid/content/Context;
D/dalvikvm( 7384): VFY: replacing opcode 0x6f at 0x0002
